Archive member included because of file (symbol)

C:\CSR_uEnergy_SDK-2.4.5.13\tools\lib\CSR101x_A05\libgatt_lib_ram.a(patch_ls_app_if.o)
                              depend_Release_CSR101x_A05\serial_server.o (LsRadioEventNotification)
C:\CSR_uEnergy_SDK-2.4.5.13\tools\lib\CSR101x_A05\libgatt_lib_ram.a(patch_ls_advertising_if.o)
                              C:\CSR_uEnergy_SDK-2.4.5.13\tools\lib\CSR101x_A05\libgatt_lib_ram.a(patch_ls_app_if.o) (___libgatt_lib_db_4563)
C:\CSR_uEnergy_SDK-2.4.5.13\tools\lib\CSR101x_A05\libgatt_lib_ram.a(gatt_ram.o)
                              depend_Release_CSR101x_A05\serial_server.o (GattInit)
C:\CSR_uEnergy_SDK-2.4.5.13\tools\lib\CSR101x_A05\libgatt_lib_ram.a(patch_gatt.o)
                              depend_Release_CSR101x_A05\serial_gatt.o (GattCancelConnectReq)
C:\CSR_uEnergy_SDK-2.4.5.13\tools\lib\CSR101x_A05\libgatt_lib_ram.a(sm_pair_auth.o)
                              depend_Release_CSR101x_A05\serial_server.o (SMPairingAuthRsp)
C:\CSR_uEnergy_SDK-2.4.5.13\tools\lib\CSR101x_A05\libgatt_lib_ram.a(sm_ram.o)
                              C:\CSR_uEnergy_SDK-2.4.5.13\tools\lib\CSR101x_A05\libgatt_lib_ram.a(gatt_ram.o) (___libgatt_lib_db_476)
C:\CSR_uEnergy_SDK-2.4.5.13\tools\lib\CSR101x_A05\libgatt_lib_ram.a(sm_div.o)
                              depend_Release_CSR101x_A05\serial_server.o (SMDivApproval)
C:\CSR_uEnergy_SDK-2.4.5.13\tools\lib\CSR101x_A05\libgatt_lib_ram.a(patch_sm.o)
                              C:\CSR_uEnergy_SDK-2.4.5.13\tools\lib\CSR101x_A05\libgatt_lib_ram.a(sm_ram.o) (sm_pairing_auth_ind)
C:\CSR_uEnergy_SDK-2.4.5.13\tools\lib\CSR101x_A05\libgatt_lib_ram.a(patch_sm_host_interface.o)
                              depend_Release_CSR101x_A05\serial_server.o (SMRequestSecurityLevel)
C:\CSR_uEnergy_SDK-2.4.5.13\tools\lib\CSR101x_A05\libgatt_lib_ram.a(patch_george.o)
                              C:\CSR_uEnergy_SDK-2.4.5.13\tools\lib\CSR101x_A05\libgatt_lib_ram.a(patch_ls_app_if.o) (___libgatt_lib_db_4606)
C:\CSR_uEnergy_SDK-2.4.5.13\tools\lib\CSR101x_A05\libgatt_lib_ram.a(patch_george_ll.o)
                              C:\CSR_uEnergy_SDK-2.4.5.13\tools\lib\CSR101x_A05\libgatt_lib_ram.a(patch_george.o) (___libgatt_lib_db_4619)
C:\CSR_uEnergy_SDK-2.4.5.13\tools\lib\CSR101x_A05\libgatt_lib_ram.a(patch_dbase.o)
                              C:\CSR_uEnergy_SDK-2.4.5.13\tools\lib\CSR101x_A05\libgatt_lib_ram.a(patch_george.o) (___libgatt_lib_db_4636)
C:\CSR_uEnergy_SDK-2.4.5.13\tools\lib\CSR101x_A05\libgatt_lib_ram.a(hal_debugbus_state.o)
                              C:\CSR_uEnergy_SDK-2.4.5.13\tools\lib\CSR101x_A05\libgatt_lib_ram.a(patch_george.o) (___libgatt_lib_db_4645)
C:\CSR_uEnergy_SDK-2.4.5.13\tools\lib\CSR101x_A05\libgatt_lib_ram.a(patch_timer.o)
                              C:\CSR_uEnergy_SDK-2.4.5.13\tools\lib\CSR101x_A05\libgatt_lib_ram.a(patch_ls_app_if.o) (___libgatt_lib_db_4661)
C:\CSR_uEnergy_SDK-2.4.5.13\tools\lib\CSR101x_A05\libgatt_lib_ram.a(main_ram.o)
                              (main_ram_app_init)
C:\CSR_uEnergy_SDK-2.4.5.13\tools\lib\CSR101x_A05\libgatt_lib_ram.a(hw_patch_install.o)
                              C:\CSR_uEnergy_SDK-2.4.5.13\tools\lib\CSR101x_A05\libgatt_lib_ram.a(main_ram.o) (___libgatt_lib_db_4364)
C:\CSR_uEnergy_SDK-2.4.5.13\tools\lib\CSR101x_A05\libgatt_lib_ram.a(patch_baldrick.o)
                              (hw_patch)
C:\CSR_uEnergy_SDK-2.4.5.13\tools\lib\CSR101x_A05\libgatt_lib_ram.a(pio_ctrlr.o)
                              depend_Release_CSR101x_A05\vf_pwm.o (PioCtrlrStart)
C:\CSR_uEnergy_SDK-2.4.5.13\tools\lib\CSR101x_A05\libgatt_lib_ram.a(patch_i2c.o)
                              depend_Release_CSR101x_A05\i2c_comms.o (I2cReset)
C:\CSR_uEnergy_SDK-2.4.5.13\tools\lib\CSR101x_A05\libgatt_lib_ram.a(patch_i2c_app_mem_mgr.o)
                              depend_Release_CSR101x_A05\serial_server.o (NvmConfigureI2cEeprom)
C:\CSR_uEnergy_SDK-2.4.5.13\tools\lib\CSR101x_A05\libgatt_lib_ram.a(patch_robs_aio.o)
                              depend_Release_CSR101x_A05\serial_server.o (AioRead)
C:\CSR_uEnergy_SDK-2.4.5.13\tools\lib\CSR101x_A05\libgatt_lib_ram.a(robs_pio_ram.o)
                              depend_Release_CSR101x_A05\serial_server.o (PioConfigPWM)
C:\CSR_uEnergy_SDK-2.4.5.13\tools\lib\CSR101x_A05\libgatt_lib_ram.a(id_ram.o)
                              C:\CSR_uEnergy_SDK-2.4.5.13\tools\lib\CSR101x_A05\libgatt_lib_ram.a(patch_george_ll.o) (IdGetLlVerBtle)
C:\CSR_uEnergy_SDK-2.4.5.13\tools\lib\CSR101x_A05\libgatt_lib_ram.a(patch_adc.o)
                              C:\CSR_uEnergy_SDK-2.4.5.13\tools\lib\CSR101x_A05\libgatt_lib_ram.a(patch_robs_aio.o) (___libgatt_lib_db_4693)
C:\CSR_uEnergy_SDK-2.4.5.13\tools\lib\CSR101x_A05\libgatt_lib_ram.a(slut.o)
                              (slut)
C:\CSR_uEnergy_SDK-2.4.5.13\tools\lib\CSR101x_A05\libgatt_lib_ram.a(sw_patch_ram.o)
                              (patch_bitmap)
C:\CSR_uEnergy_SDK-2.4.5.13\tools\lib\CSR101x_A05\libgatt_lib_ram.a(CONFIG_STORE.o)
[...]
Memory Configuration

Name             Origin             Length             Attributes
*default*        0x00000000         0xffffffff

Linker script and memory map

LOAD depend_Release_CSR101x_A05\app_gatt_db.o
LOAD depend_Release_CSR101x_A05\uart_interface.o
LOAD depend_Release_CSR101x_A05\battery_service.o
LOAD depend_Release_CSR101x_A05\nvm_access.o
LOAD depend_Release_CSR101x_A05\dev_info_service.o
LOAD depend_Release_CSR101x_A05\hw_access.o
LOAD depend_Release_CSR101x_A05\serial_server.o
LOAD depend_Release_CSR101x_A05\serial_gatt.o
LOAD depend_Release_CSR101x_A05\serial_service.o
LOAD depend_Release_CSR101x_A05\byte_queue.o
LOAD depend_Release_CSR101x_A05\csr_ota_service.o
LOAD depend_Release_CSR101x_A05\gatt_service.o
LOAD depend_Release_CSR101x_A05\vf_pwm.o
LOAD depend_Release_CSR101x_A05\i2c_comms.o
LOAD depend_Release_CSR101x_A05\pio_ctrlr_code.o
LOAD C:\CSR_uEnergy_SDK-2.4.5.13\tools\lib\CSR101x_A05\libgatt_lib_ram.a
LOAD C:\CSR_uEnergy_SDK-2.4.5.13\tools\lib\otau\libotau.a
LOAD C:\CSR_uEnergy_SDK-2.4.5.13\tools\lib\CSR101x_A05\rom_img.elf
                0x00000000                PROG_RAM_START = 0x0
                0x00008000                PROG_RAM_SIZE = 0x8000
                0x00008000                PROG_ROM_START = 0x8000
                0x00008000                PROG_ROM_SIZE = 0x8000
                0x00002000                DATA_RAM_START = 0x2000
                0x00008000                DATA_RAM_SIZE = 0x8000
                0x000001b0                RADIOBUFS_SIZE = 0x1b0
                0x00000020                WHITELIST_SIZE = 0x20
                0x00000164                RADIODATA_SIZE = 0x164
                0x00000200                USTACK_SIZE = 0x200
                0x00000100                ISTACK_SIZE = 0x100
                0x00009f84                DATA_CSTORE_START = 0x9f84
                0x00000058                CSTORE_SIZE = 0x58
                0x00000004                SLT_SIZE = 0x4
                0x00000020                PRESERVE_SIZE = 0x20
                0x0000a000                DATA_RAM_END = 0xa000
                0x0000a000                DATA_ROM_START = 0xa000
                0x00004000                DATA_ROM_SIZE = 0x4000
                0x0000ef80                DATA_PERSIST_START = 0xef80
                0x00000080                DATA_PERSIST_SIZE = 0x80
                0x00009360                DATA_ROMDATA_START = 0x9360
                0x00000000                PROG_APPCODE_START = 0x0
                0x00006c00                PROG_APPCODE_END = 0x6c00
                0x00008c40                DATA_APPDATA_START = 0x8c40
                0x00008f00                DATA_APPDATA_END = 0x8f00
                0x80000000                $CODE$ = 0x80000000
                0x00000000                $DATA$ = 0x0
                0x0000ffe0                PROVIDE ($XAP_AH, 0xffe0)
                0x0000ffe1                PROVIDE ($XAP_AL, 0xffe1)
                0x0000ffe2                PROVIDE ($XAP_UXH, 0xffe2)
                0x0000ffe3                PROVIDE ($XAP_UXL, 0xffe3)
                0x0000ffe4                PROVIDE ($XAP_UY, 0xffe4)
                0x0000ffe5                PROVIDE ($XAP_IXH, 0xffe5)
                0x0000ffe6                PROVIDE ($XAP_IXL, 0xffe6)
                0x0000ffe7                PROVIDE ($XAP_IY, 0xffe7)
                0x00000008                . = 0x8

.app_ram_init   0x00000008        0x1
 *(RAM_APP_INIT)
 RAM_APP_INIT   0x00000008        0x1 C:\CSR_uEnergy_SDK-2.4.5.13\tools\lib\CSR101x_A05\libgatt_lib_ram.a(main_ram.o)
                0x00000008                main_ram_app_init

.fw_patch_bitmap
                0x00000009        0x6
 *(FW_PATCH_BITMAP)
 FW_PATCH_BITMAP
                0x00000009        0x6 C:\CSR_uEnergy_SDK-2.4.5.13\tools\lib\CSR101x_A05\libgatt_lib_ram.a(sw_patch_ram.o)
                0x00000009                patch_bitmap

.fw_patch_table
                0x0000000f        0x1
 *(FW_PATCH_TABLE)
 FW_PATCH_TABLE
                0x0000000f        0x1 C:\CSR_uEnergy_SDK-2.4.5.13\tools\lib\CSR101x_A05\libgatt_lib_ram.a(sw_patch_ram.o)
                0x0000000f                patch_table
                0x00000010                PROG_APPCODE_START = .

.text           0x00000010     0x2971 load address 0x80000010
 *xap2crt0.o(.text)
 *xap2crt0.o(.text.*)
                0x00000010                PROG_PATCH_ADDRESS = .
 *(.hw_patch)
 .hw_patch      0x00000010      0x158 C:\CSR_uEnergy_SDK-2.4.5.13\tools\lib\CSR101x_A05\libgatt_lib_ram.a(patch_baldrick.o)
                0x00000010                hw_patch
 *(.text)
 .text          0x00000168       0x3e C:\CSR_uEnergy_SDK-2.4.5.13\tools\lib\CSR101x_A05\libgatt_lib_ram.a(sm_pair_auth.o)
                0x00000168                SMPairingAuthRsp
                0x00000182                ___libgatt_lib_db_4578
 .text          0x000001a6       0x3e C:\CSR_uEnergy_SDK-2.4.5.13\tools\lib\CSR101x_A05\libgatt_lib_ram.a(sm_ram.o)
                0x000001d6                SMDistributeMasterLtk
                0x000001a6                ___libgatt_lib_db_476
                0x000001b8                SMFeaturesReq
 .text          0x000001e4       0x26 C:\CSR_uEnergy_SDK-2.4.5.13\tools\lib\CSR101x_A05\libgatt_lib_ram.a(sm_div.o)
                0x000001f8                ___libgatt_lib_db_487
                0x000001e4                SMDivApproval
 .text          0x0000020a      0x1cf C:\CSR_uEnergy_SDK-2.4.5.13\tools\lib\CSR101x_A05\libgatt_lib_ram.a(patch_sm.o)
                0x0000023f                ___libgatt_lib_db_4587
                0x0000029a                ___libgatt_lib_db_4585
                0x0000020a                ___libgatt_lib_db_4584
                0x000002a4                ___libgatt_lib_db_4589
                0x00000329                ___libgatt_lib_db_4586
                0x000002b3                ___libgatt_lib_db_4583
                0x00000378                ___libgatt_lib_db_4588
                0x000002d5                ___libgatt_lib_db_4598
 .text          0x000003d9        0x8 C:\CSR_uEnergy_SDK-2.4.5.13\tools\lib\CSR101x_A05\libgatt_lib_ram.a(patch_sm_host_interface.o)
                0x000003d9                SMRequestSecurityLevel
 .text          0x000003e1        0xf C:\CSR_uEnergy_SDK-2.4.5.13\tools\lib\CSR101x_A05\libgatt_lib_ram.a(patch_sm_l2cap.o)
                0x000003e1                ___libgatt_lib_db_4600
 *(.text.*)
 .text.GattGetDatabase
                0x000003f0        0x8 depend_Release_CSR101x_A05\app_gatt_db.o
                0x000003f0                GattGetDatabase
 .text.SetLastNotificationStatus
                0x000003f8        0x3 depend_Release_CSR101x_A05\uart_interface.o
                0x000003f8                SetLastNotificationStatus
 .text.ProcessRxData
                0x000003fb       0x50 depend_Release_CSR101x_A05\uart_interface.o
                0x000003fb                ProcessRxData
 .text.SendPartialBuffer
                0x0000044b       0x26 depend_Release_CSR101x_A05\uart_interface.o
 .text.BatteryInitChipReset
                0x00000471        0x4 depend_Release_CSR101x_A05\battery_service.o
                0x00000471                BatteryInitChipReset
 .text.BatteryCheckHandleRange
                0x00000475        0x6 depend_Release_CSR101x_A05\battery_service.o
                0x00000475                BatteryCheckHandleRange
 .text.BatteryDataInit
                0x0000047b        0x8 depend_Release_CSR101x_A05\battery_service.o
                0x0000047b                BatteryDataInit
 .text.BatteryBondingNotify
                0x00000483        0xe depend_Release_CSR101x_A05\battery_service.o
                0x00000483                BatteryBondingNotify
 .text.BatteryReadDataFromNVM
                0x00000491       0x17 depend_Release_CSR101x_A05\battery_service.o
                0x00000491                BatteryReadDataFromNVM
 .text.readBatteryLevel
                0x000004a8       0x28 depend_Release_CSR101x_A05\battery_service.o
 .text.BatteryUpdateLevel
                0x000004d0       0x1d depend_Release_CSR101x_A05\battery_service.o
                0x000004d0                BatteryUpdateLevel
 .text.BatteryHandleAccessWrite
                0x000004ed       0x3e depend_Release_CSR101x_A05\battery_service.o
                0x000004ed                BatteryHandleAccessWrite
 .text.BatteryHandleAccessRead
                0x0000052b       0x34 depend_Release_CSR101x_A05\battery_service.o
                0x0000052b                BatteryHandleAccessRead
 .text.Nvm_Disable
                0x0000055f        0x9 depend_Release_CSR101x_A05\nvm_access.o
                0x0000055f                Nvm_Disable
 .text.Nvm_Write
                0x00000568        0xe depend_Release_CSR101x_A05\nvm_access.o
                0x00000568                Nvm_Write
 .text.Nvm_Read
                0x00000576        0xe depend_Release_CSR101x_A05\nvm_access.o
                0x00000576                Nvm_Read
 .text.DeviceInfoCheckHandleRange
                0x00000584        0x7 depend_Release_CSR101x_A05\dev_info_service.o
                0x00000584                DeviceInfoCheckHandleRange
 .text.DeviceInfoHandleAccessRead
                0x0000058b       0x4c depend_Release_CSR101x_A05\dev_info_service.o
                0x0000058b                DeviceInfoHandleAccessRead
 .text.handleShortButtonPress
                0x000005d7        0x7 depend_Release_CSR101x_A05\hw_access.o
 .text.HwDataInit
                0x000005de        0xb depend_Release_CSR101x_A05\hw_access.o
                0x000005de                HwDataInit
 .text.HandlePIOChangedEvent
                0x000005e9       0x53 depend_Release_CSR101x_A05\hw_access.o
                0x000005e9                HandlePIOChangedEvent
 .text.handleExtraLongButtonPress
                0x0000063c        0x9 depend_Release_CSR101x_A05\hw_access.o
 .text.InitHardware
                0x00000645       0x6d depend_Release_CSR101x_A05\hw_access.o
                0x00000645                InitHardware
 .text.AppGetState
                0x000006b2        0x3 depend_Release_CSR101x_A05\serial_server.o
                0x000006b2                AppGetState
 .text.IsDeviceBonded
                0x000006b5        0x3 depend_Release_CSR101x_A05\serial_server.o
                0x000006b5                IsDeviceBonded
 .text.GetConnectionID
                0x000006b8        0x3 depend_Release_CSR101x_A05\serial_server.o
                0x000006b8                GetConnectionID
 .text.AppPowerOnReset
                0x000006bb        0x1 depend_Release_CSR101x_A05\serial_server.o
                0x000006bb                AppPowerOnReset
 .text.HandleLongButtonPress
                0x000006bc       0x1d depend_Release_CSR101x_A05\serial_server.o
                0x000006bc                HandleLongButtonPress
 .text.resetIdleTimer
                0x000006d9       0x19 depend_Release_CSR101x_A05\serial_server.o
 .text.handleLED
                0x000006f2       0x45 depend_Release_CSR101x_A05\serial_server.o
 .text.StartAdvertTimer
                0x00000737       0x16 depend_Release_CSR101x_A05\serial_server.o
                0x00000737                StartAdvertTimer
 .text.emptySendRecvBuffers
                0x0000074d        0x8 depend_Release_CSR101x_A05\serial_server.o
 .text.appDataInit
                0x00000755       0x3d depend_Release_CSR101x_A05\serial_server.o
 .text.setLastNotificationResult
                0x00000792        0x2 depend_Release_CSR101x_A05\serial_server.o
 .text.AppProcessSystemEvent
                0x00000794       0x13 depend_Release_CSR101x_A05\serial_server.o
                0x00000794                AppProcessSystemEvent
 .text.AppInit  0x000007a7      0x100 depend_Release_CSR101x_A05\serial_server.o
                0x000007a7                AppInit
 .text.Led_handler
                0x000008a7       0x81 depend_Release_CSR101x_A05\serial_server.o
 .text.handler  0x00000928      0x200 depend_Release_CSR101x_A05\serial_server.o
 .text.appAdvertTimerHandler
                0x00000b28        0xa depend_Release_CSR101x_A05\serial_server.o
 .text.HandleExtTrigger
                0x00000b32       0x2c depend_Release_CSR101x_A05\serial_server.o
                0x00000b32                HandleExtTrigger
 .text.white    0x00000b5e        0xf depend_Release_CSR101x_A05\serial_server.o
                0x00000b5e                white
 .text.ReportPanic
                0x00000b6d        0x3 depend_Release_CSR101x_A05\serial_server.o
                0x00000b6d                ReportPanic
 .text.AppSetState
                0x00000b70       0xd5 depend_Release_CSR101x_A05\serial_server.o
                0x00000b70                AppSetState
 .text.appStartAdvert
                0x00000c45        0x8 depend_Release_CSR101x_A05\serial_server.o
 .text.HandleShortButtonPress
                0x00000c4d        0x6 depend_Release_CSR101x_A05\serial_server.o
                0x00000c4d                HandleShortButtonPress
 .text.handleBondingChanceTimerExpiry
                0x00000c53        0xb depend_Release_CSR101x_A05\serial_server.o
 .text.appIdleTimerHandler
                0x00000c5e        0xe depend_Release_CSR101x_A05\serial_server.o
 .text.HandlePairingRemoval
                0x00000c6c       0x2c depend_Release_CSR101x_A05\serial_server.o
                0x00000c6c                HandlePairingRemoval
 .text.handleSignalLmDisconnectComplete
                0x00000c98       0x8b depend_Release_CSR101x_A05\serial_server.o
 .text.AppProcessLmEvent
                0x00000d23      0x401 depend_Release_CSR101x_A05\serial_server.o
                0x00000d23                AppProcessLmEvent
 .text.InitGattData
                0x00001124        0x6 depend_Release_CSR101x_A05\serial_gatt.o
                0x00001124                InitGattData
 .text.GetSupported128BitUUIDServiceList
                0x0000112a       0x26 depend_Release_CSR101x_A05\serial_gatt.o
                0x0000112a                GetSupported128BitUUIDServiceList
 .text.GattIsAddressResolvableRandom
                0x00001150       0x11 depend_Release_CSR101x_A05\serial_gatt.o
                0x00001150                GattIsAddressResolvableRandom
 .text.GattStopAdverts
                0x00001161       0x13 depend_Release_CSR101x_A05\serial_gatt.o
                0x00001161                GattStopAdverts
 .text.gattSetAdvertParams
                0x00001174       0x7c depend_Release_CSR101x_A05\serial_gatt.o
 .text.GattStartAdverts
                0x000011f0       0x28 depend_Release_CSR101x_A05\serial_gatt.o
                0x000011f0                GattStartAdverts
 .text.GattTriggerFastAdverts
                0x00001218        0xb depend_Release_CSR101x_A05\serial_gatt.o
                0x00001218                GattTriggerFastAdverts
 .text.HandleAccessWrite
                0x00001223       0x36 depend_Release_CSR101x_A05\serial_gatt.o
                0x00001223                HandleAccessWrite
 .text.HandleAccessRead
                0x00001259       0x40 depend_Release_CSR101x_A05\serial_gatt.o
                0x00001259                HandleAccessRead
 .text.SerialCheckHandleRange
                0x00001299        0x7 depend_Release_CSR101x_A05\serial_service.o
                0x00001299                SerialCheckHandleRange
 .text.SerialBondingNotify
                0x000012a0        0xe depend_Release_CSR101x_A05\serial_service.o
                0x000012a0                SerialBondingNotify
 .text.SerialSendNotification
                0x000012ae       0x1b depend_Release_CSR101x_A05\serial_service.o
                0x000012ae                SerialSendNotification
 .text.SerialReadDataFromNVM
                0x000012c9       0x17 depend_Release_CSR101x_A05\serial_service.o
                0x000012c9                SerialReadDataFromNVM
 .text.SerialHandleAccessWrite
                0x000012e0       0x34 depend_Release_CSR101x_A05\serial_service.o
                0x000012e0                SerialHandleAccessWrite
 .text.SerialHandleAccessRead
                0x00001314       0x24 depend_Release_CSR101x_A05\serial_service.o
                0x00001314                SerialHandleAccessRead
 .text.BQGetDataSize
                0x00001338        0xd depend_Release_CSR101x_A05\byte_queue.o
                0x00001338                BQGetDataSize
 .text.BQClearBuffer
                0x00001345        0xa depend_Release_CSR101x_A05\byte_queue.o
                0x00001345                BQClearBuffer
 .text.BQCommitLastPeek
                0x0000134f        0x8 depend_Release_CSR101x_A05\byte_queue.o
                0x0000134f                BQCommitLastPeek
 .text.peekBuffer
                0x00001357       0x73 depend_Release_CSR101x_A05\byte_queue.o
 .text.BQPeekBytes
                0x000013ca        0x1 depend_Release_CSR101x_A05\byte_queue.o
                0x000013ca                BQPeekBytes
 .text.BQPopBytes
                0x000013cb        0xa depend_Release_CSR101x_A05\byte_queue.o
                0x000013cb                BQPopBytes
 .text.OtaDataInit
                0x000013d5        0x4 depend_Release_CSR101x_A05\csr_ota_service.o
                0x000013d5                OtaDataInit
 .text.OtaCheckHandleRange
                0x000013d9        0x7 depend_Release_CSR101x_A05\csr_ota_service.o
                0x000013d9                OtaCheckHandleRange
 .text.OtaResetRequired
                0x000013e0        0x3 depend_Release_CSR101x_A05\csr_ota_service.o
                0x000013e0                OtaResetRequired
 .text.OtaHandleAccessWrite
                0x000013e3       0x96 depend_Release_CSR101x_A05\csr_ota_service.o
                0x000013e3                OtaHandleAccessWrite
 .text.OtaHandleAccessRead
                0x00001479       0x43 depend_Release_CSR101x_A05\csr_ota_service.o
                0x00001479                OtaHandleAccessRead
 .text.GattCheckHandleRange
                0x000014bc        0x7 depend_Release_CSR101x_A05\gatt_service.o
                0x000014bc                GattCheckHandleRange
 .text.GattServiceChangedIndActive
                0x000014c3       0x10 depend_Release_CSR101x_A05\gatt_service.o
                0x000014c3                GattServiceChangedIndActive
 .text.GattDataInit
                0x000014d3        0xa depend_Release_CSR101x_A05\gatt_service.o
                0x000014d3                GattDataInit
 .text.GattBondingNotify
                0x000014dd        0xe depend_Release_CSR101x_A05\gatt_service.o
                0x000014dd                GattBondingNotify
 .text.GattOnOtaSwitch
                0x000014eb       0x16 depend_Release_CSR101x_A05\gatt_service.o
                0x000014eb                GattOnOtaSwitch
 .text.GattHandleAccessWrite
                0x00001501       0x34 depend_Release_CSR101x_A05\gatt_service.o
                0x00001501                GattHandleAccessWrite
 .text.GattHandleAccessRead
                0x00001535       0x27 depend_Release_CSR101x_A05\gatt_service.o
                0x00001535                GattHandleAccessRead
 .text.GattOnConnection
                0x0000155c       0x28 depend_Release_CSR101x_A05\gatt_service.o
                0x0000155c                GattOnConnection
 .text.GattReadDataFromNVM
                0x00001584       0x35 depend_Release_CSR101x_A05\gatt_service.o
                0x00001584                GattReadDataFromNVM
 .text.write_buffer
                0x000015b9       0x4c depend_Release_CSR101x_A05\vf_pwm.o
 .text.VFPWMStart
                0x00001605       0xb8 depend_Release_CSR101x_A05\vf_pwm.o
                0x00001605                VFPWMStart
 .text.VFPWMConfig
                0x000016bd       0x35 depend_Release_CSR101x_A05\vf_pwm.o
                0x000016bd                VFPWMConfig
 .text.I2CAcquire
                0x000016f2        0x9 depend_Release_CSR101x_A05\i2c_comms.o
                0x000016f2                I2CAcquire
 .text.I2C_IO_Write
                0x000016fb       0x31 depend_Release_CSR101x_A05\i2c_comms.o
                0x000016fb                I2C_IO_Write
 .text.I2CcommsInit
                0x0000172c       0x38 depend_Release_CSR101x_A05\i2c_comms.o
                0x0000172c                I2CcommsInit
 .text.I2CRelease
                0x00001764        0x5 depend_Release_CSR101x_A05\i2c_comms.o
                0x00001764                I2CRelease
 .text.___libgatt_lib_db_4554
                0x00001769        0x7 C:\CSR_uEnergy_SDK-2.4.5.13\tools\lib\CSR101x_A05\libgatt_lib_ram.a(patch_ls_app_if.o)
                0x00001769                ___libgatt_lib_db_4554
 .text.patch_process_hci_event
                0x00001770       0x2f C:\CSR_uEnergy_SDK-2.4.5.13\tools\lib\CSR101x_A05\libgatt_lib_ram.a(patch_ls_app_if.o)
 .text.LsRadioEventNotification
                0x0000179f        0x9 C:\CSR_uEnergy_SDK-2.4.5.13\tools\lib\CSR101x_A05\libgatt_lib_ram.a(patch_ls_app_if.o)
                0x0000179f                LsRadioEventNotification
 .text.___libgatt_lib_db_4563
                0x000017a8        0xe C:\CSR_uEnergy_SDK-2.4.5.13\tools\lib\CSR101x_A05\libgatt_lib_ram.a(patch_ls_advertising_if.o)
                0x000017a8                ___libgatt_lib_db_4563
 .text.ls_advscan_set_payload_data
                0x000017b6       0x46 C:\CSR_uEnergy_SDK-2.4.5.13\tools\lib\CSR101x_A05\libgatt_lib_ram.a(patch_ls_advertising_if.o)
 .text.___libgatt_lib_db_4564
                0x000017fc        0xb C:\CSR_uEnergy_SDK-2.4.5.13\tools\lib\CSR101x_A05\libgatt_lib_ram.a(patch_ls_advertising_if.o)
                0x000017fc                ___libgatt_lib_db_4564
 .text.LsStoreAdvScanData
                0x00001807        0xe C:\CSR_uEnergy_SDK-2.4.5.13\tools\lib\CSR101x_A05\libgatt_lib_ram.a(patch_ls_advertising_if.o)
                0x00001807                LsStoreAdvScanData
 .text.GattInit
                0x00001815       0x20 C:\CSR_uEnergy_SDK-2.4.5.13\tools\lib\CSR101x_A05\libgatt_lib_ram.a(gatt_ram.o)
                0x00001815                GattInit
 .text.GattCancelConnectReq
                0x00001835        0x7 C:\CSR_uEnergy_SDK-2.4.5.13\tools\lib\CSR101x_A05\libgatt_lib_ram.a(patch_gatt.o)
                0x00001835                GattCancelConnectReq
 .text.ram_le_connection_timeout_A05
                0x0000183c       0x34 C:\CSR_uEnergy_SDK-2.4.5.13\tools\lib\CSR101x_A05\libgatt_lib_ram.a(patch_george.o)
 .text.___libgatt_lib_db_4603
                0x00001870        0x8 C:\CSR_uEnergy_SDK-2.4.5.13\tools\lib\CSR101x_A05\libgatt_lib_ram.a(patch_george.o)
                0x00001870                ___libgatt_lib_db_4603
 .text.___libgatt_lib_db_4609
                0x00001878       0x1b C:\CSR_uEnergy_SDK-2.4.5.13\tools\lib\CSR101x_A05\libgatt_lib_ram.a(patch_george.o)
                0x00001878                ___libgatt_lib_db_4609
 .text.___libgatt_lib_db_4608
                0x00001893       0xde C:\CSR_uEnergy_SDK-2.4.5.13\tools\lib\CSR101x_A05\libgatt_lib_ram.a(patch_george.o)
                0x00001893                ___libgatt_lib_db_4608
 .text.rx_timing_report
                0x00001971       0xb1 C:\CSR_uEnergy_SDK-2.4.5.13\tools\lib\CSR101x_A05\libgatt_lib_ram.a(patch_george.o)
 .text.ram_le_handle_event
                0x00001a22       0xeb C:\CSR_uEnergy_SDK-2.4.5.13\tools\lib\CSR101x_A05\libgatt_lib_ram.a(patch_george.o)
 .text.___libgatt_lib_db_4550
                0x00001b0d       0x1c C:\CSR_uEnergy_SDK-2.4.5.13\tools\lib\CSR101x_A05\libgatt_lib_ram.a(patch_george.o)
                0x00001b0d                ___libgatt_lib_db_4550
 .text.___libgatt_lib_db_4549
                0x00001b29       0x2d C:\CSR_uEnergy_SDK-2.4.5.13\tools\lib\CSR101x_A05\libgatt_lib_ram.a(patch_george.o)
                0x00001b29                ___libgatt_lib_db_4549
 .text.___libgatt_lib_db_4604
                0x00001b56      0x17f C:\CSR_uEnergy_SDK-2.4.5.13\tools\lib\CSR101x_A05\libgatt_lib_ram.a(patch_george.o)
                0x00001b56                ___libgatt_lib_db_4604
 .text.___libgatt_lib_db_4544
                0x00001cd5       0x26 C:\CSR_uEnergy_SDK-2.4.5.13\tools\lib\CSR101x_A05\libgatt_lib_ram.a(patch_george.o)
                0x00001cd5                ___libgatt_lib_db_4544
 .text.___libgatt_lib_db_4610
                0x00001cfb       0xb4 C:\CSR_uEnergy_SDK-2.4.5.13\tools\lib\CSR101x_A05\libgatt_lib_ram.a(patch_george.o)
                0x00001cfb                ___libgatt_lib_db_4610
 .text.___libgatt_lib_db_4620
                0x00001daf        0xc C:\CSR_uEnergy_SDK-2.4.5.13\tools\lib\CSR101x_A05\libgatt_lib_ram.a(patch_george_ll.o)
                0x00001daf                ___libgatt_lib_db_4620
 .text.___libgatt_lib_db_4619
                0x00001dbb       0x11 C:\CSR_uEnergy_SDK-2.4.5.13\tools\lib\CSR101x_A05\libgatt_lib_ram.a(patch_george_ll.o)
                0x00001dbb                ___libgatt_lib_db_4619
 .text.___libgatt_lib_db_4621
                0x00001dcc      0x124 C:\CSR_uEnergy_SDK-2.4.5.13\tools\lib\CSR101x_A05\libgatt_lib_ram.a(patch_george_ll.o)
                0x00001dcc                ___libgatt_lib_db_4621
 .text.___libgatt_lib_db_4636
                0x00001ef0       0x27 C:\CSR_uEnergy_SDK-2.4.5.13\tools\lib\CSR101x_A05\libgatt_lib_ram.a(patch_dbase.o)
                0x00001ef0                ___libgatt_lib_db_4636
 .text.___libgatt_lib_db_4630
                0x00001f17       0x16 C:\CSR_uEnergy_SDK-2.4.5.13\tools\lib\CSR101x_A05\libgatt_lib_ram.a(patch_dbase.o)
                0x00001f17                ___libgatt_lib_db_4630
 .text.dbase_safe_access_check_curr
                0x00001f2d        0x3 C:\CSR_uEnergy_SDK-2.4.5.13\tools\lib\CSR101x_A05\libgatt_lib_ram.a(patch_dbase.o)
 .text.___libgatt_lib_db_4635
                0x00001f30       0x11 C:\CSR_uEnergy_SDK-2.4.5.13\tools\lib\CSR101x_A05\libgatt_lib_ram.a(patch_dbase.o)
                0x00001f30                ___libgatt_lib_db_4635
 .text.___libgatt_lib_db_4633
                0x00001f41       0x11 C:\CSR_uEnergy_SDK-2.4.5.13\tools\lib\CSR101x_A05\libgatt_lib_ram.a(patch_dbase.o)
                0x00001f41                ___libgatt_lib_db_4633
 .text.___libgatt_lib_db_4632
                0x00001f52        0xf C:\CSR_uEnergy_SDK-2.4.5.13\tools\lib\CSR101x_A05\libgatt_lib_ram.a(patch_dbase.o)
                0x00001f52                ___libgatt_lib_db_4632
 .text.___libgatt_lib_db_4631
                0x00001f61        0x7 C:\CSR_uEnergy_SDK-2.4.5.13\tools\lib\CSR101x_A05\libgatt_lib_ram.a(patch_dbase.o)
                0x00001f61                ___libgatt_lib_db_4631
 .text.___libgatt_lib_db_4645
                0x00001f68        0xc C:\CSR_uEnergy_SDK-2.4.5.13\tools\lib\CSR101x_A05\libgatt_lib_ram.a(hal_debugbus_state.o)
                0x00001f68                ___libgatt_lib_db_4645
 .text.___libgatt_lib_db_4644
                0x00001f74        0xc C:\CSR_uEnergy_SDK-2.4.5.13\tools\lib\CSR101x_A05\libgatt_lib_ram.a(hal_debugbus_state.o)
                0x00001f74                ___libgatt_lib_db_4644
 .text.___libgatt_lib_db_4659
                0x00001f80       0x24 C:\CSR_uEnergy_SDK-2.4.5.13\tools\lib\CSR101x_A05\libgatt_lib_ram.a(patch_timer.o)
                0x00001f80                ___libgatt_lib_db_4659
 .text.ram_app_init
                0x00001fa4       0x31 C:\CSR_uEnergy_SDK-2.4.5.13\tools\lib\CSR101x_A05\libgatt_lib_ram.a(main_ram.o)
                0x00001fa4                ram_app_init
 .text.___libgatt_lib_db_4364
                0x00001fd5        0x8 C:\CSR_uEnergy_SDK-2.4.5.13\tools\lib\CSR101x_A05\libgatt_lib_ram.a(hw_patch_install.o)
                0x00001fd5                ___libgatt_lib_db_4364
 .text.PioCtrlrStart
                0x00001fdd        0x4 C:\CSR_uEnergy_SDK-2.4.5.13\tools\lib\CSR101x_A05\libgatt_lib_ram.a(pio_ctrlr.o)
                0x00001fdd                PioCtrlrStart
 .text.PioCtrlrStop
                0x00001fe1        0x4 C:\CSR_uEnergy_SDK-2.4.5.13\tools\lib\CSR101x_A05\libgatt_lib_ram.a(pio_ctrlr.o)
                0x00001fe1                PioCtrlrStop
 .text.PioCtrlrClock
                0x00001fe5        0xc C:\CSR_uEnergy_SDK-2.4.5.13\tools\lib\CSR101x_A05\libgatt_lib_ram.a(pio_ctrlr.o)
                0x00001fe5                PioCtrlrClock
 .text.___libgatt_lib_db_4368
                0x00001ff1       0x43 C:\CSR_uEnergy_SDK-2.4.5.13\tools\lib\CSR101x_A05\libgatt_lib_ram.a(pio_ctrlr.o)
                0x00001ff1                ___libgatt_lib_db_4368
 .text.PioCtrlrInit
                0x00002034       0x25 C:\CSR_uEnergy_SDK-2.4.5.13\tools\lib\CSR101x_A05\libgatt_lib_ram.a(pio_ctrlr.o)
                0x00002034                PioCtrlrInit
 .text.I2cReset
                0x00002059        0x7 C:\CSR_uEnergy_SDK-2.4.5.13\tools\lib\CSR101x_A05\libgatt_lib_ram.a(patch_i2c.o)
                0x00002059                I2cReset
 .text.NvmConfigureI2cEeprom
                0x00002060        0xd C:\CSR_uEnergy_SDK-2.4.5.13\tools\lib\CSR101x_A05\libgatt_lib_ram.a(patch_i2c_app_mem_mgr.o)
                0x00002060                NvmConfigureI2cEeprom
 .text.new_disable_i2c
                0x0000206d        0xb C:\CSR_uEnergy_SDK-2.4.5.13\tools\lib\CSR101x_A05\libgatt_lib_ram.a(patch_i2c_app_mem_mgr.o)
 .text.AioRead  0x00002078       0x30 C:\CSR_uEnergy_SDK-2.4.5.13\tools\lib\CSR101x_A05\libgatt_lib_ram.a(patch_robs_aio.o)
                0x00002078                AioRead
 .text.PioConfigPWM
                0x000020a8       0x2b C:\CSR_uEnergy_SDK-2.4.5.13\tools\lib\CSR101x_A05\libgatt_lib_ram.a(robs_pio_ram.o)
                0x000020a8                PioConfigPWM
 .text.PioSetMode
                0x000020d3        0xb C:\CSR_uEnergy_SDK-2.4.5.13\tools\lib\CSR101x_A05\libgatt_lib_ram.a(robs_pio_ram.o)
                0x000020d3                PioSetMode
 .text.IdGetLlVerBtle
                0x000020de        0x3 C:\CSR_uEnergy_SDK-2.4.5.13\tools\lib\CSR101x_A05\libgatt_lib_ram.a(id_ram.o)
                0x000020de                IdGetLlVerBtle
 .text.___libgatt_lib_db_4693
                0x000020e1       0x27 C:\CSR_uEnergy_SDK-2.4.5.13\tools\lib\CSR101x_A05\libgatt_lib_ram.a(patch_adc.o)
                0x000020e1                ___libgatt_lib_db_4693
 .text.___libgatt_lib_db_4568
                0x00002108       0x11 C:\CSR_uEnergy_SDK-2.4.5.13\tools\lib\CSR101x_A05\libgatt_lib_ram.a(patch_ls_l2cap_if.o)
                0x00002108                ___libgatt_lib_db_4568
 .text.___libgatt_lib_db_4570
                0x00002119        0xc C:\CSR_uEnergy_SDK-2.4.5.13\tools\lib\CSR101x_A05\libgatt_lib_ram.a(patch_l2cap.o)
                0x00002119                ___libgatt_lib_db_4570
 .text.___libgatt_lib_db_4572
                0x00002125        0xe C:\CSR_uEnergy_SDK-2.4.5.13\tools\lib\CSR101x_A05\libgatt_lib_ram.a(patch_att_install.o)
                0x00002125                ___libgatt_lib_db_4572
 .text.patch_att_handle_execute_write_req
                0x00002133       0xfb C:\CSR_uEnergy_SDK-2.4.5.13\tools\lib\CSR101x_A05\libgatt_lib_ram.a(patch_att_install.o)
 .text.patch_att_handle_read_multi_req
                0x0000222e       0xb7 C:\CSR_uEnergy_SDK-2.4.5.13\tools\lib\CSR101x_A05\libgatt_lib_ram.a(patch_att_install.o)
 .text.___libgatt_lib_db_4626
                0x000022e5       0x5a C:\CSR_uEnergy_SDK-2.4.5.13\tools\lib\CSR101x_A05\libgatt_lib_ram.a(patch_george_adv.o)
                0x000022e5                ___libgatt_lib_db_4626
 .text.___libgatt_lib_db_4627
                0x0000233f       0x1b C:\CSR_uEnergy_SDK-2.4.5.13\tools\lib\CSR101x_A05\libgatt_lib_ram.a(patch_george_adv.o)
                0x0000233f                ___libgatt_lib_db_4627
 .text.___libgatt_lib_db_4206
                0x0000235a       0x1d C:\CSR_uEnergy_SDK-2.4.5.13\tools\lib\CSR101x_A05\libgatt_lib_ram.a(patch_halradiotrim.o)
                0x0000235a                ___libgatt_lib_db_4206
 .text.___libgatt_lib_db_4208
                0x00002377       0x11 C:\CSR_uEnergy_SDK-2.4.5.13\tools\lib\CSR101x_A05\libgatt_lib_ram.a(patch_halradiotrim.o)
                0x00002377                ___libgatt_lib_db_4208
 .text.___libgatt_lib_db_4209
                0x00002388       0x4d C:\CSR_uEnergy_SDK-2.4.5.13\tools\lib\CSR101x_A05\libgatt_lib_ram.a(patch_halradiotrim.o)
                0x00002388                ___libgatt_lib_db_4209
 .text.RAM_set_tx_power_parameters
                0x000023d5       0x57 C:\CSR_uEnergy_SDK-2.4.5.13\tools\lib\CSR101x_A05\libgatt_lib_ram.a(patch_halradiotrim.o)
 .text.___libgatt_lib_db_4651
                0x0000242c        0xf C:\CSR_uEnergy_SDK-2.4.5.13\tools\lib\CSR101x_A05\libgatt_lib_ram.a(patch_halradiotrim.o)
                0x0000242c                ___libgatt_lib_db_4651
 .text.___libgatt_lib_db_4649
                0x0000243b        0xa C:\CSR_uEnergy_SDK-2.4.5.13\tools\lib\CSR101x_A05\libgatt_lib_ram.a(patch_halradiotrim.o)
                0x0000243b                ___libgatt_lib_db_4649
 .text.___libgatt_lib_db_4205
                0x00002445        0x9 C:\CSR_uEnergy_SDK-2.4.5.13\tools\lib\CSR101x_A05\libgatt_lib_ram.a(patch_halradiotrim.o)
                0x00002445                ___libgatt_lib_db_4205
 .text.___libgatt_lib_db_4657
                0x0000244e       0x55 C:\CSR_uEnergy_SDK-2.4.5.13\tools\lib\CSR101x_A05\libgatt_lib_ram.a(patch_halradio.o)
                0x0000244e                ___libgatt_lib_db_4657
 .text.___libgatt_lib_db_4662
                0x000024a3        0xd C:\CSR_uEnergy_SDK-2.4.5.13\tools\lib\CSR101x_A05\libgatt_lib_ram.a(patch_sleep.o)
                0x000024a3                ___libgatt_lib_db_4662
 .text.___libgatt_lib_db_4207
                0x000024b0        0xd C:\CSR_uEnergy_SDK-2.4.5.13\tools\lib\CSR101x_A05\libgatt_lib_ram.a(patch_reset.o)
                0x000024b0                ___libgatt_lib_db_4207
 .text.___libgatt_lib_db_4664
                0x000024bd       0x3a C:\CSR_uEnergy_SDK-2.4.5.13\tools\lib\CSR101x_A05\libgatt_lib_ram.a(patch_pools.o)
                0x000024bd                ___libgatt_lib_db_4664
 .text.___libgatt_lib_db_4667
                0x000024f7        0xf C:\CSR_uEnergy_SDK-2.4.5.13\tools\lib\CSR101x_A05\libgatt_lib_ram.a(patch_background_loop.o)
                0x000024f7                ___libgatt_lib_db_4667
 .text.___libgatt_lib_db_4669
                0x00002506        0x5 C:\CSR_uEnergy_SDK-2.4.5.13\tools\lib\CSR101x_A05\libgatt_lib_ram.a(patch_fault.o)
                0x00002506                ___libgatt_lib_db_4669
 .text.___libgatt_lib_db_4680
                0x0000250b       0x3b C:\CSR_uEnergy_SDK-2.4.5.13\tools\lib\CSR101x_A05\libgatt_lib_ram.a(patch_pmu.o)
                0x0000250b                ___libgatt_lib_db_4680
 .text.___libgatt_lib_db_4679
                0x00002546       0x19 C:\CSR_uEnergy_SDK-2.4.5.13\tools\lib\CSR101x_A05\libgatt_lib_ram.a(patch_pmu.o)
                0x00002546                ___libgatt_lib_db_4679
 .text.___libgatt_lib_db_4677
                0x0000255f       0x1e C:\CSR_uEnergy_SDK-2.4.5.13\tools\lib\CSR101x_A05\libgatt_lib_ram.a(patch_pmu.o)
                0x0000255f                ___libgatt_lib_db_4677
 .text.___libgatt_lib_db_4678
                0x0000257d       0x2e C:\CSR_uEnergy_SDK-2.4.5.13\tools\lib\CSR101x_A05\libgatt_lib_ram.a(patch_pmu.o)
                0x0000257d                ___libgatt_lib_db_4678
 .text.___libgatt_lib_db_4214
                0x000025ab      0x15c C:\CSR_uEnergy_SDK-2.4.5.13\tools\lib\CSR101x_A05\libgatt_lib_ram.a(patch_thermometer.o)
                0x000025ab                ___libgatt_lib_db_4214
 .text.___libgatt_lib_db_4691
                0x00002707       0x87 C:\CSR_uEnergy_SDK-2.4.5.13\tools\lib\CSR101x_A05\libgatt_lib_ram.a(patch_updates.o)
                0x00002707                ___libgatt_lib_db_4691
 .text.OtaReset
                0x0000278e        0x3 C:\CSR_uEnergy_SDK-2.4.5.13\tools\lib\otau\libotau.a(csr_ota.o)
                0x0000278e                OtaReset
 .text.readProtectedValue
                0x00002791       0x24 C:\CSR_uEnergy_SDK-2.4.5.13\tools\lib\otau\libotau.a(csr_ota.o)
 .text.readOtaVersion
                0x000027b5        0x6 C:\CSR_uEnergy_SDK-2.4.5.13\tools\lib\otau\libotau.a(csr_ota.o)
 .text.readCurrentApp
                0x000027bb        0x4 C:\CSR_uEnergy_SDK-2.4.5.13\tools\lib\otau\libotau.a(csr_ota.o)
 .text.readSharedDataV5
                0x000027bf        0xd C:\CSR_uEnergy_SDK-2.4.5.13\tools\lib\otau\libotau.a(csr_ota.o)
 .text.findSharedData
                0x000027cc       0x57 C:\CSR_uEnergy_SDK-2.4.5.13\tools\lib\otau\libotau.a(csr_ota.o)
 .text.OtaReadCurrentApp
                0x00002823       0x21 C:\CSR_uEnergy_SDK-2.4.5.13\tools\lib\otau\libotau.a(csr_ota.o)
                0x00002823                OtaReadCurrentApp
 .text.writeCurrentAppV5
                0x00002844       0x66 C:\CSR_uEnergy_SDK-2.4.5.13\tools\lib\otau\libotau.a(csr_ota.o)
 .text.writeCurrentApp
                0x000028aa       0x59 C:\CSR_uEnergy_SDK-2.4.5.13\tools\lib\otau\libotau.a(csr_ota.o)
 .text.OtaWriteCurrentApp
                0x00002903       0x37 C:\CSR_uEnergy_SDK-2.4.5.13\tools\lib\otau\libotau.a(csr_ota.o)
                0x00002903                OtaWriteCurrentApp
 .text.i2cInitBus
                0x0000293a       0x19 C:\CSR_uEnergy_SDK-2.4.5.13\tools\lib\otau\libotau.a(i2c_comms.o)
                0x0000293a                i2cInitBus
 .text.crcBlock
                0x00002953       0x2e C:\CSR_uEnergy_SDK-2.4.5.13\tools\lib\otau\libotau.a(crc16.o)
                0x00002953                crcBlock
 *(.apptext)
 *(.apptext.*)
 *xap2crte.o(.text)
 *xap2crte.o(.text.*)
                0x00002981                PROG_APPCODE_END = .
                0x00004981                DATA_CONST_START = (DATA_RAM_START + .)
                0x00004981                . = DATA_CONST_START

.const
 *(CONST)
 *(CONST.*)
                0x00004981                DATA_CONST_END = .
                0x00004981                DATA_RODATA_START = .
                0x00004982                . = (. + 0x1)

.rodata         0x00004982       0x66
 *(.rodata)
 *(.rodata.*)
 .rodata.handleLED
                0x00004982        0x7 depend_Release_CSR101x_A05\serial_server.o
 .rodata.AppSetState
                0x00004989        0xc depend_Release_CSR101x_A05\serial_server.o
 .rodata.AppProcessLmEvent
                0x00004995        0x8 depend_Release_CSR101x_A05\serial_server.o
 .rodata.C.0..2471.
                0x0000499d        0x3 depend_Release_CSR101x_A05\serial_gatt.o
 .rodata.ram_build_identifier_integer
                0x000049a0        0x1 C:\CSR_uEnergy_SDK-2.4.5.13\tools\lib\CSR101x_A05\libgatt_lib_ram.a(id_ram.o)
                0x000049a0                ram_build_identifier_integer
 .rodata.ram_build_identifier_string
                0x000049a1       0x16 C:\CSR_uEnergy_SDK-2.4.5.13\tools\lib\CSR101x_A05\libgatt_lib_ram.a(id_ram.o)
                0x000049a1                ram_build_identifier_string
 .rodata.slut_extended
                0x000049b7        0x9 C:\CSR_uEnergy_SDK-2.4.5.13\tools\lib\CSR101x_A05\libgatt_lib_ram.a(slut.o)
                0x000049b7                ___libgatt_lib_db_4695
 .rodata.tx_power_table
                0x000049c0       0x28 C:\CSR_uEnergy_SDK-2.4.5.13\tools\lib\CSR101x_A05\libgatt_lib_ram.a(patch_halradiotrim.o)
                0x000049c0                ___libgatt_lib_db_4656
                0x000049e8                DATA_RODATA_END = .

.bss            0x000049e8     0x40bf
                0x000049e8                DATA_BSS_APP_START = .
 *(.bss)
 .bss           0x000049e8        0x8 C:\CSR_uEnergy_SDK-2.4.5.13\tools\lib\CSR101x_A05\libgatt_lib_ram.a(sm_pair_auth.o)
 .bss           0x000049f0        0x3 C:\CSR_uEnergy_SDK-2.4.5.13\tools\lib\CSR101x_A05\libgatt_lib_ram.a(patch_sm.o)
                0x000049f0                sm_security_started
 .bss           0x000049f3        0x1 C:\CSR_uEnergy_SDK-2.4.5.13\tools\lib\CSR101x_A05\libgatt_lib_ram.a(patch_sm_l2cap.o)
 *(.bss.*)
 .bss.g_is_current_baud_rate_high
                0x000049f4        0x1 depend_Release_CSR101x_A05\uart_interface.o
                0x000049f4                g_is_current_baud_rate_high
 .bss.g_batt_data
                0x000049f5        0x3 depend_Release_CSR101x_A05\battery_service.o
 .bss.g_dev_info_data
                0x000049f8        0x8 depend_Release_CSR101x_A05\dev_info_service.o
 .bss.g_app_hw_data
                0x00004a00        0x2 depend_Release_CSR101x_A05\hw_access.o
 .bss.g_radio_event_configured
                0x00004a02        0x1 depend_Release_CSR101x_A05\serial_server.o
                0x00004a02                g_radio_event_configured
 .bss.g_adv_count
                0x00004a03        0x1 depend_Release_CSR101x_A05\serial_server.o
                0x00004a03                g_adv_count
 .bss.Flag0     0x00004a04        0x1 depend_Release_CSR101x_A05\serial_server.o
                0x00004a04                Flag0
 .bss.Flag1     0x00004a05        0x1 depend_Release_CSR101x_A05\serial_server.o
                0x00004a05                Flag1
 .bss.Flag2     0x00004a06        0x1 depend_Release_CSR101x_A05\serial_server.o
                0x00004a06                Flag2
 .bss.Flag3     0x00004a07        0x1 depend_Release_CSR101x_A05\serial_server.o
                0x00004a07                Flag3
 .bss.Flag4     0x00004a08        0x1 depend_Release_CSR101x_A05\serial_server.o
                0x00004a08                Flag4
 .bss.Flag5     0x00004a09        0x1 depend_Release_CSR101x_A05\serial_server.o
                0x00004a09                Flag5
 .bss.Flag7     0x00004a0a        0x1 depend_Release_CSR101x_A05\serial_server.o
                0x00004a0a                Flag7
 .bss.F1        0x00004a0b        0x1 depend_Release_CSR101x_A05\serial_server.o
                0x00004a0b                F1
 .bss.F2        0x00004a0c        0x1 depend_Release_CSR101x_A05\serial_server.o
                0x00004a0c                F2
 .bss.reg       0x00004a0d        0x1 depend_Release_CSR101x_A05\serial_server.o
 .bss.app_timers
                0x00004a0e       0x30 depend_Release_CSR101x_A05\serial_server.o
 .bss.g_gatt_data
                0x00004a3e        0x2 depend_Release_CSR101x_A05\serial_gatt.o
 .bss.g_serial_data
                0x00004a40        0x2 depend_Release_CSR101x_A05\serial_service.o
 .bss.g_queue   0x00004a42        0x6 depend_Release_CSR101x_A05\byte_queue.o
 .bss.data_transfer_data_length
                0x00004a48        0x1 depend_Release_CSR101x_A05\csr_ota_service.o
 .bss.data_transfer_memory
                0x00004a49       0x14 depend_Release_CSR101x_A05\csr_ota_service.o
 .bss.data_transfer_configuration
                0x00004a5d        0x2 depend_Release_CSR101x_A05\csr_ota_service.o
 .bss.ota_serv_data
                0x00004a5f        0x1 depend_Release_CSR101x_A05\csr_ota_service.o
 .bss.g_gatt_data
                0x00004a60        0x3 depend_Release_CSR101x_A05\gatt_service.o
 .bss.pwm_pio_reg
                0x00004a63        0x1 depend_Release_CSR101x_A05\vf_pwm.o
 .bss.pwm_pio_drive_reg
                0x00004a64        0x1 depend_Release_CSR101x_A05\vf_pwm.o
 .bss.pwm0_pio_mask
                0x00004a65        0x1 depend_Release_CSR101x_A05\vf_pwm.o
 .bss.pwm1_pio_mask
                0x00004a66        0x1 depend_Release_CSR101x_A05\vf_pwm.o
 .bss.pwm_inverted
                0x00004a67        0x1 depend_Release_CSR101x_A05\vf_pwm.o
 .bss.bus_I2C_status
                0x00004a68        0x1 depend_Release_CSR101x_A05\i2c_comms.o
                0x00004a68                bus_I2C_status
 .bss.i2c_initialised
                0x00004a69        0x1 depend_Release_CSR101x_A05\i2c_comms.o
                0x00004a69                i2c_initialised
 .bss.__PATCH__ZERO_
                0x00004a6a        0x1 C:\CSR_uEnergy_SDK-2.4.5.13\tools\lib\CSR101x_A05\libgatt_lib_ram.a(patch_ls_advertising_if.o)
 .bss.patch_pending
                0x00004a6b        0x1 C:\CSR_uEnergy_SDK-2.4.5.13\tools\lib\CSR101x_A05\libgatt_lib_ram.a(patch_george.o)
                0x00004a6b                patch_pending
 .bss.patch_rx_timing_report
                0x00004a6c        0x1 C:\CSR_uEnergy_SDK-2.4.5.13\tools\lib\CSR101x_A05\libgatt_lib_ram.a(patch_george.o)
                0x00004a6c                patch_rx_timing_report
 .bss.patch_pending_mode
                0x00004a6d        0x1 C:\CSR_uEnergy_SDK-2.4.5.13\tools\lib\CSR101x_A05\libgatt_lib_ram.a(patch_george.o)
                0x00004a6d                patch_pending_mode
 .bss.__PATCH__ZERO_
                0x00004a6e        0x1 C:\CSR_uEnergy_SDK-2.4.5.13\tools\lib\CSR101x_A05\libgatt_lib_ram.a(patch_george.o)
 .bss.__PATCH__ZERO_
                0x00004a6f        0x1 C:\CSR_uEnergy_SDK-2.4.5.13\tools\lib\CSR101x_A05\libgatt_lib_ram.a(patch_timer.o)
 .bss.last_32khz_irq_hi.6057.
                0x00004a70        0x1 C:\CSR_uEnergy_SDK-2.4.5.13\tools\lib\CSR101x_A05\libgatt_lib_ram.a(pio_ctrlr.o)
 .bss.last_32khz_irq_lo.6056.
                0x00004a71        0x2 C:\CSR_uEnergy_SDK-2.4.5.13\tools\lib\CSR101x_A05\libgatt_lib_ram.a(pio_ctrlr.o)
 .bss.__PATCH__ZERO_
                0x00004a73        0x1 C:\CSR_uEnergy_SDK-2.4.5.13\tools\lib\CSR101x_A05\libgatt_lib_ram.a(patch_robs_aio.o)
 .bss.__PATCH__ZERO_
                0x00004a74        0x1 C:\CSR_uEnergy_SDK-2.4.5.13\tools\lib\CSR101x_A05\libgatt_lib_ram.a(patch_halradiotrim.o)
 .bss.tx_power_table_entry
                0x00004a75        0x1 C:\CSR_uEnergy_SDK-2.4.5.13\tools\lib\CSR101x_A05\libgatt_lib_ram.a(patch_halradiotrim.o)
 .bss.__PATCH__ZERO_
                0x00004a76        0x1 C:\CSR_uEnergy_SDK-2.4.5.13\tools\lib\CSR101x_A05\libgatt_lib_ram.a(patch_pmu.o)
 .bss.enable_lo_offset_adc_update
                0x00004a77        0x1 C:\CSR_uEnergy_SDK-2.4.5.13\tools\lib\CSR101x_A05\libgatt_lib_ram.a(patch_thermometer.o)
                0x00004a77                enable_lo_offset_adc_update
 .bss.__PATCH__ZERO_
                0x00004a78        0x1 C:\CSR_uEnergy_SDK-2.4.5.13\tools\lib\CSR101x_A05\libgatt_lib_ram.a(patch_thermometer.o)
 .bss.__PATCH__ZERO_
                0x00004a79        0x1 C:\CSR_uEnergy_SDK-2.4.5.13\tools\lib\CSR101x_A05\libgatt_lib_ram.a(patch_updates.o)
 .bss.shared_data_location
                0x00004a7a        0x1 C:\CSR_uEnergy_SDK-2.4.5.13\tools\lib\otau\libotau.a(csr_ota.o)
 COMMON         0x00004a7b        0x1 depend_Release_CSR101x_A05\uart_interface.o
                0x00004a7b                g_partial_buffer_timer_tid
 COMMON         0x00004a7c       0x24 depend_Release_CSR101x_A05\serial_server.o
                0x00004a7c                tim_tid
                0x00004a7d                mode
                0x00004a7e                io_led
                0x00004a7f                Chg
                0x00004a80                state_led
                0x00004a81                tim_tidf
                0x00004a82                tim_tid1
                0x00004a83                g_app_data
                0x00004a9f                Adp
 COMMON         0x00004aa0     0x4000 depend_Release_CSR101x_A05\byte_queue.o
                0x00004aa0                g_recv_queue
                0x00006aa0                g_send_queue
 COMMON         0x00008aa0        0x1 C:\CSR_uEnergy_SDK-2.4.5.13\tools\lib\CSR101x_A05\libgatt_lib_ram.a(sm_pair_auth.o)
                0x00008aa0                pairing_req_instance
 COMMON         0x00008aa1        0x2 C:\CSR_uEnergy_SDK-2.4.5.13\tools\lib\CSR101x_A05\libgatt_lib_ram.a(patch_sm.o)
                0x00008aa1                sm_long_term_key_ind
                0x00008aa2                sm_pairing_auth_ind
 COMMON         0x00008aa3        0x1 C:\CSR_uEnergy_SDK-2.4.5.13\tools\lib\CSR101x_A05\libgatt_lib_ram.a(patch_george.o)
                0x00008aa3                enable_lowduty_directed_adv
 COMMON         0x00008aa4        0x3 C:\CSR_uEnergy_SDK-2.4.5.13\tools\lib\CSR101x_A05\libgatt_lib_ram.a(patch_george_ll.o)
                0x00008aa4                george_earliest_transmit_offset
                0x00008aa7                DATA_BSS_APP_END = .
                0x000040bf                BSS_APP_SIZE = (DATA_BSS_APP_END - DATA_BSS_APP_START)

.data           0x00008aa7      0x14d
                0x00008aa7                DATA_DATA_START = .
 *(.data)
 *(.data.*)
 .data.gattDatabase
                0x00008aa7       0xfb depend_Release_CSR101x_A05\app_gatt_db.o
                0x00008aa7                gattDatabase
 .data.g_last_notification_success
                0x00008ba2        0x1 depend_Release_CSR101x_A05\uart_interface.o
                0x00008ba2                g_last_notification_success
 .data.w_int    0x00008ba3        0x1 depend_Release_CSR101x_A05\serial_server.o
                0x00008ba3                w_int
 .data.ir_int   0x00008ba4        0x1 depend_Release_CSR101x_A05\serial_server.o
                0x00008ba4                ir_int
 .data.g_turn_on_led_advert
                0x00008ba5        0x1 depend_Release_CSR101x_A05\serial_server.o
                0x00008ba5                g_turn_on_led_advert
 .data.g_turn_on_led_connect
                0x00008ba6        0x1 depend_Release_CSR101x_A05\serial_server.o
                0x00008ba6                g_turn_on_led_connect
 .data.loop.982.
                0x00008ba7        0x2 depend_Release_CSR101x_A05\vf_pwm.o
 .data.ad_flags
                0x00008ba9        0x1 C:\CSR_uEnergy_SDK-2.4.5.13\tools\lib\CSR101x_A05\libgatt_lib_ram.a(patch_ls_advertising_if.o)
 .data.pending_pdu_acks
                0x00008baa        0x1 C:\CSR_uEnergy_SDK-2.4.5.13\tools\lib\CSR101x_A05\libgatt_lib_ram.a(patch_george_ll.o)
                0x00008baa                ___libgatt_lib_db_4622
 .data.tgap_con_param_update
                0x00008bab        0x1 C:\CSR_uEnergy_SDK-2.4.5.13\tools\lib\CSR101x_A05\libgatt_lib_ram.a(patch_timer.o)
                0x00008bab                ___libgatt_lib_db_4661
 .data.patch_table_data
                0x00008bac       0x46 C:\CSR_uEnergy_SDK-2.4.5.13\tools\lib\CSR101x_A05\libgatt_lib_ram.a(sw_patch_ram.o)
                0x00008bac                ___libgatt_lib_db_4542
 .data.lo_offset_adc_update_temp
                0x00008bf2        0x1 C:\CSR_uEnergy_SDK-2.4.5.13\tools\lib\CSR101x_A05\libgatt_lib_ram.a(patch_thermometer.o)
 .data.xtal_trim_temp
                0x00008bf3        0x1 C:\CSR_uEnergy_SDK-2.4.5.13\tools\lib\CSR101x_A05\libgatt_lib_ram.a(patch_thermometer.o)
                0x00008bf4                DATA_DATA_END = .
                0x0000ef80                . = DATA_PERSIST_START

PERSIST_MEM
 *(PERSIST_MEM)
 *(PERSIST_MEM.*)
                0x0000ef80                DATA_PERSIST_MEM_END = .
                0x00009f84                . = DATA_CSTORE_START

CONFIG_STORE    0x00009f84       0x4b
 *(CONFIG_STORE)
 CONFIG_STORE   0x00009f84       0x4b C:\CSR_uEnergy_SDK-2.4.5.13\tools\lib\CSR101x_A05\libgatt_lib_ram.a(CONFIG_STORE.o)
                0x00009f84                ___libgatt_lib_db_4269
 *(CONFIG_STORE.*)
                0x00009fcf                DATA_CSTORE_END = .
                0x0000004b                CS_SIZE = (DATA_CSTORE_END - DATA_CSTORE_START)
                0x00009fdc                . = ((DATA_RAM_END - PRESERVE_SIZE) - SLT_SIZE)

SLT             0x00009fdc        0x4
                0x00009fdc                SLT_START = .
 *(SLT)
 SLT            0x00009fdc        0x4 C:\CSR_uEnergy_SDK-2.4.5.13\tools\lib\CSR101x_A05\libgatt_lib_ram.a(slut.o)
                0x00009fdc                slut
 *(SLT.*)

.preserved      0x00009fe0        0x0
                0x00009fe0                PRESERVED_START = .
 *(PRES_DATA)
 *(PRES_DATA.*)
                0x00009f84                STACK_END = DATA_CSTORE_START
                0x00009c84                . = ((STACK_END - ISTACK_SIZE) - USTACK_SIZE)

.stack          0x00009c84      0x300
                0x00009c84                STACK_START = .
                0x00009c84                USTACK_START = .
                0x00009e84                USTACK_END = (USTACK_START + USTACK_SIZE)
 *(USTACK)
 *(USTACK.*)
                0x00009e84                . = USTACK_END
 *fill*         0x00009c84      0x400 00
                0x00009e84                ISTACK_START = .
                0x00009f84                ISTACK_END = (ISTACK_START + ISTACK_SIZE)
 *(ISTACK)
 *(ISTACK.*)
                0x00009f84                . = ISTACK_END
 *fill*         0x00009e84      0x200 00
                0x00009c84                ALIGNED_DATA_END = STACK_START
                0x00009950                . = (((ALIGNED_DATA_END - RADIODATA_SIZE) - WHITELIST_SIZE) - RADIOBUFS_SIZE)

.aligned_data   0x00009950      0x334
                0x00009950                ALIGNED_DATA_START = .
                0x00009950                DATA_RADIOBUFS_START = .
 *(RADINITTBL)
                0x00009b00                . = (ALIGNED_DATA_START + RADIOBUFS_SIZE)
 *fill*         0x00009950      0x360 00
                0x00009b00                DATA_WHITELIST_START = .
                0x00009b20                . = (DATA_WHITELIST_START + WHITELIST_SIZE)
 *fill*         0x00009b00       0x40 00
 *(.romradiodata)
 .romradiodata  0x00009b20      0x164 C:\CSR_uEnergy_SDK-2.4.5.13\tools\lib\CSR101x_A05\libgatt_lib_ram.a(.romradiodata.o)
                0x00009b20                DATA_TIMERSTRUCT_START
                0x00009b80                ___libgatt_lib_db_4171
                0x00009b20                ___libgatt_lib_db_4173
                0x00009b80                DATA_RCLUTS_START
                0x00009c84                ALIGN_END_ACTUAL = .
                0x00000001                ASSERT ((DATA_APPDATA_END > DATA_DATA_END), RAM DATA exceeds limit.)
LOAD c:/csr_uenergy_sdk-2.4.5.13/tools/bin/../lib/gcc/xap-local-xap/4.3.4\libgcc.a
OUTPUT(depend_Release_CSR101x_A05\serial_server.elf elf32-xap2)

.debug_abbrev   0x00000000      0xb4d
 .debug_abbrev  0x00000000       0x46 depend_Release_CSR101x_A05\app_gatt_db.o
 .debug_abbrev  0x0000008b       0x9e depend_Release_CSR101x_A05\uart_interface.o
 .debug_abbrev  0x000001c7       0xf7 depend_Release_CSR101x_A05\battery_service.o
 .debug_abbrev  0x000003b4       0x5b depend_Release_CSR101x_A05\nvm_access.o
 .debug_abbrev  0x00000469       0xce depend_Release_CSR101x_A05\dev_info_service.o
 .debug_abbrev  0x00000604       0xa5 depend_Release_CSR101x_A05\hw_access.o
 .debug_abbrev  0x0000074e      0x1ac depend_Release_CSR101x_A05\serial_server.o
 .debug_abbrev  0x00000aa5       0xef depend_Release_CSR101x_A05\serial_gatt.o
 .debug_abbrev  0x00000c83       0xd0 depend_Release_CSR101x_A05\serial_service.o
 .debug_abbrev  0x00000e23       0xcf depend_Release_CSR101x_A05\byte_queue.o
 .debug_abbrev  0x00000fc1      0x100 depend_Release_CSR101x_A05\csr_ota_service.o
 .debug_abbrev  0x000011c0       0xcf depend_Release_CSR101x_A05\gatt_service.o
 .debug_abbrev  0x0000135e       0xf3 depend_Release_CSR101x_A05\vf_pwm.o
 .debug_abbrev  0x00001543       0xab depend_Release_CSR101x_A05\i2c_comms.o

.debug_info     0x00000000     0x53cf
 .debug_info    0x00000000       0x5f depend_Release_CSR101x_A05\app_gatt_db.o
 .debug_info    0x000000be      0x11b depend_Release_CSR101x_A05\uart_interface.o
 .debug_info    0x000002f3      0x6d7 depend_Release_CSR101x_A05\battery_service.o
 .debug_info    0x000010a1      0x207 depend_Release_CSR101x_A05\nvm_access.o
 .debug_info    0x000014ae      0x66c depend_Release_CSR101x_A05\dev_info_service.o
 .debug_info    0x00002185      0x197 depend_Release_CSR101x_A05\hw_access.o
 .debug_info    0x000024b3     0x1b12 depend_Release_CSR101x_A05\serial_server.o
 .debug_info    0x00005ad6      0x99f depend_Release_CSR101x_A05\serial_gatt.o
 .debug_info    0x00006e14      0x6d3 depend_Release_CSR101x_A05\serial_service.o
 .debug_info    0x00007bb9      0x217 depend_Release_CSR101x_A05\byte_queue.o
 .debug_info    0x00007fe7      0x7be depend_Release_CSR101x_A05\csr_ota_service.o
 .debug_info    0x00008f63      0x6c5 depend_Release_CSR101x_A05\gatt_service.o
 .debug_info    0x00009cec      0x25d depend_Release_CSR101x_A05\vf_pwm.o
 .debug_info    0x0000a1a5      0x2fd depend_Release_CSR101x_A05\i2c_comms.o

.debug_line     0x00000000     0x1b59
 .debug_line    0x00000000       0x59 depend_Release_CSR101x_A05\app_gatt_db.o
 .debug_line    0x000000b1      0x11a depend_Release_CSR101x_A05\uart_interface.o
 .debug_line    0x000002e5      0x17c depend_Release_CSR101x_A05\battery_service.o
 .debug_line    0x000005dc       0xa1 depend_Release_CSR101x_A05\nvm_access.o
 .debug_line    0x0000071e       0xaa depend_Release_CSR101x_A05\dev_info_service.o
 .debug_line    0x00000871      0x15f depend_Release_CSR101x_A05\hw_access.o
 .debug_line    0x00000b2f      0xb1f depend_Release_CSR101x_A05\serial_server.o
 .debug_line    0x0000216d      0x21a depend_Release_CSR101x_A05\serial_gatt.o
 .debug_line    0x000025a0      0x13b depend_Release_CSR101x_A05\serial_service.o
 .debug_line    0x00002815      0x193 depend_Release_CSR101x_A05\byte_queue.o
 .debug_line    0x00002b3a      0x152 depend_Release_CSR101x_A05\csr_ota_service.o
 .debug_line    0x00002dde      0x186 depend_Release_CSR101x_A05\gatt_service.o
 .debug_line    0x000030ea      0x177 depend_Release_CSR101x_A05\vf_pwm.o
 .debug_line    0x000033d7      0x16d depend_Release_CSR101x_A05\i2c_comms.o

.debug_frame    0x00000000      0x508
 .debug_frame   0x00000000       0x14 depend_Release_CSR101x_A05\app_gatt_db.o
 .debug_frame   0x00000028       0x44 depend_Release_CSR101x_A05\uart_interface.o
 .debug_frame   0x000000b0       0x6c depend_Release_CSR101x_A05\battery_service.o
 .debug_frame   0x00000188       0x2c depend_Release_CSR101x_A05\nvm_access.o
 .debug_frame   0x000001e0       0x1c depend_Release_CSR101x_A05\dev_info_service.o
 .debug_frame   0x00000218       0x54 depend_Release_CSR101x_A05\hw_access.o
 .debug_frame   0x000002c0      0x130 depend_Release_CSR101x_A05\serial_server.o
 .debug_frame   0x00000520       0x6c depend_Release_CSR101x_A05\serial_gatt.o
 .debug_frame   0x000005f8       0x5c depend_Release_CSR101x_A05\serial_service.o
 .debug_frame   0x000006b0       0x80 depend_Release_CSR101x_A05\byte_queue.o
 .debug_frame   0x000007b0       0x38 depend_Release_CSR101x_A05\csr_ota_service.o
 .debug_frame   0x00000820       0x70 depend_Release_CSR101x_A05\gatt_service.o
 .debug_frame   0x00000900       0x34 depend_Release_CSR101x_A05\vf_pwm.o
 .debug_frame   0x00000968       0x54 depend_Release_CSR101x_A05\i2c_comms.o

.debug_loc      0x00000000      0xd86
 .debug_loc     0x00000000       0x1f depend_Release_CSR101x_A05\app_gatt_db.o
 .debug_loc     0x0000003d       0x5c depend_Release_CSR101x_A05\uart_interface.o
 .debug_loc     0x000000f4      0x10b depend_Release_CSR101x_A05\battery_service.o
 .debug_loc     0x0000030a       0x75 depend_Release_CSR101x_A05\nvm_access.o
 .debug_loc     0x000003f3       0x5b depend_Release_CSR101x_A05\dev_info_service.o
 .debug_loc     0x000004a9       0x8a depend_Release_CSR101x_A05\hw_access.o
 .debug_loc     0x000005bd      0x2da depend_Release_CSR101x_A05\serial_server.o
 .debug_loc     0x00000b70       0xff depend_Release_CSR101x_A05\serial_gatt.o
 .debug_loc     0x00000d6e       0xe0 depend_Release_CSR101x_A05\serial_service.o
 .debug_loc     0x00000f2d      0x1d2 depend_Release_CSR101x_A05\byte_queue.o
 .debug_loc     0x000012d0       0xfc depend_Release_CSR101x_A05\csr_ota_service.o
 .debug_loc     0x000014c7      0x105 depend_Release_CSR101x_A05\gatt_service.o
 .debug_loc     0x000016d0       0xf1 depend_Release_CSR101x_A05\vf_pwm.o
 .debug_loc     0x000018b1      0x12d depend_Release_CSR101x_A05\i2c_comms.o

.debug_pubnames
                0x00000000      0x570
 .debug_pubnames
                0x00000000       0x1c depend_Release_CSR101x_A05\app_gatt_db.o
 .debug_pubnames
                0x00000037       0x78 depend_Release_CSR101x_A05\uart_interface.o
 .debug_pubnames
                0x00000127       0x70 depend_Release_CSR101x_A05\battery_service.o
 .debug_pubnames
                0x00000206       0x1f depend_Release_CSR101x_A05\nvm_access.o
 .debug_pubnames
                0x00000243       0x28 depend_Release_CSR101x_A05\dev_info_service.o
 .debug_pubnames
                0x00000293       0x38 depend_Release_CSR101x_A05\hw_access.o
 .debug_pubnames
                0x00000303      0x170 depend_Release_CSR101x_A05\serial_server.o
 .debug_pubnames
                0x000005e2       0x6d depend_Release_CSR101x_A05\serial_gatt.o
 .debug_pubnames
                0x000006bc       0x71 depend_Release_CSR101x_A05\serial_service.o
 .debug_pubnames
                0x0000079d       0x73 depend_Release_CSR101x_A05\byte_queue.o
 .debug_pubnames
                0x00000883       0x40 depend_Release_CSR101x_A05\csr_ota_service.o
 .debug_pubnames
                0x00000903       0x73 depend_Release_CSR101x_A05\gatt_service.o
 .debug_pubnames
                0x000009e9       0x20 depend_Release_CSR101x_A05\vf_pwm.o
 .debug_pubnames
                0x00000a28       0x5c depend_Release_CSR101x_A05\i2c_comms.o

.debug_aranges  0x00000000      0x260
 .debug_aranges
                0x00000000       0x10 depend_Release_CSR101x_A05\app_gatt_db.o
 .debug_aranges
                0x00000020       0x24 depend_Release_CSR101x_A05\uart_interface.o
 .debug_aranges
                0x00000068       0x30 depend_Release_CSR101x_A05\battery_service.o
 .debug_aranges
                0x000000c8       0x18 depend_Release_CSR101x_A05\nvm_access.o
 .debug_aranges
                0x000000f8       0x14 depend_Release_CSR101x_A05\dev_info_service.o
 .debug_aranges
                0x00000120       0x28 depend_Release_CSR101x_A05\hw_access.o
 .debug_aranges
                0x00000170       0x80 depend_Release_CSR101x_A05\serial_server.o
 .debug_aranges
                0x00000270       0x30 depend_Release_CSR101x_A05\serial_gatt.o
 .debug_aranges
                0x000002d0       0x2c depend_Release_CSR101x_A05\serial_service.o
 .debug_aranges
                0x00000328       0x38 depend_Release_CSR101x_A05\byte_queue.o
 .debug_aranges
                0x00000398       0x20 depend_Release_CSR101x_A05\csr_ota_service.o
 .debug_aranges
                0x000003d8       0x30 depend_Release_CSR101x_A05\gatt_service.o
 .debug_aranges
                0x00000438       0x1c depend_Release_CSR101x_A05\vf_pwm.o
 .debug_aranges
                0x00000470       0x28 depend_Release_CSR101x_A05\i2c_comms.o

.debug_ranges   0x00000000      0x27c
 .debug_ranges  0x00000000        0xc depend_Release_CSR101x_A05\app_gatt_db.o
 .debug_ranges  0x00000018       0x20 depend_Release_CSR101x_A05\uart_interface.o
 .debug_ranges  0x00000058       0x2c depend_Release_CSR101x_A05\battery_service.o
 .debug_ranges  0x000000b0       0x14 depend_Release_CSR101x_A05\nvm_access.o
 .debug_ranges  0x000000d8       0x10 depend_Release_CSR101x_A05\dev_info_service.o
 .debug_ranges  0x000000f8       0x24 depend_Release_CSR101x_A05\hw_access.o
 .debug_ranges  0x00000140       0x9c depend_Release_CSR101x_A05\serial_server.o
 .debug_ranges  0x00000278       0x2c depend_Release_CSR101x_A05\serial_gatt.o
 .debug_ranges  0x000002d0       0x28 depend_Release_CSR101x_A05\serial_service.o
 .debug_ranges  0x00000320       0x34 depend_Release_CSR101x_A05\byte_queue.o
 .debug_ranges  0x00000388       0x1c depend_Release_CSR101x_A05\csr_ota_service.o
 .debug_ranges  0x000003c0       0x2c depend_Release_CSR101x_A05\gatt_service.o
 .debug_ranges  0x00000418       0x4c depend_Release_CSR101x_A05\vf_pwm.o
 .debug_ranges  0x000004b0       0x24 depend_Release_CSR101x_A05\i2c_comms.o

.debug_str      0x00000000     0x2ecd
 .debug_str     0x00000000       0x80 depend_Release_CSR101x_A05\app_gatt_db.o
                                 0x8c (size before relaxing)
 .debug_str     0x000000ff       0x98 depend_Release_CSR101x_A05\uart_interface.o
                                0x110 (size before relaxing)
 .debug_str     0x0000022e     0x133b depend_Release_CSR101x_A05\battery_service.o
                               0x13da (size before relaxing)
 .debug_str     0x000028a3      0x12c depend_Release_CSR101x_A05\nvm_access.o
                                0x604 (size before relaxing)
 .debug_str     0x00002afb       0x54 depend_Release_CSR101x_A05\dev_info_service.o
                               0x1349 (size before relaxing)
 .debug_str     0x00002ba2      0x1f2 depend_Release_CSR101x_A05\hw_access.o
                                0x2e3 (size before relaxing)
 .debug_str     0x00002f85      0xff1 depend_Release_CSR101x_A05\serial_server.o
                               0x2595 (size before relaxing)
 .debug_str     0x00004f66      0x38c depend_Release_CSR101x_A05\serial_gatt.o
                               0x1b13 (size before relaxing)
 .debug_str     0x0000567e       0x79 depend_Release_CSR101x_A05\serial_service.o
                               0x1411 (size before relaxing)
 .debug_str     0x00005770       0x87 depend_Release_CSR101x_A05\byte_queue.o
                                0x102 (size before relaxing)
 .debug_str     0x0000587d       0xc0 depend_Release_CSR101x_A05\csr_ota_service.o
                               0x14b9 (size before relaxing)
 .debug_str     0x000059fd       0x7b depend_Release_CSR101x_A05\gatt_service.o
                               0x13c0 (size before relaxing)
 .debug_str     0x00005af2       0x8f depend_Release_CSR101x_A05\vf_pwm.o
                                0x131 (size before relaxing)
 .debug_str     0x00005c10       0xc5 depend_Release_CSR101x_A05\i2c_comms.o
                                0x787 (size before relaxing)

.comment        0x00000000      0x5ca
 .comment       0x00000000       0x1a depend_Release_CSR101x_A05\app_gatt_db.o
 .comment       0x0000001a       0x1a depend_Release_CSR101x_A05\uart_interface.o
 .comment       0x00000034       0x1a depend_Release_CSR101x_A05\battery_service.o
 .comment       0x0000004e       0x1a depend_Release_CSR101x_A05\nvm_access.o
 .comment       0x00000068       0x1a depend_Release_CSR101x_A05\dev_info_service.o
 .comment       0x00000082       0x1a depend_Release_CSR101x_A05\hw_access.o
 .comment       0x0000009c       0x1a depend_Release_CSR101x_A05\serial_server.o
 .comment       0x000000b6       0x1a depend_Release_CSR101x_A05\serial_gatt.o
 .comment       0x000000d0       0x1a depend_Release_CSR101x_A05\serial_service.o
 .comment       0x000000ea       0x1a depend_Release_CSR101x_A05\byte_queue.o
 .comment       0x00000104       0x1a depend_Release_CSR101x_A05\csr_ota_service.o
 .comment       0x0000011e       0x1a depend_Release_CSR101x_A05\gatt_service.o
 .comment       0x00000138       0x1a depend_Release_CSR101x_A05\vf_pwm.o
 .comment       0x00000152       0x1a depend_Release_CSR101x_A05\i2c_comms.o
 .comment       0x0000016c       0x1a C:\CSR_uEnergy_SDK-2.4.5.13\tools\lib\CSR101x_A05\libgatt_lib_ram.a(patch_ls_app_if.o)
 .comment       0x00000186       0x1a C:\CSR_uEnergy_SDK-2.4.5.13\tools\lib\CSR101x_A05\libgatt_lib_ram.a(patch_ls_advertising_if.o)
 .comment       0x000001a0       0x1a C:\CSR_uEnergy_SDK-2.4.5.13\tools\lib\CSR101x_A05\libgatt_lib_ram.a(gatt_ram.o)
 .comment       0x000001ba       0x1a C:\CSR_uEnergy_SDK-2.4.5.13\tools\lib\CSR101x_A05\libgatt_lib_ram.a(patch_gatt.o)
 .comment       0x000001d4       0x1a C:\CSR_uEnergy_SDK-2.4.5.13\tools\lib\CSR101x_A05\libgatt_lib_ram.a(sm_pair_auth.o)
 .comment       0x000001ee       0x1a C:\CSR_uEnergy_SDK-2.4.5.13\tools\lib\CSR101x_A05\libgatt_lib_ram.a(sm_ram.o)
 .comment       0x00000208       0x1a C:\CSR_uEnergy_SDK-2.4.5.13\tools\lib\CSR101x_A05\libgatt_lib_ram.a(sm_div.o)
 .comment       0x00000222       0x1a C:\CSR_uEnergy_SDK-2.4.5.13\tools\lib\CSR101x_A05\libgatt_lib_ram.a(patch_sm.o)
 .comment       0x0000023c       0x1a C:\CSR_uEnergy_SDK-2.4.5.13\tools\lib\CSR101x_A05\libgatt_lib_ram.a(patch_sm_host_interface.o)
 .comment       0x00000256       0x1a C:\CSR_uEnergy_SDK-2.4.5.13\tools\lib\CSR101x_A05\libgatt_lib_ram.a(patch_george.o)
 .comment       0x00000270       0x1a C:\CSR_uEnergy_SDK-2.4.5.13\tools\lib\CSR101x_A05\libgatt_lib_ram.a(patch_george_ll.o)
 .comment       0x0000028a       0x1a C:\CSR_uEnergy_SDK-2.4.5.13\tools\lib\CSR101x_A05\libgatt_lib_ram.a(patch_dbase.o)
 .comment       0x000002a4       0x1a C:\CSR_uEnergy_SDK-2.4.5.13\tools\lib\CSR101x_A05\libgatt_lib_ram.a(hal_debugbus_state.o)
 .comment       0x000002be       0x1a C:\CSR_uEnergy_SDK-2.4.5.13\tools\lib\CSR101x_A05\libgatt_lib_ram.a(patch_timer.o)
 .comment       0x000002d8       0x1a C:\CSR_uEnergy_SDK-2.4.5.13\tools\lib\CSR101x_A05\libgatt_lib_ram.a(main_ram.o)
 .comment       0x000002f2       0x1a C:\CSR_uEnergy_SDK-2.4.5.13\tools\lib\CSR101x_A05\libgatt_lib_ram.a(hw_patch_install.o)
 .comment       0x0000030c       0x1a C:\CSR_uEnergy_SDK-2.4.5.13\tools\lib\CSR101x_A05\libgatt_lib_ram.a(pio_ctrlr.o)
 .comment       0x00000326       0x1a C:\CSR_uEnergy_SDK-2.4.5.13\tools\lib\CSR101x_A05\libgatt_lib_ram.a(patch_i2c.o)
 .comment       0x00000340       0x1a C:\CSR_uEnergy_SDK-2.4.5.13\tools\lib\CSR101x_A05\libgatt_lib_ram.a(patch_i2c_app_mem_mgr.o)
 .comment       0x0000035a       0x1a C:\CSR_uEnergy_SDK-2.4.5.13\tools\lib\CSR101x_A05\libgatt_lib_ram.a(patch_robs_aio.o)
 .comment       0x00000374       0x1a C:\CSR_uEnergy_SDK-2.4.5.13\tools\lib\CSR101x_A05\libgatt_lib_ram.a(robs_pio_ram.o)
 .comment       0x0000038e       0x1a C:\CSR_uEnergy_SDK-2.4.5.13\tools\lib\CSR101x_A05\libgatt_lib_ram.a(id_ram.o)
 .comment       0x000003a8       0x1a C:\CSR_uEnergy_SDK-2.4.5.13\tools\lib\CSR101x_A05\libgatt_lib_ram.a(patch_adc.o)
 .comment       0x000003c2       0x1a C:\CSR_uEnergy_SDK-2.4.5.13\tools\lib\CSR101x_A05\libgatt_lib_ram.a(slut.o)
 .comment       0x000003dc       0x1a C:\CSR_uEnergy_SDK-2.4.5.13\tools\lib\CSR101x_A05\libgatt_lib_ram.a(sw_patch_ram.o)
 .comment       0x000003f6       0x1a C:\CSR_uEnergy_SDK-2.4.5.13\tools\lib\CSR101x_A05\libgatt_lib_ram.a(patch_ls_l2cap_if.o)
 .comment       0x00000410       0x1a C:\CSR_uEnergy_SDK-2.4.5.13\tools\lib\CSR101x_A05\libgatt_lib_ram.a(patch_l2cap.o)
 .comment       0x0000042a       0x1a C:\CSR_uEnergy_SDK-2.4.5.13\tools\lib\CSR101x_A05\libgatt_lib_ram.a(patch_att_install.o)
 .comment       0x00000444       0x1a C:\CSR_uEnergy_SDK-2.4.5.13\tools\lib\CSR101x_A05\libgatt_lib_ram.a(patch_sm_l2cap.o)
 .comment       0x0000045e       0x1a C:\CSR_uEnergy_SDK-2.4.5.13\tools\lib\CSR101x_A05\libgatt_lib_ram.a(patch_george_adv.o)
 .comment       0x00000478       0x1a C:\CSR_uEnergy_SDK-2.4.5.13\tools\lib\CSR101x_A05\libgatt_lib_ram.a(patch_halradiotrim.o)
 .comment       0x00000492       0x1a C:\CSR_uEnergy_SDK-2.4.5.13\tools\lib\CSR101x_A05\libgatt_lib_ram.a(patch_halradio.o)
 .comment       0x000004ac       0x1a C:\CSR_uEnergy_SDK-2.4.5.13\tools\lib\CSR101x_A05\libgatt_lib_ram.a(patch_sleep.o)
 .comment       0x000004c6       0x1a C:\CSR_uEnergy_SDK-2.4.5.13\tools\lib\CSR101x_A05\libgatt_lib_ram.a(patch_reset.o)
 .comment       0x000004e0       0x1a C:\CSR_uEnergy_SDK-2.4.5.13\tools\lib\CSR101x_A05\libgatt_lib_ram.a(patch_pools.o)
 .comment       0x000004fa       0x1a C:\CSR_uEnergy_SDK-2.4.5.13\tools\lib\CSR101x_A05\libgatt_lib_ram.a(patch_background_loop.o)
 .comment       0x00000514       0x1a C:\CSR_uEnergy_SDK-2.4.5.13\tools\lib\CSR101x_A05\libgatt_lib_ram.a(patch_fault.o)
 .comment       0x0000052e       0x1a C:\CSR_uEnergy_SDK-2.4.5.13\tools\lib\CSR101x_A05\libgatt_lib_ram.a(patch_pmu.o)
 .comment       0x00000548       0x1a C:\CSR_uEnergy_SDK-2.4.5.13\tools\lib\CSR101x_A05\libgatt_lib_ram.a(patch_thermometer.o)
 .comment       0x00000562       0x1a C:\CSR_uEnergy_SDK-2.4.5.13\tools\lib\CSR101x_A05\libgatt_lib_ram.a(patch_updates.o)
 .comment       0x0000057c       0x1a C:\CSR_uEnergy_SDK-2.4.5.13\tools\lib\otau\libotau.a(csr_ota.o)
 .comment       0x00000596       0x1a C:\CSR_uEnergy_SDK-2.4.5.13\tools\lib\otau\libotau.a(i2c_comms.o)
 .comment       0x000005b0       0x1a C:\CSR_uEnergy_SDK-2.4.5.13\tools\lib\otau\libotau.a(crc16.o)
