Archive member included because of file (symbol)

C:\CSR_uEnergy_SDK-2.4.5.13\tools\lib\CSR101x_A05\libgatt_lib_ram.a(patch_ls_app_if.o)
                              depend_Debug_CSR101x_A05\serial_server.o (LsRadioEventNotification)
C:\CSR_uEnergy_SDK-2.4.5.13\tools\lib\CSR101x_A05\libgatt_lib_ram.a(patch_ls_advertising_if.o)
                              C:\CSR_uEnergy_SDK-2.4.5.13\tools\lib\CSR101x_A05\libgatt_lib_ram.a(patch_ls_app_if.o) (___libgatt_lib_db_4563)
C:\CSR_uEnergy_SDK-2.4.5.13\tools\lib\CSR101x_A05\libgatt_lib_ram.a(gatt_ram.o)
                              depend_Debug_CSR101x_A05\serial_server.o (GattInit)
C:\CSR_uEnergy_SDK-2.4.5.13\tools\lib\CSR101x_A05\libgatt_lib_ram.a(patch_gatt.o)
                              depend_Debug_CSR101x_A05\serial_gatt.o (GattCancelConnectReq)
C:\CSR_uEnergy_SDK-2.4.5.13\tools\lib\CSR101x_A05\libgatt_lib_ram.a(sm_pair_auth.o)
                              depend_Debug_CSR101x_A05\serial_server.o (SMPairingAuthRsp)
C:\CSR_uEnergy_SDK-2.4.5.13\tools\lib\CSR101x_A05\libgatt_lib_ram.a(sm_ram.o)
                              C:\CSR_uEnergy_SDK-2.4.5.13\tools\lib\CSR101x_A05\libgatt_lib_ram.a(gatt_ram.o) (___libgatt_lib_db_476)
C:\CSR_uEnergy_SDK-2.4.5.13\tools\lib\CSR101x_A05\libgatt_lib_ram.a(sm_div.o)
                              depend_Debug_CSR101x_A05\serial_server.o (SMDivApproval)
C:\CSR_uEnergy_SDK-2.4.5.13\tools\lib\CSR101x_A05\libgatt_lib_ram.a(patch_sm.o)
                              C:\CSR_uEnergy_SDK-2.4.5.13\tools\lib\CSR101x_A05\libgatt_lib_ram.a(sm_ram.o) (sm_pairing_auth_ind)
C:\CSR_uEnergy_SDK-2.4.5.13\tools\lib\CSR101x_A05\libgatt_lib_ram.a(patch_sm_host_interface.o)
                              depend_Debug_CSR101x_A05\serial_server.o (SMRequestSecurityLevel)
C:\CSR_uEnergy_SDK-2.4.5.13\tools\lib\CSR101x_A05\libgatt_lib_ram.a(patch_george.o)
                              C:\CSR_uEnergy_SDK-2.4.5.13\tools\lib\CSR101x_A05\libgatt_lib_ram.a(patch_ls_app_if.o) (___libgatt_lib_db_4606)
C:\CSR_uEnergy_SDK-2.4.5.13\tools\lib\CSR101x_A05\libgatt_lib_ram.a(patch_george_ll.o)
                              C:\CSR_uEnergy_SDK-2.4.5.13\tools\lib\CSR101x_A05\libgatt_lib_ram.a(patch_george.o) (___libgatt_lib_db_4619)
C:\CSR_uEnergy_SDK-2.4.5.13\tools\lib\CSR101x_A05\libgatt_lib_ram.a(patch_dbase.o)
                              C:\CSR_uEnergy_SDK-2.4.5.13\tools\lib\CSR101x_A05\libgatt_lib_ram.a(patch_george.o) (___libgatt_lib_db_4636)
C:\CSR_uEnergy_SDK-2.4.5.13\tools\lib\CSR101x_A05\libgatt_lib_ram.a(hal_debugbus_state.o)
                              C:\CSR_uEnergy_SDK-2.4.5.13\tools\lib\CSR101x_A05\libgatt_lib_ram.a(patch_george.o) (___libgatt_lib_db_4645)
C:\CSR_uEnergy_SDK-2.4.5.13\tools\lib\CSR101x_A05\libgatt_lib_ram.a(patch_timer.o)
                              C:\CSR_uEnergy_SDK-2.4.5.13\tools\lib\CSR101x_A05\libgatt_lib_ram.a(patch_ls_app_if.o) (___libgatt_lib_db_4661)
C:\CSR_uEnergy_SDK-2.4.5.13\tools\lib\CSR101x_A05\libgatt_lib_ram.a(main_ram.o)
                              (main_ram_app_init)
C:\CSR_uEnergy_SDK-2.4.5.13\tools\lib\CSR101x_A05\libgatt_lib_ram.a(hw_patch_install.o)
                              C:\CSR_uEnergy_SDK-2.4.5.13\tools\lib\CSR101x_A05\libgatt_lib_ram.a(main_ram.o) (___libgatt_lib_db_4364)
C:\CSR_uEnergy_SDK-2.4.5.13\tools\lib\CSR101x_A05\libgatt_lib_ram.a(patch_baldrick.o)
                              (hw_patch)
C:\CSR_uEnergy_SDK-2.4.5.13\tools\lib\CSR101x_A05\libgatt_lib_ram.a(pio_ctrlr.o)
                              depend_Debug_CSR101x_A05\vf_pwm.o (PioCtrlrStart)
C:\CSR_uEnergy_SDK-2.4.5.13\tools\lib\CSR101x_A05\libgatt_lib_ram.a(patch_i2c.o)
                              depend_Debug_CSR101x_A05\i2c_comms.o (I2cReset)
C:\CSR_uEnergy_SDK-2.4.5.13\tools\lib\CSR101x_A05\libgatt_lib_ram.a(patch_i2c_app_mem_mgr.o)
                              depend_Debug_CSR101x_A05\serial_server.o (NvmConfigureI2cEeprom)
C:\CSR_uEnergy_SDK-2.4.5.13\tools\lib\CSR101x_A05\libgatt_lib_ram.a(patch_robs_aio.o)
                              depend_Debug_CSR101x_A05\serial_server.o (AioRead)
C:\CSR_uEnergy_SDK-2.4.5.13\tools\lib\CSR101x_A05\libgatt_lib_ram.a(robs_pio_ram.o)
                              depend_Debug_CSR101x_A05\serial_server.o (PioConfigPWM)
C:\CSR_uEnergy_SDK-2.4.5.13\tools\lib\CSR101x_A05\libgatt_lib_ram.a(id_ram.o)
                              C:\CSR_uEnergy_SDK-2.4.5.13\tools\lib\CSR101x_A05\libgatt_lib_ram.a(patch_george_ll.o) (IdGetLlVerBtle)
C:\CSR_uEnergy_SDK-2.4.5.13\tools\lib\CSR101x_A05\libgatt_lib_ram.a(patch_adc.o)
                              C:\CSR_uEnergy_SDK-2.4.5.13\tools\lib\CSR101x_A05\libgatt_lib_ram.a(patch_robs_aio.o) (___libgatt_lib_db_4693)
C:\CSR_uEnergy_SDK-2.4.5.13\tools\lib\CSR101x_A05\libgatt_lib_ram.a(slut.o)
                              (slut)
C:\CSR_uEnergy_SDK-2.4.5.13\tools\lib\CSR101x_A05\libgatt_lib_ram.a(sw_patch_ram.o)
                              (patch_bitmap)
C:\CSR_uEnergy_SDK-2.4.5.13\tools\lib\CSR101x_A05\libgatt_lib_ram.a(CONFIG_STORE.o)
[...]
Memory Configuration

Name             Origin             Length             Attributes
*default*        0x00000000         0xffffffff

Linker script and memory map

LOAD depend_Debug_CSR101x_A05\app_gatt_db.o
LOAD depend_Debug_CSR101x_A05\uart_interface.o
LOAD depend_Debug_CSR101x_A05\battery_service.o
LOAD depend_Debug_CSR101x_A05\nvm_access.o
LOAD depend_Debug_CSR101x_A05\dev_info_service.o
LOAD depend_Debug_CSR101x_A05\hw_access.o
LOAD depend_Debug_CSR101x_A05\serial_server.o
LOAD depend_Debug_CSR101x_A05\serial_gatt.o
LOAD depend_Debug_CSR101x_A05\serial_service.o
LOAD depend_Debug_CSR101x_A05\byte_queue.o
LOAD depend_Debug_CSR101x_A05\csr_ota_service.o
LOAD depend_Debug_CSR101x_A05\gatt_service.o
LOAD depend_Debug_CSR101x_A05\vf_pwm.o
LOAD depend_Debug_CSR101x_A05\i2c_comms.o
LOAD depend_Debug_CSR101x_A05\pio_ctrlr_code.o
LOAD C:\CSR_uEnergy_SDK-2.4.5.13\tools\lib\CSR101x_A05\libgatt_lib_ram.a
LOAD C:\CSR_uEnergy_SDK-2.4.5.13\tools\lib\otau\libotau.a
LOAD C:\CSR_uEnergy_SDK-2.4.5.13\tools\lib\CSR101x_A05\rom_img.elf
                0x00000000                PROG_RAM_START = 0x0
                0x00008000                PROG_RAM_SIZE = 0x8000
                0x00008000                PROG_ROM_START = 0x8000
                0x00008000                PROG_ROM_SIZE = 0x8000
                0x00002000                DATA_RAM_START = 0x2000
                0x00008000                DATA_RAM_SIZE = 0x8000
                0x000001b0                RADIOBUFS_SIZE = 0x1b0
                0x00000020                WHITELIST_SIZE = 0x20
                0x00000164                RADIODATA_SIZE = 0x164
                0x00000200                USTACK_SIZE = 0x200
                0x00000100                ISTACK_SIZE = 0x100
                0x00009f84                DATA_CSTORE_START = 0x9f84
                0x00000058                CSTORE_SIZE = 0x58
                0x00000004                SLT_SIZE = 0x4
                0x00000020                PRESERVE_SIZE = 0x20
                0x0000a000                DATA_RAM_END = 0xa000
                0x0000a000                DATA_ROM_START = 0xa000
                0x00004000                DATA_ROM_SIZE = 0x4000
                0x0000ef80                DATA_PERSIST_START = 0xef80
                0x00000080                DATA_PERSIST_SIZE = 0x80
                0x00009360                DATA_ROMDATA_START = 0x9360
                0x00000000                PROG_APPCODE_START = 0x0
                0x00006c00                PROG_APPCODE_END = 0x6c00
                0x00008c40                DATA_APPDATA_START = 0x8c40
                0x00008f00                DATA_APPDATA_END = 0x8f00
                0x80000000                $CODE$ = 0x80000000
                0x00000000                $DATA$ = 0x0
                0x0000ffe0                PROVIDE ($XAP_AH, 0xffe0)
                0x0000ffe1                PROVIDE ($XAP_AL, 0xffe1)
                0x0000ffe2                PROVIDE ($XAP_UXH, 0xffe2)
                0x0000ffe3                PROVIDE ($XAP_UXL, 0xffe3)
                0x0000ffe4                PROVIDE ($XAP_UY, 0xffe4)
                0x0000ffe5                PROVIDE ($XAP_IXH, 0xffe5)
                0x0000ffe6                PROVIDE ($XAP_IXL, 0xffe6)
                0x0000ffe7                PROVIDE ($XAP_IY, 0xffe7)
                0x00000008                . = 0x8

.app_ram_init   0x00000008        0x1
 *(RAM_APP_INIT)
 RAM_APP_INIT   0x00000008        0x1 C:\CSR_uEnergy_SDK-2.4.5.13\tools\lib\CSR101x_A05\libgatt_lib_ram.a(main_ram.o)
                0x00000008                main_ram_app_init

.fw_patch_bitmap
                0x00000009        0x6
 *(FW_PATCH_BITMAP)
 FW_PATCH_BITMAP
                0x00000009        0x6 C:\CSR_uEnergy_SDK-2.4.5.13\tools\lib\CSR101x_A05\libgatt_lib_ram.a(sw_patch_ram.o)
                0x00000009                patch_bitmap

.fw_patch_table
                0x0000000f        0x1
 *(FW_PATCH_TABLE)
 FW_PATCH_TABLE
                0x0000000f        0x1 C:\CSR_uEnergy_SDK-2.4.5.13\tools\lib\CSR101x_A05\libgatt_lib_ram.a(sw_patch_ram.o)
                0x0000000f                patch_table
                0x00000010                PROG_APPCODE_START = .

.text           0x00000010     0x311f load address 0x80000010
 *xap2crt0.o(.text)
 *xap2crt0.o(.text.*)
                0x00000010                PROG_PATCH_ADDRESS = .
 *(.hw_patch)
 .hw_patch      0x00000010      0x158 C:\CSR_uEnergy_SDK-2.4.5.13\tools\lib\CSR101x_A05\libgatt_lib_ram.a(patch_baldrick.o)
                0x00000010                hw_patch
 *(.text)
 .text          0x00000168       0x3e C:\CSR_uEnergy_SDK-2.4.5.13\tools\lib\CSR101x_A05\libgatt_lib_ram.a(sm_pair_auth.o)
                0x00000168                SMPairingAuthRsp
                0x00000182                ___libgatt_lib_db_4578
 .text          0x000001a6       0x3e C:\CSR_uEnergy_SDK-2.4.5.13\tools\lib\CSR101x_A05\libgatt_lib_ram.a(sm_ram.o)
                0x000001d6                SMDistributeMasterLtk
                0x000001a6                ___libgatt_lib_db_476
                0x000001b8                SMFeaturesReq
 .text          0x000001e4       0x26 C:\CSR_uEnergy_SDK-2.4.5.13\tools\lib\CSR101x_A05\libgatt_lib_ram.a(sm_div.o)
                0x000001f8                ___libgatt_lib_db_487
                0x000001e4                SMDivApproval
 .text          0x0000020a      0x1cf C:\CSR_uEnergy_SDK-2.4.5.13\tools\lib\CSR101x_A05\libgatt_lib_ram.a(patch_sm.o)
                0x0000023f                ___libgatt_lib_db_4587
                0x0000029a                ___libgatt_lib_db_4585
                0x0000020a                ___libgatt_lib_db_4584
                0x000002a4                ___libgatt_lib_db_4589
                0x00000329                ___libgatt_lib_db_4586
                0x000002b3                ___libgatt_lib_db_4583
                0x00000378                ___libgatt_lib_db_4588
                0x000002d5                ___libgatt_lib_db_4598
 .text          0x000003d9        0x8 C:\CSR_uEnergy_SDK-2.4.5.13\tools\lib\CSR101x_A05\libgatt_lib_ram.a(patch_sm_host_interface.o)
                0x000003d9                SMRequestSecurityLevel
 .text          0x000003e1        0xf C:\CSR_uEnergy_SDK-2.4.5.13\tools\lib\CSR101x_A05\libgatt_lib_ram.a(patch_sm_l2cap.o)
                0x000003e1                ___libgatt_lib_db_4600
 *(.text.*)
 .text.GattGetDatabase
                0x000003f0        0x9 depend_Debug_CSR101x_A05\app_gatt_db.o
                0x000003f0                GattGetDatabase
 .text.ProcessRxData
                0x000003f9       0x62 depend_Debug_CSR101x_A05\uart_interface.o
                0x000003f9                ProcessRxData
 .text.SendDataToUart
                0x0000045b        0xb depend_Debug_CSR101x_A05\uart_interface.o
                0x0000045b                SendDataToUart
 .text.SetLastNotificationStatus
                0x00000466        0x6 depend_Debug_CSR101x_A05\uart_interface.o
                0x00000466                SetLastNotificationStatus
 .text.SendPartialBuffer
                0x0000046c       0x2e depend_Debug_CSR101x_A05\uart_interface.o
 .text.readBatteryLevel
                0x0000049a       0x6d depend_Debug_CSR101x_A05\battery_service.o
 .text.BatteryDataInit
                0x00000507        0x9 depend_Debug_CSR101x_A05\battery_service.o
                0x00000507                BatteryDataInit
 .text.BatteryInitChipReset
                0x00000510        0x4 depend_Debug_CSR101x_A05\battery_service.o
                0x00000510                BatteryInitChipReset
 .text.BatteryHandleAccessRead
                0x00000514       0x3d depend_Debug_CSR101x_A05\battery_service.o
                0x00000514                BatteryHandleAccessRead
 .text.BatteryHandleAccessWrite
                0x00000551       0x4a depend_Debug_CSR101x_A05\battery_service.o
                0x00000551                BatteryHandleAccessWrite
 .text.BatteryUpdateLevel
                0x0000059b       0x21 depend_Debug_CSR101x_A05\battery_service.o
                0x0000059b                BatteryUpdateLevel
 .text.BatteryReadDataFromNVM
                0x000005bc       0x17 depend_Debug_CSR101x_A05\battery_service.o
                0x000005bc                BatteryReadDataFromNVM
 .text.BatteryCheckHandleRange
                0x000005d3        0xb depend_Debug_CSR101x_A05\battery_service.o
                0x000005d3                BatteryCheckHandleRange
 .text.BatteryBondingNotify
                0x000005de        0xd depend_Debug_CSR101x_A05\battery_service.o
                0x000005de                BatteryBondingNotify
 .text.Nvm_Disable
                0x000005eb        0x9 depend_Debug_CSR101x_A05\nvm_access.o
                0x000005eb                Nvm_Disable
 .text.Nvm_Read
                0x000005f4       0x12 depend_Debug_CSR101x_A05\nvm_access.o
                0x000005f4                Nvm_Read
 .text.Nvm_Write
                0x00000606       0x12 depend_Debug_CSR101x_A05\nvm_access.o
                0x00000606                Nvm_Write
 .text.getSystemId
                0x00000618       0x3f depend_Debug_CSR101x_A05\dev_info_service.o
 .text.DeviceInfoHandleAccessRead
                0x00000657       0x2d depend_Debug_CSR101x_A05\dev_info_service.o
                0x00000657                DeviceInfoHandleAccessRead
 .text.DeviceInfoCheckHandleRange
                0x00000684        0xf depend_Debug_CSR101x_A05\dev_info_service.o
                0x00000684                DeviceInfoCheckHandleRange
 .text.handleShortButtonPress
                0x00000693        0xa depend_Debug_CSR101x_A05\hw_access.o
 .text.handleExtraLongButtonPress
                0x0000069d        0xc depend_Debug_CSR101x_A05\hw_access.o
 .text.InitHardware
                0x000006a9       0x6e depend_Debug_CSR101x_A05\hw_access.o
                0x000006a9                InitHardware
 .text.HwDataInit
                0x00000717        0xe depend_Debug_CSR101x_A05\hw_access.o
                0x00000717                HwDataInit
 .text.HandlePIOChangedEvent
                0x00000725       0x76 depend_Debug_CSR101x_A05\hw_access.o
                0x00000725                HandlePIOChangedEvent
 .text.appDataInit
                0x0000079b       0x47 depend_Debug_CSR101x_A05\serial_server.o
 .text.setLastNotificationResult
                0x000007e2        0x6 depend_Debug_CSR101x_A05\serial_server.o
 .text.emptySendRecvBuffers
                0x000007e8        0x8 depend_Debug_CSR101x_A05\serial_server.o
 .text.readPersistentStore
                0x000007f0       0x6e depend_Debug_CSR101x_A05\serial_server.o
 .text.enableWhiteList
                0x0000085e        0xf depend_Debug_CSR101x_A05\serial_server.o
 .text.appIdleTimerHandler
                0x0000086d       0x11 depend_Debug_CSR101x_A05\serial_server.o
 .text.handleBondingChanceTimerExpiry
                0x0000087e        0xd depend_Debug_CSR101x_A05\serial_server.o
 .text.appStartAdvert
                0x0000088b        0xe depend_Debug_CSR101x_A05\serial_server.o
 .text.appExitAdvertising
                0x00000899        0xa depend_Debug_CSR101x_A05\serial_server.o
 .text.appAdvertTimerHandler
                0x000008a3        0xc depend_Debug_CSR101x_A05\serial_server.o
 .text.appInitExit
                0x000008af       0x16 depend_Debug_CSR101x_A05\serial_server.o
 .text.resetIdleTimer
                0x000008c5       0x1c depend_Debug_CSR101x_A05\serial_server.o
 .text.handleSignalGattAddDbCfm
                0x000008e1       0x14 depend_Debug_CSR101x_A05\serial_server.o
 .text.handleSignalGattCancelConnectCfm
                0x000008f5       0x31 depend_Debug_CSR101x_A05\serial_server.o
 .text.handleSignalGattConnectCfm
                0x00000926       0x55 depend_Debug_CSR101x_A05\serial_server.o
 .text.handleSignalSmKeysInd
                0x0000097b       0x3b depend_Debug_CSR101x_A05\serial_server.o
 .text.handleSignalGattNotificationCfm
                0x000009b6       0x25 depend_Debug_CSR101x_A05\serial_server.o
 .text.handleSignalSmPairingAuthInd
                0x000009db       0x1a depend_Debug_CSR101x_A05\serial_server.o
 .text.handleSignalLMEncryptionChange
                0x000009f5       0x33 depend_Debug_CSR101x_A05\serial_server.o
 .text.handleSignalSmSimplePairingCompleteInd
                0x00000a28       0x57 depend_Debug_CSR101x_A05\serial_server.o
 .text.handleSignalSmDivApproveInd
                0x00000a7f       0x1e depend_Debug_CSR101x_A05\serial_server.o
 .text.handleSignalGattAccessInd
                0x00000a9d      0x349 depend_Debug_CSR101x_A05\serial_server.o
 .text.handleSignalLmDisconnectComplete
                0x00000de6       0xa1 depend_Debug_CSR101x_A05\serial_server.o
 .text.handleSignalLsRadioEventInd
                0x00000e87       0x15 depend_Debug_CSR101x_A05\serial_server.o
 .text.handleLED
                0x00000e9c       0x5c depend_Debug_CSR101x_A05\serial_server.o
 .text.ReportPanic
                0x00000ef8        0x7 depend_Debug_CSR101x_A05\serial_server.o
                0x00000ef8                ReportPanic
 .text.HandleExtTrigger
                0x00000eff       0x37 depend_Debug_CSR101x_A05\serial_server.o
                0x00000eff                HandleExtTrigger
 .text.HandleShortButtonPress
                0x00000f36        0x8 depend_Debug_CSR101x_A05\serial_server.o
                0x00000f36                HandleShortButtonPress
 .text.HandleLongButtonPress
                0x00000f3e       0x23 depend_Debug_CSR101x_A05\serial_server.o
                0x00000f3e                HandleLongButtonPress
 .text.AppSetState
                0x00000f61       0xfe depend_Debug_CSR101x_A05\serial_server.o
                0x00000f61                AppSetState
 .text.AppGetState
                0x0000105f        0x3 depend_Debug_CSR101x_A05\serial_server.o
                0x0000105f                AppGetState
 .text.HandlePairingRemoval
                0x00001062       0x34 depend_Debug_CSR101x_A05\serial_server.o
                0x00001062                HandlePairingRemoval
 .text.StartAdvertTimer
                0x00001096       0x19 depend_Debug_CSR101x_A05\serial_server.o
                0x00001096                StartAdvertTimer
 .text.IsDeviceBonded
                0x000010af        0x3 depend_Debug_CSR101x_A05\serial_server.o
                0x000010af                IsDeviceBonded
 .text.GetConnectionID
                0x000010b2        0x3 depend_Debug_CSR101x_A05\serial_server.o
                0x000010b2                GetConnectionID
 .text.writeASCIICodedNumber
                0x000010b5       0x54 depend_Debug_CSR101x_A05\serial_server.o
 .text.Led_handler
                0x00001109       0x8b depend_Debug_CSR101x_A05\serial_server.o
 .text.handler  0x00001194      0x25c depend_Debug_CSR101x_A05\serial_server.o
 .text.AppPowerOnReset
                0x000013f0        0x1 depend_Debug_CSR101x_A05\serial_server.o
                0x000013f0                AppPowerOnReset
 .text.AppInit  0x000013f1       0xa9 depend_Debug_CSR101x_A05\serial_server.o
                0x000013f1                AppInit
 .text.AppProcessSystemEvent
                0x0000149a       0x19 depend_Debug_CSR101x_A05\serial_server.o
                0x0000149a                AppProcessSystemEvent
 .text.AppProcessLmEvent
                0x000014b3       0xb7 depend_Debug_CSR101x_A05\serial_server.o
                0x000014b3                AppProcessLmEvent
 .text.gattSetAdvertParams
                0x0000156a       0x90 depend_Debug_CSR101x_A05\serial_gatt.o
 .text.InitGattData
                0x000015fa        0x7 depend_Debug_CSR101x_A05\serial_gatt.o
                0x000015fa                InitGattData
 .text.HandleAccessRead
                0x00001601       0x45 depend_Debug_CSR101x_A05\serial_gatt.o
                0x00001601                HandleAccessRead
 .text.HandleAccessWrite
                0x00001646       0x3b depend_Debug_CSR101x_A05\serial_gatt.o
                0x00001646                HandleAccessWrite
 .text.GattStartAdverts
                0x00001681       0x3f depend_Debug_CSR101x_A05\serial_gatt.o
                0x00001681                GattStartAdverts
 .text.GetSupported128BitUUIDServiceList
                0x000016c0       0xa4 depend_Debug_CSR101x_A05\serial_gatt.o
                0x000016c0                GetSupported128BitUUIDServiceList
 .text.GattIsAddressResolvableRandom
                0x00001764       0x14 depend_Debug_CSR101x_A05\serial_gatt.o
                0x00001764                GattIsAddressResolvableRandom
 .text.GattTriggerFastAdverts
                0x00001778        0xf depend_Debug_CSR101x_A05\serial_gatt.o
                0x00001778                GattTriggerFastAdverts
 .text.GattStopAdverts
                0x00001787       0x19 depend_Debug_CSR101x_A05\serial_gatt.o
                0x00001787                GattStopAdverts
 .text.SerialHandleAccessRead
                0x000017a0       0x2a depend_Debug_CSR101x_A05\serial_service.o
                0x000017a0                SerialHandleAccessRead
 .text.SerialHandleAccessWrite
                0x000017ca       0x47 depend_Debug_CSR101x_A05\serial_service.o
                0x000017ca                SerialHandleAccessWrite
 .text.SerialReadDataFromNVM
                0x00001811       0x19 depend_Debug_CSR101x_A05\serial_service.o
                0x00001811                SerialReadDataFromNVM
 .text.SerialCheckHandleRange
                0x0000182a        0xf depend_Debug_CSR101x_A05\serial_service.o
                0x0000182a                SerialCheckHandleRange
 .text.SerialSendNotification
                0x00001839       0x1f depend_Debug_CSR101x_A05\serial_service.o
                0x00001839                SerialSendNotification
 .text.SerialBondingNotify
                0x00001858        0xe depend_Debug_CSR101x_A05\serial_service.o
                0x00001858                SerialBondingNotify
 .text.peekBuffer
                0x00001866      0x16b depend_Debug_CSR101x_A05\byte_queue.o
 .text.BQGetDataSize
                0x000019d1       0x45 depend_Debug_CSR101x_A05\byte_queue.o
                0x000019d1                BQGetDataSize
 .text.BQClearBuffer
                0x00001a16       0x2c depend_Debug_CSR101x_A05\byte_queue.o
                0x00001a16                BQClearBuffer
 .text.BQPopBytes
                0x00001a42        0xe depend_Debug_CSR101x_A05\byte_queue.o
                0x00001a42                BQPopBytes
 .text.BQPeekBytes
                0x00001a50        0xa depend_Debug_CSR101x_A05\byte_queue.o
                0x00001a50                BQPeekBytes
 .text.BQCommitLastPeek
                0x00001a5a       0x14 depend_Debug_CSR101x_A05\byte_queue.o
                0x00001a5a                BQCommitLastPeek
 .text.readCsBlock
                0x00001a6e       0x20 depend_Debug_CSR101x_A05\csr_ota_service.o
 .text.OtaDataInit
                0x00001a8e        0x4 depend_Debug_CSR101x_A05\csr_ota_service.o
                0x00001a8e                OtaDataInit
 .text.OtaHandleAccessRead
                0x00001a92       0x49 depend_Debug_CSR101x_A05\csr_ota_service.o
                0x00001a92                OtaHandleAccessRead
 .text.OtaHandleAccessWrite
                0x00001adb       0x9a depend_Debug_CSR101x_A05\csr_ota_service.o
                0x00001adb                OtaHandleAccessWrite
 .text.OtaCheckHandleRange
                0x00001b75        0xf depend_Debug_CSR101x_A05\csr_ota_service.o
                0x00001b75                OtaCheckHandleRange
 .text.OtaResetRequired
                0x00001b84        0x3 depend_Debug_CSR101x_A05\csr_ota_service.o
                0x00001b84                OtaResetRequired
 .text.GattDataInit
                0x00001b87        0xc depend_Debug_CSR101x_A05\gatt_service.o
                0x00001b87                GattDataInit
 .text.GattReadDataFromNVM
                0x00001b93       0x39 depend_Debug_CSR101x_A05\gatt_service.o
                0x00001b93                GattReadDataFromNVM
 .text.GattOnConnection
                0x00001bcc       0x2b depend_Debug_CSR101x_A05\gatt_service.o
                0x00001bcc                GattOnConnection
 .text.GattOnOtaSwitch
                0x00001bf7       0x16 depend_Debug_CSR101x_A05\gatt_service.o
                0x00001bf7                GattOnOtaSwitch
 .text.GattServiceChangedIndActive
                0x00001c0d       0x10 depend_Debug_CSR101x_A05\gatt_service.o
                0x00001c0d                GattServiceChangedIndActive
 .text.GattHandleAccessRead
                0x00001c1d       0x2b depend_Debug_CSR101x_A05\gatt_service.o
                0x00001c1d                GattHandleAccessRead
 .text.GattHandleAccessWrite
                0x00001c48       0x3b depend_Debug_CSR101x_A05\gatt_service.o
                0x00001c48                GattHandleAccessWrite
 .text.GattCheckHandleRange
                0x00001c83        0xe depend_Debug_CSR101x_A05\gatt_service.o
                0x00001c83                GattCheckHandleRange
 .text.GattBondingNotify
                0x00001c91        0xe depend_Debug_CSR101x_A05\gatt_service.o
                0x00001c91                GattBondingNotify
 .text.init_buffer
                0x00001c9f       0x24 depend_Debug_CSR101x_A05\vf_pwm.o
 .text.write_buffer
                0x00001cc3       0x7f depend_Debug_CSR101x_A05\vf_pwm.o
 .text.write_header
                0x00001d42       0x1d depend_Debug_CSR101x_A05\vf_pwm.o
 .text.write_output
                0x00001d5f       0x1d depend_Debug_CSR101x_A05\vf_pwm.o
 .text.write_loop
                0x00001d7c        0xa depend_Debug_CSR101x_A05\vf_pwm.o
 .text.write_end
                0x00001d86       0x36 depend_Debug_CSR101x_A05\vf_pwm.o
 .text.VFPWMConfig
                0x00001dbc       0x5b depend_Debug_CSR101x_A05\vf_pwm.o
                0x00001dbc                VFPWMConfig
 .text.VFPWMStart
                0x00001e17       0x83 depend_Debug_CSR101x_A05\vf_pwm.o
                0x00001e17                VFPWMStart
 .text.I2CAcquire
                0x00001e9a        0xf depend_Debug_CSR101x_A05\i2c_comms.o
                0x00001e9a                I2CAcquire
 .text.I2CRelease
                0x00001ea9        0x7 depend_Debug_CSR101x_A05\i2c_comms.o
                0x00001ea9                I2CRelease
 .text.I2CcommsInit
                0x00001eb0       0x3a depend_Debug_CSR101x_A05\i2c_comms.o
                0x00001eb0                I2CcommsInit
 .text.I2C_IO_Write
                0x00001eea       0x32 depend_Debug_CSR101x_A05\i2c_comms.o
                0x00001eea                I2C_IO_Write
 .text.___libgatt_lib_db_4554
                0x00001f1c        0x7 C:\CSR_uEnergy_SDK-2.4.5.13\tools\lib\CSR101x_A05\libgatt_lib_ram.a(patch_ls_app_if.o)
                0x00001f1c                ___libgatt_lib_db_4554
 .text.patch_process_hci_event
                0x00001f23       0x2f C:\CSR_uEnergy_SDK-2.4.5.13\tools\lib\CSR101x_A05\libgatt_lib_ram.a(patch_ls_app_if.o)
 .text.LsRadioEventNotification
                0x00001f52        0x9 C:\CSR_uEnergy_SDK-2.4.5.13\tools\lib\CSR101x_A05\libgatt_lib_ram.a(patch_ls_app_if.o)
                0x00001f52                LsRadioEventNotification
 .text.___libgatt_lib_db_4563
                0x00001f5b        0xe C:\CSR_uEnergy_SDK-2.4.5.13\tools\lib\CSR101x_A05\libgatt_lib_ram.a(patch_ls_advertising_if.o)
                0x00001f5b                ___libgatt_lib_db_4563
 .text.ls_advscan_set_payload_data
                0x00001f69       0x46 C:\CSR_uEnergy_SDK-2.4.5.13\tools\lib\CSR101x_A05\libgatt_lib_ram.a(patch_ls_advertising_if.o)
 .text.___libgatt_lib_db_4564
                0x00001faf        0xb C:\CSR_uEnergy_SDK-2.4.5.13\tools\lib\CSR101x_A05\libgatt_lib_ram.a(patch_ls_advertising_if.o)
                0x00001faf                ___libgatt_lib_db_4564
 .text.LsStoreAdvScanData
                0x00001fba        0xe C:\CSR_uEnergy_SDK-2.4.5.13\tools\lib\CSR101x_A05\libgatt_lib_ram.a(patch_ls_advertising_if.o)
                0x00001fba                LsStoreAdvScanData
 .text.GattInit
                0x00001fc8       0x1f C:\CSR_uEnergy_SDK-2.4.5.13\tools\lib\CSR101x_A05\libgatt_lib_ram.a(gatt_ram.o)
                0x00001fc8                GattInit
 .text.GattCancelConnectReq
                0x00001fe7        0x7 C:\CSR_uEnergy_SDK-2.4.5.13\tools\lib\CSR101x_A05\libgatt_lib_ram.a(patch_gatt.o)
                0x00001fe7                GattCancelConnectReq
 .text.ram_le_connection_timeout_A05
                0x00001fee       0x34 C:\CSR_uEnergy_SDK-2.4.5.13\tools\lib\CSR101x_A05\libgatt_lib_ram.a(patch_george.o)
 .text.___libgatt_lib_db_4603
                0x00002022        0x8 C:\CSR_uEnergy_SDK-2.4.5.13\tools\lib\CSR101x_A05\libgatt_lib_ram.a(patch_george.o)
                0x00002022                ___libgatt_lib_db_4603
 .text.___libgatt_lib_db_4609
                0x0000202a       0x1b C:\CSR_uEnergy_SDK-2.4.5.13\tools\lib\CSR101x_A05\libgatt_lib_ram.a(patch_george.o)
                0x0000202a                ___libgatt_lib_db_4609
 .text.___libgatt_lib_db_4608
                0x00002045       0xde C:\CSR_uEnergy_SDK-2.4.5.13\tools\lib\CSR101x_A05\libgatt_lib_ram.a(patch_george.o)
                0x00002045                ___libgatt_lib_db_4608
 .text.rx_timing_report
                0x00002123       0xb1 C:\CSR_uEnergy_SDK-2.4.5.13\tools\lib\CSR101x_A05\libgatt_lib_ram.a(patch_george.o)
 .text.ram_le_handle_event
                0x000021d4       0xeb C:\CSR_uEnergy_SDK-2.4.5.13\tools\lib\CSR101x_A05\libgatt_lib_ram.a(patch_george.o)
 .text.___libgatt_lib_db_4550
                0x000022bf       0x1c C:\CSR_uEnergy_SDK-2.4.5.13\tools\lib\CSR101x_A05\libgatt_lib_ram.a(patch_george.o)
                0x000022bf                ___libgatt_lib_db_4550
 .text.___libgatt_lib_db_4549
                0x000022db       0x2d C:\CSR_uEnergy_SDK-2.4.5.13\tools\lib\CSR101x_A05\libgatt_lib_ram.a(patch_george.o)
                0x000022db                ___libgatt_lib_db_4549
 .text.___libgatt_lib_db_4604
                0x00002308      0x17f C:\CSR_uEnergy_SDK-2.4.5.13\tools\lib\CSR101x_A05\libgatt_lib_ram.a(patch_george.o)
                0x00002308                ___libgatt_lib_db_4604
 .text.___libgatt_lib_db_4544
                0x00002487       0x26 C:\CSR_uEnergy_SDK-2.4.5.13\tools\lib\CSR101x_A05\libgatt_lib_ram.a(patch_george.o)
                0x00002487                ___libgatt_lib_db_4544
 .text.___libgatt_lib_db_4610
                0x000024ad       0xb4 C:\CSR_uEnergy_SDK-2.4.5.13\tools\lib\CSR101x_A05\libgatt_lib_ram.a(patch_george.o)
                0x000024ad                ___libgatt_lib_db_4610
 .text.___libgatt_lib_db_4620
                0x00002561        0xc C:\CSR_uEnergy_SDK-2.4.5.13\tools\lib\CSR101x_A05\libgatt_lib_ram.a(patch_george_ll.o)
                0x00002561                ___libgatt_lib_db_4620
 .text.___libgatt_lib_db_4619
                0x0000256d       0x11 C:\CSR_uEnergy_SDK-2.4.5.13\tools\lib\CSR101x_A05\libgatt_lib_ram.a(patch_george_ll.o)
                0x0000256d                ___libgatt_lib_db_4619
 .text.___libgatt_lib_db_4621
                0x0000257e      0x124 C:\CSR_uEnergy_SDK-2.4.5.13\tools\lib\CSR101x_A05\libgatt_lib_ram.a(patch_george_ll.o)
                0x0000257e                ___libgatt_lib_db_4621
 .text.___libgatt_lib_db_4636
                0x000026a2       0x27 C:\CSR_uEnergy_SDK-2.4.5.13\tools\lib\CSR101x_A05\libgatt_lib_ram.a(patch_dbase.o)
                0x000026a2                ___libgatt_lib_db_4636
 .text.___libgatt_lib_db_4630
                0x000026c9       0x16 C:\CSR_uEnergy_SDK-2.4.5.13\tools\lib\CSR101x_A05\libgatt_lib_ram.a(patch_dbase.o)
                0x000026c9                ___libgatt_lib_db_4630
 .text.dbase_safe_access_check_curr
                0x000026df        0x3 C:\CSR_uEnergy_SDK-2.4.5.13\tools\lib\CSR101x_A05\libgatt_lib_ram.a(patch_dbase.o)
 .text.___libgatt_lib_db_4635
                0x000026e2       0x11 C:\CSR_uEnergy_SDK-2.4.5.13\tools\lib\CSR101x_A05\libgatt_lib_ram.a(patch_dbase.o)
                0x000026e2                ___libgatt_lib_db_4635
 .text.___libgatt_lib_db_4633
                0x000026f3       0x11 C:\CSR_uEnergy_SDK-2.4.5.13\tools\lib\CSR101x_A05\libgatt_lib_ram.a(patch_dbase.o)
                0x000026f3                ___libgatt_lib_db_4633
 .text.___libgatt_lib_db_4632
                0x00002704        0xf C:\CSR_uEnergy_SDK-2.4.5.13\tools\lib\CSR101x_A05\libgatt_lib_ram.a(patch_dbase.o)
                0x00002704                ___libgatt_lib_db_4632
 .text.___libgatt_lib_db_4631
                0x00002713        0x7 C:\CSR_uEnergy_SDK-2.4.5.13\tools\lib\CSR101x_A05\libgatt_lib_ram.a(patch_dbase.o)
                0x00002713                ___libgatt_lib_db_4631
 .text.___libgatt_lib_db_4645
                0x0000271a        0xc C:\CSR_uEnergy_SDK-2.4.5.13\tools\lib\CSR101x_A05\libgatt_lib_ram.a(hal_debugbus_state.o)
                0x0000271a                ___libgatt_lib_db_4645
 .text.___libgatt_lib_db_4644
                0x00002726        0xc C:\CSR_uEnergy_SDK-2.4.5.13\tools\lib\CSR101x_A05\libgatt_lib_ram.a(hal_debugbus_state.o)
                0x00002726                ___libgatt_lib_db_4644
 .text.___libgatt_lib_db_4659
                0x00002732       0x24 C:\CSR_uEnergy_SDK-2.4.5.13\tools\lib\CSR101x_A05\libgatt_lib_ram.a(patch_timer.o)
                0x00002732                ___libgatt_lib_db_4659
 .text.ram_app_init
                0x00002756       0x31 C:\CSR_uEnergy_SDK-2.4.5.13\tools\lib\CSR101x_A05\libgatt_lib_ram.a(main_ram.o)
                0x00002756                ram_app_init
 .text.___libgatt_lib_db_4364
                0x00002787        0x8 C:\CSR_uEnergy_SDK-2.4.5.13\tools\lib\CSR101x_A05\libgatt_lib_ram.a(hw_patch_install.o)
                0x00002787                ___libgatt_lib_db_4364
 .text.PioCtrlrStart
                0x0000278f        0x4 C:\CSR_uEnergy_SDK-2.4.5.13\tools\lib\CSR101x_A05\libgatt_lib_ram.a(pio_ctrlr.o)
                0x0000278f                PioCtrlrStart
 .text.PioCtrlrStop
                0x00002793        0x4 C:\CSR_uEnergy_SDK-2.4.5.13\tools\lib\CSR101x_A05\libgatt_lib_ram.a(pio_ctrlr.o)
                0x00002793                PioCtrlrStop
 .text.PioCtrlrClock
                0x00002797        0xc C:\CSR_uEnergy_SDK-2.4.5.13\tools\lib\CSR101x_A05\libgatt_lib_ram.a(pio_ctrlr.o)
                0x00002797                PioCtrlrClock
 .text.___libgatt_lib_db_4368
                0x000027a3       0x43 C:\CSR_uEnergy_SDK-2.4.5.13\tools\lib\CSR101x_A05\libgatt_lib_ram.a(pio_ctrlr.o)
                0x000027a3                ___libgatt_lib_db_4368
 .text.PioCtrlrInit
                0x000027e6       0x25 C:\CSR_uEnergy_SDK-2.4.5.13\tools\lib\CSR101x_A05\libgatt_lib_ram.a(pio_ctrlr.o)
                0x000027e6                PioCtrlrInit
 .text.I2cReset
                0x0000280b        0x7 C:\CSR_uEnergy_SDK-2.4.5.13\tools\lib\CSR101x_A05\libgatt_lib_ram.a(patch_i2c.o)
                0x0000280b                I2cReset
 .text.NvmConfigureI2cEeprom
                0x00002812        0xd C:\CSR_uEnergy_SDK-2.4.5.13\tools\lib\CSR101x_A05\libgatt_lib_ram.a(patch_i2c_app_mem_mgr.o)
                0x00002812                NvmConfigureI2cEeprom
 .text.new_disable_i2c
                0x0000281f        0xb C:\CSR_uEnergy_SDK-2.4.5.13\tools\lib\CSR101x_A05\libgatt_lib_ram.a(patch_i2c_app_mem_mgr.o)
 .text.AioRead  0x0000282a       0x30 C:\CSR_uEnergy_SDK-2.4.5.13\tools\lib\CSR101x_A05\libgatt_lib_ram.a(patch_robs_aio.o)
                0x0000282a                AioRead
 .text.PioConfigPWM
                0x0000285a       0x2b C:\CSR_uEnergy_SDK-2.4.5.13\tools\lib\CSR101x_A05\libgatt_lib_ram.a(robs_pio_ram.o)
                0x0000285a                PioConfigPWM
 .text.PioSetMode
                0x00002885        0xb C:\CSR_uEnergy_SDK-2.4.5.13\tools\lib\CSR101x_A05\libgatt_lib_ram.a(robs_pio_ram.o)
                0x00002885                PioSetMode
 .text.IdGetLlVerBtle
                0x00002890        0x3 C:\CSR_uEnergy_SDK-2.4.5.13\tools\lib\CSR101x_A05\libgatt_lib_ram.a(id_ram.o)
                0x00002890                IdGetLlVerBtle
 .text.___libgatt_lib_db_4693
                0x00002893       0x27 C:\CSR_uEnergy_SDK-2.4.5.13\tools\lib\CSR101x_A05\libgatt_lib_ram.a(patch_adc.o)
                0x00002893                ___libgatt_lib_db_4693
 .text.___libgatt_lib_db_4568
                0x000028ba       0x11 C:\CSR_uEnergy_SDK-2.4.5.13\tools\lib\CSR101x_A05\libgatt_lib_ram.a(patch_ls_l2cap_if.o)
                0x000028ba                ___libgatt_lib_db_4568
 .text.___libgatt_lib_db_4570
                0x000028cb        0xc C:\CSR_uEnergy_SDK-2.4.5.13\tools\lib\CSR101x_A05\libgatt_lib_ram.a(patch_l2cap.o)
                0x000028cb                ___libgatt_lib_db_4570
 .text.___libgatt_lib_db_4572
                0x000028d7        0xe C:\CSR_uEnergy_SDK-2.4.5.13\tools\lib\CSR101x_A05\libgatt_lib_ram.a(patch_att_install.o)
                0x000028d7                ___libgatt_lib_db_4572
 .text.patch_att_handle_execute_write_req
                0x000028e5       0xf9 C:\CSR_uEnergy_SDK-2.4.5.13\tools\lib\CSR101x_A05\libgatt_lib_ram.a(patch_att_install.o)
 .text.patch_att_handle_read_multi_req
                0x000029de       0xb5 C:\CSR_uEnergy_SDK-2.4.5.13\tools\lib\CSR101x_A05\libgatt_lib_ram.a(patch_att_install.o)
 .text.___libgatt_lib_db_4626
                0x00002a93       0x5a C:\CSR_uEnergy_SDK-2.4.5.13\tools\lib\CSR101x_A05\libgatt_lib_ram.a(patch_george_adv.o)
                0x00002a93                ___libgatt_lib_db_4626
 .text.___libgatt_lib_db_4627
                0x00002aed       0x1b C:\CSR_uEnergy_SDK-2.4.5.13\tools\lib\CSR101x_A05\libgatt_lib_ram.a(patch_george_adv.o)
                0x00002aed                ___libgatt_lib_db_4627
 .text.___libgatt_lib_db_4206
                0x00002b08       0x1d C:\CSR_uEnergy_SDK-2.4.5.13\tools\lib\CSR101x_A05\libgatt_lib_ram.a(patch_halradiotrim.o)
                0x00002b08                ___libgatt_lib_db_4206
 .text.___libgatt_lib_db_4208
                0x00002b25       0x11 C:\CSR_uEnergy_SDK-2.4.5.13\tools\lib\CSR101x_A05\libgatt_lib_ram.a(patch_halradiotrim.o)
                0x00002b25                ___libgatt_lib_db_4208
 .text.___libgatt_lib_db_4209
                0x00002b36       0x4d C:\CSR_uEnergy_SDK-2.4.5.13\tools\lib\CSR101x_A05\libgatt_lib_ram.a(patch_halradiotrim.o)
                0x00002b36                ___libgatt_lib_db_4209
 .text.RAM_set_tx_power_parameters
                0x00002b83       0x57 C:\CSR_uEnergy_SDK-2.4.5.13\tools\lib\CSR101x_A05\libgatt_lib_ram.a(patch_halradiotrim.o)
 .text.___libgatt_lib_db_4651
                0x00002bda        0xf C:\CSR_uEnergy_SDK-2.4.5.13\tools\lib\CSR101x_A05\libgatt_lib_ram.a(patch_halradiotrim.o)
                0x00002bda                ___libgatt_lib_db_4651
 .text.___libgatt_lib_db_4649
                0x00002be9        0xa C:\CSR_uEnergy_SDK-2.4.5.13\tools\lib\CSR101x_A05\libgatt_lib_ram.a(patch_halradiotrim.o)
                0x00002be9                ___libgatt_lib_db_4649
 .text.___libgatt_lib_db_4205
                0x00002bf3        0x9 C:\CSR_uEnergy_SDK-2.4.5.13\tools\lib\CSR101x_A05\libgatt_lib_ram.a(patch_halradiotrim.o)
                0x00002bf3                ___libgatt_lib_db_4205
 .text.___libgatt_lib_db_4657
                0x00002bfc       0x55 C:\CSR_uEnergy_SDK-2.4.5.13\tools\lib\CSR101x_A05\libgatt_lib_ram.a(patch_halradio.o)
                0x00002bfc                ___libgatt_lib_db_4657
 .text.___libgatt_lib_db_4662
                0x00002c51        0xd C:\CSR_uEnergy_SDK-2.4.5.13\tools\lib\CSR101x_A05\libgatt_lib_ram.a(patch_sleep.o)
                0x00002c51                ___libgatt_lib_db_4662
 .text.___libgatt_lib_db_4207
                0x00002c5e        0xd C:\CSR_uEnergy_SDK-2.4.5.13\tools\lib\CSR101x_A05\libgatt_lib_ram.a(patch_reset.o)
                0x00002c5e                ___libgatt_lib_db_4207
 .text.___libgatt_lib_db_4664
                0x00002c6b       0x3a C:\CSR_uEnergy_SDK-2.4.5.13\tools\lib\CSR101x_A05\libgatt_lib_ram.a(patch_pools.o)
                0x00002c6b                ___libgatt_lib_db_4664
 .text.___libgatt_lib_db_4667
                0x00002ca5        0xf C:\CSR_uEnergy_SDK-2.4.5.13\tools\lib\CSR101x_A05\libgatt_lib_ram.a(patch_background_loop.o)
                0x00002ca5                ___libgatt_lib_db_4667
 .text.___libgatt_lib_db_4669
                0x00002cb4        0x5 C:\CSR_uEnergy_SDK-2.4.5.13\tools\lib\CSR101x_A05\libgatt_lib_ram.a(patch_fault.o)
                0x00002cb4                ___libgatt_lib_db_4669
 .text.___libgatt_lib_db_4680
                0x00002cb9       0x3b C:\CSR_uEnergy_SDK-2.4.5.13\tools\lib\CSR101x_A05\libgatt_lib_ram.a(patch_pmu.o)
                0x00002cb9                ___libgatt_lib_db_4680
 .text.___libgatt_lib_db_4679
                0x00002cf4       0x19 C:\CSR_uEnergy_SDK-2.4.5.13\tools\lib\CSR101x_A05\libgatt_lib_ram.a(patch_pmu.o)
                0x00002cf4                ___libgatt_lib_db_4679
 .text.___libgatt_lib_db_4677
                0x00002d0d       0x1e C:\CSR_uEnergy_SDK-2.4.5.13\tools\lib\CSR101x_A05\libgatt_lib_ram.a(patch_pmu.o)
                0x00002d0d                ___libgatt_lib_db_4677
 .text.___libgatt_lib_db_4678
                0x00002d2b       0x2e C:\CSR_uEnergy_SDK-2.4.5.13\tools\lib\CSR101x_A05\libgatt_lib_ram.a(patch_pmu.o)
                0x00002d2b                ___libgatt_lib_db_4678
 .text.___libgatt_lib_db_4214
                0x00002d59      0x15c C:\CSR_uEnergy_SDK-2.4.5.13\tools\lib\CSR101x_A05\libgatt_lib_ram.a(patch_thermometer.o)
                0x00002d59                ___libgatt_lib_db_4214
 .text.___libgatt_lib_db_4691
                0x00002eb5       0x87 C:\CSR_uEnergy_SDK-2.4.5.13\tools\lib\CSR101x_A05\libgatt_lib_ram.a(patch_updates.o)
                0x00002eb5                ___libgatt_lib_db_4691
 .text.OtaReset
                0x00002f3c        0x3 C:\CSR_uEnergy_SDK-2.4.5.13\tools\lib\otau\libotau.a(csr_ota.o)
                0x00002f3c                OtaReset
 .text.readProtectedValue
                0x00002f3f       0x24 C:\CSR_uEnergy_SDK-2.4.5.13\tools\lib\otau\libotau.a(csr_ota.o)
 .text.readOtaVersion
                0x00002f63        0x6 C:\CSR_uEnergy_SDK-2.4.5.13\tools\lib\otau\libotau.a(csr_ota.o)
 .text.readCurrentApp
                0x00002f69        0x4 C:\CSR_uEnergy_SDK-2.4.5.13\tools\lib\otau\libotau.a(csr_ota.o)
 .text.readSharedDataV5
                0x00002f6d        0xd C:\CSR_uEnergy_SDK-2.4.5.13\tools\lib\otau\libotau.a(csr_ota.o)
 .text.findSharedData
                0x00002f7a       0x57 C:\CSR_uEnergy_SDK-2.4.5.13\tools\lib\otau\libotau.a(csr_ota.o)
 .text.OtaReadCurrentApp
                0x00002fd1       0x21 C:\CSR_uEnergy_SDK-2.4.5.13\tools\lib\otau\libotau.a(csr_ota.o)
                0x00002fd1                OtaReadCurrentApp
 .text.writeCurrentAppV5
                0x00002ff2       0x66 C:\CSR_uEnergy_SDK-2.4.5.13\tools\lib\otau\libotau.a(csr_ota.o)
 .text.writeCurrentApp
                0x00003058       0x59 C:\CSR_uEnergy_SDK-2.4.5.13\tools\lib\otau\libotau.a(csr_ota.o)
 .text.OtaWriteCurrentApp
                0x000030b1       0x37 C:\CSR_uEnergy_SDK-2.4.5.13\tools\lib\otau\libotau.a(csr_ota.o)
                0x000030b1                OtaWriteCurrentApp
 .text.i2cInitBus
                0x000030e8       0x19 C:\CSR_uEnergy_SDK-2.4.5.13\tools\lib\otau\libotau.a(i2c_comms.o)
                0x000030e8                i2cInitBus
 .text.crcBlock
                0x00003101       0x2e C:\CSR_uEnergy_SDK-2.4.5.13\tools\lib\otau\libotau.a(crc16.o)
                0x00003101                crcBlock
 *(.apptext)
 *(.apptext.*)
 *xap2crte.o(.text)
 *xap2crte.o(.text.*)
                0x0000312f                PROG_APPCODE_END = .
                0x0000512f                DATA_CONST_START = (DATA_RAM_START + .)
                0x0000512f                . = DATA_CONST_START

.const
 *(CONST)
 *(CONST.*)
                0x0000512f                DATA_CONST_END = .
                0x0000512f                DATA_RODATA_START = .
                0x00005130                . = (. + 0x1)

.rodata         0x00005130       0x9b
 *(.rodata)
 *(.rodata.*)
 .rodata.handleSignalGattAccessInd
                0x00005130       0x3b depend_Debug_CSR101x_A05\serial_server.o
 .rodata.handleLED
                0x0000516b        0x7 depend_Debug_CSR101x_A05\serial_server.o
 .rodata.AppSetState
                0x00005172        0xe depend_Debug_CSR101x_A05\serial_server.o
 .rodata.C.0..2469.
                0x00005180        0x3 depend_Debug_CSR101x_A05\serial_gatt.o
 .rodata.ram_build_identifier_integer
                0x00005183        0x1 C:\CSR_uEnergy_SDK-2.4.5.13\tools\lib\CSR101x_A05\libgatt_lib_ram.a(id_ram.o)
                0x00005183                ram_build_identifier_integer
 .rodata.ram_build_identifier_string
                0x00005184       0x16 C:\CSR_uEnergy_SDK-2.4.5.13\tools\lib\CSR101x_A05\libgatt_lib_ram.a(id_ram.o)
                0x00005184                ram_build_identifier_string
 .rodata.slut_extended
                0x0000519a        0x9 C:\CSR_uEnergy_SDK-2.4.5.13\tools\lib\CSR101x_A05\libgatt_lib_ram.a(slut.o)
                0x0000519a                ___libgatt_lib_db_4695
 .rodata.tx_power_table
                0x000051a3       0x28 C:\CSR_uEnergy_SDK-2.4.5.13\tools\lib\CSR101x_A05\libgatt_lib_ram.a(patch_halradiotrim.o)
                0x000051a3                ___libgatt_lib_db_4656
                0x000051cb                DATA_RODATA_END = .

.bss            0x000051cb     0x40bf
                0x000051cb                DATA_BSS_APP_START = .
 *(.bss)
 .bss           0x000051cb        0x8 C:\CSR_uEnergy_SDK-2.4.5.13\tools\lib\CSR101x_A05\libgatt_lib_ram.a(sm_pair_auth.o)
 .bss           0x000051d3        0x3 C:\CSR_uEnergy_SDK-2.4.5.13\tools\lib\CSR101x_A05\libgatt_lib_ram.a(patch_sm.o)
                0x000051d3                sm_security_started
 .bss           0x000051d6        0x1 C:\CSR_uEnergy_SDK-2.4.5.13\tools\lib\CSR101x_A05\libgatt_lib_ram.a(patch_sm_l2cap.o)
 *(.bss.*)
 .bss.g_trigger_write_callback
                0x000051d7        0x1 depend_Debug_CSR101x_A05\uart_interface.o
                0x000051d7                g_trigger_write_callback
 .bss.g_is_current_baud_rate_high
                0x000051d8        0x1 depend_Debug_CSR101x_A05\uart_interface.o
                0x000051d8                g_is_current_baud_rate_high
 .bss.g_batt_data
                0x000051d9        0x3 depend_Debug_CSR101x_A05\battery_service.o
 .bss.g_dev_info_data
                0x000051dc        0x8 depend_Debug_CSR101x_A05\dev_info_service.o
 .bss.g_app_hw_data
                0x000051e4        0x2 depend_Debug_CSR101x_A05\hw_access.o
 .bss.reg       0x000051e6        0x1 depend_Debug_CSR101x_A05\serial_server.o
 .bss.g_radio_event_configured
                0x000051e7        0x1 depend_Debug_CSR101x_A05\serial_server.o
                0x000051e7                g_radio_event_configured
 .bss.g_adv_count
                0x000051e8        0x1 depend_Debug_CSR101x_A05\serial_server.o
                0x000051e8                g_adv_count
 .bss.Flag0     0x000051e9        0x1 depend_Debug_CSR101x_A05\serial_server.o
                0x000051e9                Flag0
 .bss.Flag1     0x000051ea        0x1 depend_Debug_CSR101x_A05\serial_server.o
                0x000051ea                Flag1
 .bss.Flag2     0x000051eb        0x1 depend_Debug_CSR101x_A05\serial_server.o
                0x000051eb                Flag2
 .bss.Flag3     0x000051ec        0x1 depend_Debug_CSR101x_A05\serial_server.o
                0x000051ec                Flag3
 .bss.Flag4     0x000051ed        0x1 depend_Debug_CSR101x_A05\serial_server.o
                0x000051ed                Flag4
 .bss.Flag5     0x000051ee        0x1 depend_Debug_CSR101x_A05\serial_server.o
                0x000051ee                Flag5
 .bss.Flag7     0x000051ef        0x1 depend_Debug_CSR101x_A05\serial_server.o
                0x000051ef                Flag7
 .bss.F1        0x000051f0        0x1 depend_Debug_CSR101x_A05\serial_server.o
                0x000051f0                F1
 .bss.F2        0x000051f1        0x1 depend_Debug_CSR101x_A05\serial_server.o
                0x000051f1                F2
 .bss.app_timers
                0x000051f2       0x30 depend_Debug_CSR101x_A05\serial_server.o
 .bss.g_gatt_data
                0x00005222        0x2 depend_Debug_CSR101x_A05\serial_gatt.o
 .bss.g_serial_data
                0x00005224        0x2 depend_Debug_CSR101x_A05\serial_service.o
 .bss.g_queue   0x00005226        0x6 depend_Debug_CSR101x_A05\byte_queue.o
 .bss.data_transfer_memory
                0x0000522c       0x14 depend_Debug_CSR101x_A05\csr_ota_service.o
 .bss.data_transfer_data_length
                0x00005240        0x1 depend_Debug_CSR101x_A05\csr_ota_service.o
 .bss.data_transfer_configuration
                0x00005241        0x2 depend_Debug_CSR101x_A05\csr_ota_service.o
 .bss.ota_serv_data
                0x00005243        0x1 depend_Debug_CSR101x_A05\csr_ota_service.o
 .bss.g_gatt_data
                0x00005244        0x3 depend_Debug_CSR101x_A05\gatt_service.o
 .bss.pwm_pio_reg
                0x00005247        0x1 depend_Debug_CSR101x_A05\vf_pwm.o
 .bss.pwm_pio_drive_reg
                0x00005248        0x1 depend_Debug_CSR101x_A05\vf_pwm.o
 .bss.pwm0_pio_mask
                0x00005249        0x1 depend_Debug_CSR101x_A05\vf_pwm.o
 .bss.pwm1_pio_mask
                0x0000524a        0x1 depend_Debug_CSR101x_A05\vf_pwm.o
 .bss.pwm_inverted
                0x0000524b        0x1 depend_Debug_CSR101x_A05\vf_pwm.o
 .bss.bus_I2C_status
                0x0000524c        0x1 depend_Debug_CSR101x_A05\i2c_comms.o
                0x0000524c                bus_I2C_status
 .bss.i2c_initialised
                0x0000524d        0x1 depend_Debug_CSR101x_A05\i2c_comms.o
                0x0000524d                i2c_initialised
 .bss.__PATCH__ZERO_
                0x0000524e        0x1 C:\CSR_uEnergy_SDK-2.4.5.13\tools\lib\CSR101x_A05\libgatt_lib_ram.a(patch_ls_advertising_if.o)
 .bss.patch_pending
                0x0000524f        0x1 C:\CSR_uEnergy_SDK-2.4.5.13\tools\lib\CSR101x_A05\libgatt_lib_ram.a(patch_george.o)
                0x0000524f                patch_pending
 .bss.patch_rx_timing_report
                0x00005250        0x1 C:\CSR_uEnergy_SDK-2.4.5.13\tools\lib\CSR101x_A05\libgatt_lib_ram.a(patch_george.o)
                0x00005250                patch_rx_timing_report
 .bss.patch_pending_mode
                0x00005251        0x1 C:\CSR_uEnergy_SDK-2.4.5.13\tools\lib\CSR101x_A05\libgatt_lib_ram.a(patch_george.o)
                0x00005251                patch_pending_mode
 .bss.__PATCH__ZERO_
                0x00005252        0x1 C:\CSR_uEnergy_SDK-2.4.5.13\tools\lib\CSR101x_A05\libgatt_lib_ram.a(patch_george.o)
 .bss.__PATCH__ZERO_
                0x00005253        0x1 C:\CSR_uEnergy_SDK-2.4.5.13\tools\lib\CSR101x_A05\libgatt_lib_ram.a(patch_timer.o)
 .bss.last_32khz_irq_hi.6057.
                0x00005254        0x1 C:\CSR_uEnergy_SDK-2.4.5.13\tools\lib\CSR101x_A05\libgatt_lib_ram.a(pio_ctrlr.o)
 .bss.last_32khz_irq_lo.6056.
                0x00005255        0x2 C:\CSR_uEnergy_SDK-2.4.5.13\tools\lib\CSR101x_A05\libgatt_lib_ram.a(pio_ctrlr.o)
 .bss.__PATCH__ZERO_
                0x00005257        0x1 C:\CSR_uEnergy_SDK-2.4.5.13\tools\lib\CSR101x_A05\libgatt_lib_ram.a(patch_robs_aio.o)
 .bss.__PATCH__ZERO_
                0x00005258        0x1 C:\CSR_uEnergy_SDK-2.4.5.13\tools\lib\CSR101x_A05\libgatt_lib_ram.a(patch_halradiotrim.o)
 .bss.tx_power_table_entry
                0x00005259        0x1 C:\CSR_uEnergy_SDK-2.4.5.13\tools\lib\CSR101x_A05\libgatt_lib_ram.a(patch_halradiotrim.o)
 .bss.__PATCH__ZERO_
                0x0000525a        0x1 C:\CSR_uEnergy_SDK-2.4.5.13\tools\lib\CSR101x_A05\libgatt_lib_ram.a(patch_pmu.o)
 .bss.enable_lo_offset_adc_update
                0x0000525b        0x1 C:\CSR_uEnergy_SDK-2.4.5.13\tools\lib\CSR101x_A05\libgatt_lib_ram.a(patch_thermometer.o)
                0x0000525b                enable_lo_offset_adc_update
 .bss.__PATCH__ZERO_
                0x0000525c        0x1 C:\CSR_uEnergy_SDK-2.4.5.13\tools\lib\CSR101x_A05\libgatt_lib_ram.a(patch_thermometer.o)
 .bss.__PATCH__ZERO_
                0x0000525d        0x1 C:\CSR_uEnergy_SDK-2.4.5.13\tools\lib\CSR101x_A05\libgatt_lib_ram.a(patch_updates.o)
 .bss.shared_data_location
                0x0000525e        0x1 C:\CSR_uEnergy_SDK-2.4.5.13\tools\lib\otau\libotau.a(csr_ota.o)
 COMMON         0x0000525f        0x1 depend_Debug_CSR101x_A05\uart_interface.o
                0x0000525f                g_partial_buffer_timer_tid
 COMMON         0x00005260       0x23 depend_Debug_CSR101x_A05\serial_server.o
                0x00005260                tim_tid
                0x00005261                mode
                0x00005262                io_led
                0x00005263                Chg
                0x00005264                tim_tidf
                0x00005265                tim_tid1
                0x00005266                g_app_data
                0x00005282                Adp
 COMMON         0x00005283     0x4000 depend_Debug_CSR101x_A05\byte_queue.o
                0x00005283                g_recv_queue
                0x00007283                g_send_queue
 COMMON         0x00009283        0x1 C:\CSR_uEnergy_SDK-2.4.5.13\tools\lib\CSR101x_A05\libgatt_lib_ram.a(sm_pair_auth.o)
                0x00009283                pairing_req_instance
 COMMON         0x00009284        0x2 C:\CSR_uEnergy_SDK-2.4.5.13\tools\lib\CSR101x_A05\libgatt_lib_ram.a(patch_sm.o)
                0x00009284                sm_long_term_key_ind
                0x00009285                sm_pairing_auth_ind
 COMMON         0x00009286        0x1 C:\CSR_uEnergy_SDK-2.4.5.13\tools\lib\CSR101x_A05\libgatt_lib_ram.a(patch_george.o)
                0x00009286                enable_lowduty_directed_adv
 COMMON         0x00009287        0x3 C:\CSR_uEnergy_SDK-2.4.5.13\tools\lib\CSR101x_A05\libgatt_lib_ram.a(patch_george_ll.o)
                0x00009287                george_earliest_transmit_offset
                0x0000928a                DATA_BSS_APP_END = .
                0x000040bf                BSS_APP_SIZE = (DATA_BSS_APP_END - DATA_BSS_APP_START)

.data           0x0000928a      0x14d
                0x0000928a                DATA_DATA_START = .
 *(.data)
 *(.data.*)
 .data.gattDatabase
                0x0000928a       0xfb depend_Debug_CSR101x_A05\app_gatt_db.o
                0x0000928a                gattDatabase
 .data.g_last_notification_success
                0x00009385        0x1 depend_Debug_CSR101x_A05\uart_interface.o
                0x00009385                g_last_notification_success
 .data.w_int    0x00009386        0x1 depend_Debug_CSR101x_A05\serial_server.o
                0x00009386                w_int
 .data.ir_int   0x00009387        0x1 depend_Debug_CSR101x_A05\serial_server.o
                0x00009387                ir_int
 .data.g_turn_on_led_advert
                0x00009388        0x1 depend_Debug_CSR101x_A05\serial_server.o
                0x00009388                g_turn_on_led_advert
 .data.g_turn_on_led_connect
                0x00009389        0x1 depend_Debug_CSR101x_A05\serial_server.o
                0x00009389                g_turn_on_led_connect
 .data.loop.1013.
                0x0000938a        0x2 depend_Debug_CSR101x_A05\vf_pwm.o
 .data.ad_flags
                0x0000938c        0x1 C:\CSR_uEnergy_SDK-2.4.5.13\tools\lib\CSR101x_A05\libgatt_lib_ram.a(patch_ls_advertising_if.o)
 .data.pending_pdu_acks
                0x0000938d        0x1 C:\CSR_uEnergy_SDK-2.4.5.13\tools\lib\CSR101x_A05\libgatt_lib_ram.a(patch_george_ll.o)
                0x0000938d                ___libgatt_lib_db_4622
 .data.tgap_con_param_update
                0x0000938e        0x1 C:\CSR_uEnergy_SDK-2.4.5.13\tools\lib\CSR101x_A05\libgatt_lib_ram.a(patch_timer.o)
                0x0000938e                ___libgatt_lib_db_4661
 .data.patch_table_data
                0x0000938f       0x46 C:\CSR_uEnergy_SDK-2.4.5.13\tools\lib\CSR101x_A05\libgatt_lib_ram.a(sw_patch_ram.o)
                0x0000938f                ___libgatt_lib_db_4542
 .data.lo_offset_adc_update_temp
                0x000093d5        0x1 C:\CSR_uEnergy_SDK-2.4.5.13\tools\lib\CSR101x_A05\libgatt_lib_ram.a(patch_thermometer.o)
 .data.xtal_trim_temp
                0x000093d6        0x1 C:\CSR_uEnergy_SDK-2.4.5.13\tools\lib\CSR101x_A05\libgatt_lib_ram.a(patch_thermometer.o)
                0x000093d7                DATA_DATA_END = .
                0x0000ef80                . = DATA_PERSIST_START

PERSIST_MEM
 *(PERSIST_MEM)
 *(PERSIST_MEM.*)
                0x0000ef80                DATA_PERSIST_MEM_END = .
                0x00009f84                . = DATA_CSTORE_START

CONFIG_STORE    0x00009f84       0x4b
 *(CONFIG_STORE)
 CONFIG_STORE   0x00009f84       0x4b C:\CSR_uEnergy_SDK-2.4.5.13\tools\lib\CSR101x_A05\libgatt_lib_ram.a(CONFIG_STORE.o)
                0x00009f84                ___libgatt_lib_db_4269
 *(CONFIG_STORE.*)
                0x00009fcf                DATA_CSTORE_END = .
                0x0000004b                CS_SIZE = (DATA_CSTORE_END - DATA_CSTORE_START)
                0x00009fdc                . = ((DATA_RAM_END - PRESERVE_SIZE) - SLT_SIZE)

SLT             0x00009fdc        0x4
                0x00009fdc                SLT_START = .
 *(SLT)
 SLT            0x00009fdc        0x4 C:\CSR_uEnergy_SDK-2.4.5.13\tools\lib\CSR101x_A05\libgatt_lib_ram.a(slut.o)
                0x00009fdc                slut
 *(SLT.*)

.preserved      0x00009fe0        0x0
                0x00009fe0                PRESERVED_START = .
 *(PRES_DATA)
 *(PRES_DATA.*)
                0x00009f84                STACK_END = DATA_CSTORE_START
                0x00009c84                . = ((STACK_END - ISTACK_SIZE) - USTACK_SIZE)

.stack          0x00009c84      0x300
                0x00009c84                STACK_START = .
                0x00009c84                USTACK_START = .
                0x00009e84                USTACK_END = (USTACK_START + USTACK_SIZE)
 *(USTACK)
 *(USTACK.*)
                0x00009e84                . = USTACK_END
 *fill*         0x00009c84      0x400 00
                0x00009e84                ISTACK_START = .
                0x00009f84                ISTACK_END = (ISTACK_START + ISTACK_SIZE)
 *(ISTACK)
 *(ISTACK.*)
                0x00009f84                . = ISTACK_END
 *fill*         0x00009e84      0x200 00
                0x00009c84                ALIGNED_DATA_END = STACK_START
                0x00009950                . = (((ALIGNED_DATA_END - RADIODATA_SIZE) - WHITELIST_SIZE) - RADIOBUFS_SIZE)

.aligned_data   0x00009950      0x334
                0x00009950                ALIGNED_DATA_START = .
                0x00009950                DATA_RADIOBUFS_START = .
 *(RADINITTBL)
                0x00009b00                . = (ALIGNED_DATA_START + RADIOBUFS_SIZE)
 *fill*         0x00009950      0x360 00
                0x00009b00                DATA_WHITELIST_START = .
                0x00009b20                . = (DATA_WHITELIST_START + WHITELIST_SIZE)
 *fill*         0x00009b00       0x40 00
 *(.romradiodata)
 .romradiodata  0x00009b20      0x164 C:\CSR_uEnergy_SDK-2.4.5.13\tools\lib\CSR101x_A05\libgatt_lib_ram.a(.romradiodata.o)
                0x00009b20                DATA_TIMERSTRUCT_START
                0x00009b80                ___libgatt_lib_db_4171
                0x00009b20                ___libgatt_lib_db_4173
                0x00009b80                DATA_RCLUTS_START
                0x00009c84                ALIGN_END_ACTUAL = .
                0x00000000                ASSERT ((DATA_APPDATA_END > DATA_DATA_END), RAM DATA exceeds limit.)
LOAD c:/csr_uenergy_sdk-2.4.5.13/tools/bin/../lib/gcc/xap-local-xap/4.3.4\libgcc.a
OUTPUT(depend_Debug_CSR101x_A05\serial_server.elf elf32-xap2)

.debug_abbrev   0x00000000      0x98d
 .debug_abbrev  0x00000000       0x46 depend_Debug_CSR101x_A05\app_gatt_db.o
 .debug_abbrev  0x0000008b       0x8b depend_Debug_CSR101x_A05\uart_interface.o
 .debug_abbrev  0x000001a1       0xdb depend_Debug_CSR101x_A05\battery_service.o
 .debug_abbrev  0x00000356       0x5b depend_Debug_CSR101x_A05\nvm_access.o
 .debug_abbrev  0x0000040b       0xa7 depend_Debug_CSR101x_A05\dev_info_service.o
 .debug_abbrev  0x00000559       0x9f depend_Debug_CSR101x_A05\hw_access.o
 .debug_abbrev  0x00000696      0x13a depend_Debug_CSR101x_A05\serial_server.o
 .debug_abbrev  0x00000909       0xd7 depend_Debug_CSR101x_A05\serial_gatt.o
 .debug_abbrev  0x00000ab6       0xb6 depend_Debug_CSR101x_A05\serial_service.o
 .debug_abbrev  0x00000c21       0xa8 depend_Debug_CSR101x_A05\byte_queue.o
 .debug_abbrev  0x00000d71       0xe2 depend_Debug_CSR101x_A05\csr_ota_service.o
 .debug_abbrev  0x00000f35       0xc8 depend_Debug_CSR101x_A05\gatt_service.o
 .debug_abbrev  0x000010c4       0x97 depend_Debug_CSR101x_A05\vf_pwm.o
 .debug_abbrev  0x000011f2       0x94 depend_Debug_CSR101x_A05\i2c_comms.o

.debug_info     0x00000000     0x52f1
 .debug_info    0x00000000       0x5f depend_Debug_CSR101x_A05\app_gatt_db.o
 .debug_info    0x000000bd      0x11c depend_Debug_CSR101x_A05\uart_interface.o
 .debug_info    0x000002f5      0x6d8 depend_Debug_CSR101x_A05\battery_service.o
 .debug_info    0x000010a4      0x204 depend_Debug_CSR101x_A05\nvm_access.o
 .debug_info    0x000014ab      0x65f depend_Debug_CSR101x_A05\dev_info_service.o
 .debug_info    0x00002169      0x199 depend_Debug_CSR101x_A05\hw_access.o
 .debug_info    0x0000249a     0x1a90 depend_Debug_CSR101x_A05\serial_server.o
 .debug_info    0x000059ba      0x999 depend_Debug_CSR101x_A05\serial_gatt.o
 .debug_info    0x00006ceb      0x6d2 depend_Debug_CSR101x_A05\serial_service.o
 .debug_info    0x00007a8e      0x20f depend_Debug_CSR101x_A05\byte_queue.o
 .debug_info    0x00007eab      0x7b5 depend_Debug_CSR101x_A05\csr_ota_service.o
 .debug_info    0x00008e15      0x6c1 depend_Debug_CSR101x_A05\gatt_service.o
 .debug_info    0x00009b97      0x22a depend_Debug_CSR101x_A05\vf_pwm.o
 .debug_info    0x00009feb      0x2fc depend_Debug_CSR101x_A05\i2c_comms.o

.debug_line     0x00000000     0x20c2
 .debug_line    0x00000000       0x5c depend_Debug_CSR101x_A05\app_gatt_db.o
 .debug_line    0x000000b7      0x125 depend_Debug_CSR101x_A05\uart_interface.o
 .debug_line    0x00000301      0x1b0 depend_Debug_CSR101x_A05\battery_service.o
 .debug_line    0x00000660       0xa1 depend_Debug_CSR101x_A05\nvm_access.o
 .debug_line    0x000007a2       0xe3 depend_Debug_CSR101x_A05\dev_info_service.o
 .debug_line    0x00000968      0x17a depend_Debug_CSR101x_A05\hw_access.o
 .debug_line    0x00000c5c      0xe1e depend_Debug_CSR101x_A05\serial_server.o
 .debug_line    0x00002897      0x25b depend_Debug_CSR101x_A05\serial_gatt.o
 .debug_line    0x00002d4c      0x165 depend_Debug_CSR101x_A05\serial_service.o
 .debug_line    0x00003015      0x1d6 depend_Debug_CSR101x_A05\byte_queue.o
 .debug_line    0x000033c0      0x1a6 depend_Debug_CSR101x_A05\csr_ota_service.o
 .debug_line    0x0000370b      0x1a3 depend_Debug_CSR101x_A05\gatt_service.o
 .debug_line    0x00003a51      0x201 depend_Debug_CSR101x_A05\vf_pwm.o
 .debug_line    0x00003e53      0x199 depend_Debug_CSR101x_A05\i2c_comms.o

.debug_frame    0x00000000      0x680
 .debug_frame   0x00000000       0x14 depend_Debug_CSR101x_A05\app_gatt_db.o
 .debug_frame   0x00000028       0x4c depend_Debug_CSR101x_A05\uart_interface.o
 .debug_frame   0x000000c0       0x70 depend_Debug_CSR101x_A05\battery_service.o
 .debug_frame   0x000001a0       0x2c depend_Debug_CSR101x_A05\nvm_access.o
 .debug_frame   0x000001f8       0x2c depend_Debug_CSR101x_A05\dev_info_service.o
 .debug_frame   0x00000250       0x5c depend_Debug_CSR101x_A05\hw_access.o
 .debug_frame   0x00000308      0x20c depend_Debug_CSR101x_A05\serial_server.o
 .debug_frame   0x00000720       0x70 depend_Debug_CSR101x_A05\serial_gatt.o
 .debug_frame   0x00000800       0x68 depend_Debug_CSR101x_A05\serial_service.o
 .debug_frame   0x000008d0       0x8c depend_Debug_CSR101x_A05\byte_queue.o
 .debug_frame   0x000009e8       0x48 depend_Debug_CSR101x_A05\csr_ota_service.o
 .debug_frame   0x00000a78       0x74 depend_Debug_CSR101x_A05\gatt_service.o
 .debug_frame   0x00000b60       0x74 depend_Debug_CSR101x_A05\vf_pwm.o
 .debug_frame   0x00000c48       0x5c depend_Debug_CSR101x_A05\i2c_comms.o

.debug_loc      0x00000000      0x763
 .debug_loc     0x00000000       0x10 depend_Debug_CSR101x_A05\app_gatt_db.o
 .debug_loc     0x0000001f       0x4e depend_Debug_CSR101x_A05\uart_interface.o
 .debug_loc     0x000000ba       0x7c depend_Debug_CSR101x_A05\battery_service.o
 .debug_loc     0x000001b2       0x2f depend_Debug_CSR101x_A05\nvm_access.o
 .debug_loc     0x0000020f       0x2f depend_Debug_CSR101x_A05\dev_info_service.o
 .debug_loc     0x0000026c       0x6d depend_Debug_CSR101x_A05\hw_access.o
 .debug_loc     0x00000345      0x25d depend_Debug_CSR101x_A05\serial_server.o
 .debug_loc     0x000007fe       0x7c depend_Debug_CSR101x_A05\serial_gatt.o
 .debug_loc     0x000008f6       0x7c depend_Debug_CSR101x_A05\serial_service.o
 .debug_loc     0x000009ee       0xab depend_Debug_CSR101x_A05\byte_queue.o
 .debug_loc     0x00000b43       0x3e depend_Debug_CSR101x_A05\csr_ota_service.o
 .debug_loc     0x00000bbf       0x8c depend_Debug_CSR101x_A05\gatt_service.o
 .debug_loc     0x00000cd6       0x8c depend_Debug_CSR101x_A05\vf_pwm.o
 .debug_loc     0x00000ded       0x6d depend_Debug_CSR101x_A05\i2c_comms.o

.debug_pubnames
                0x00000000      0x560
 .debug_pubnames
                0x00000000       0x1c depend_Debug_CSR101x_A05\app_gatt_db.o
 .debug_pubnames
                0x00000037       0x78 depend_Debug_CSR101x_A05\uart_interface.o
 .debug_pubnames
                0x00000127       0x70 depend_Debug_CSR101x_A05\battery_service.o
 .debug_pubnames
                0x00000206       0x1f depend_Debug_CSR101x_A05\nvm_access.o
 .debug_pubnames
                0x00000243       0x28 depend_Debug_CSR101x_A05\dev_info_service.o
 .debug_pubnames
                0x00000293       0x38 depend_Debug_CSR101x_A05\hw_access.o
 .debug_pubnames
                0x00000303      0x160 depend_Debug_CSR101x_A05\serial_server.o
 .debug_pubnames
                0x000005c3       0x6d depend_Debug_CSR101x_A05\serial_gatt.o
 .debug_pubnames
                0x0000069d       0x71 depend_Debug_CSR101x_A05\serial_service.o
 .debug_pubnames
                0x0000077e       0x73 depend_Debug_CSR101x_A05\byte_queue.o
 .debug_pubnames
                0x00000864       0x40 depend_Debug_CSR101x_A05\csr_ota_service.o
 .debug_pubnames
                0x000008e4       0x73 depend_Debug_CSR101x_A05\gatt_service.o
 .debug_pubnames
                0x000009ca       0x20 depend_Debug_CSR101x_A05\vf_pwm.o
 .debug_pubnames
                0x00000a09       0x5c depend_Debug_CSR101x_A05\i2c_comms.o

.debug_aranges  0x00000000      0x2bc
 .debug_aranges
                0x00000000       0x10 depend_Debug_CSR101x_A05\app_gatt_db.o
 .debug_aranges
                0x00000020       0x24 depend_Debug_CSR101x_A05\uart_interface.o
 .debug_aranges
                0x00000068       0x30 depend_Debug_CSR101x_A05\battery_service.o
 .debug_aranges
                0x000000c8       0x18 depend_Debug_CSR101x_A05\nvm_access.o
 .debug_aranges
                0x000000f8       0x18 depend_Debug_CSR101x_A05\dev_info_service.o
 .debug_aranges
                0x00000128       0x28 depend_Debug_CSR101x_A05\hw_access.o
 .debug_aranges
                0x00000178       0xc0 depend_Debug_CSR101x_A05\serial_server.o
 .debug_aranges
                0x000002f8       0x30 depend_Debug_CSR101x_A05\serial_gatt.o
 .debug_aranges
                0x00000358       0x2c depend_Debug_CSR101x_A05\serial_service.o
 .debug_aranges
                0x000003b0       0x38 depend_Debug_CSR101x_A05\byte_queue.o
 .debug_aranges
                0x00000420       0x24 depend_Debug_CSR101x_A05\csr_ota_service.o
 .debug_aranges
                0x00000468       0x30 depend_Debug_CSR101x_A05\gatt_service.o
 .debug_aranges
                0x000004c8       0x30 depend_Debug_CSR101x_A05\vf_pwm.o
 .debug_aranges
                0x00000528       0x28 depend_Debug_CSR101x_A05\i2c_comms.o

.debug_ranges   0x00000000      0x284
 .debug_ranges  0x00000000        0xc depend_Debug_CSR101x_A05\app_gatt_db.o
 .debug_ranges  0x00000018       0x20 depend_Debug_CSR101x_A05\uart_interface.o
 .debug_ranges  0x00000058       0x2c depend_Debug_CSR101x_A05\battery_service.o
 .debug_ranges  0x000000b0       0x14 depend_Debug_CSR101x_A05\nvm_access.o
 .debug_ranges  0x000000d8       0x14 depend_Debug_CSR101x_A05\dev_info_service.o
 .debug_ranges  0x00000100       0x24 depend_Debug_CSR101x_A05\hw_access.o
 .debug_ranges  0x00000148       0xbc depend_Debug_CSR101x_A05\serial_server.o
 .debug_ranges  0x000002c0       0x2c depend_Debug_CSR101x_A05\serial_gatt.o
 .debug_ranges  0x00000318       0x28 depend_Debug_CSR101x_A05\serial_service.o
 .debug_ranges  0x00000368       0x34 depend_Debug_CSR101x_A05\byte_queue.o
 .debug_ranges  0x000003d0       0x20 depend_Debug_CSR101x_A05\csr_ota_service.o
 .debug_ranges  0x00000410       0x2c depend_Debug_CSR101x_A05\gatt_service.o
 .debug_ranges  0x00000468       0x2c depend_Debug_CSR101x_A05\vf_pwm.o
 .debug_ranges  0x000004c0       0x24 depend_Debug_CSR101x_A05\i2c_comms.o

.debug_str      0x00000000     0x2ef2
 .debug_str     0x00000000       0x77 depend_Debug_CSR101x_A05\app_gatt_db.o
                                 0x83 (size before relaxing)
 .debug_str     0x000000ed       0x98 depend_Debug_CSR101x_A05\uart_interface.o
                                0x108 (size before relaxing)
 .debug_str     0x0000021c     0x133b depend_Debug_CSR101x_A05\battery_service.o
                               0x13d2 (size before relaxing)
 .debug_str     0x00002891      0x12c depend_Debug_CSR101x_A05\nvm_access.o
                                0x5fc (size before relaxing)
 .debug_str     0x00002ae9       0x54 depend_Debug_CSR101x_A05\dev_info_service.o
                               0x1341 (size before relaxing)
 .debug_str     0x00002b90      0x1f2 depend_Debug_CSR101x_A05\hw_access.o
                                0x2db (size before relaxing)
 .debug_str     0x00002f73      0xfec depend_Debug_CSR101x_A05\serial_server.o
                               0x2585 (size before relaxing)
 .debug_str     0x00004f4b      0x38c depend_Debug_CSR101x_A05\serial_gatt.o
                               0x1b0b (size before relaxing)
 .debug_str     0x00005663       0x79 depend_Debug_CSR101x_A05\serial_service.o
                               0x1409 (size before relaxing)
 .debug_str     0x00005755       0xa2 depend_Debug_CSR101x_A05\byte_queue.o
                                 0xfe (size before relaxing)
 .debug_str     0x00005899       0xc0 depend_Debug_CSR101x_A05\csr_ota_service.o
                               0x14b1 (size before relaxing)
 .debug_str     0x00005a19       0x7b depend_Debug_CSR101x_A05\gatt_service.o
                               0x13b8 (size before relaxing)
 .debug_str     0x00005b0e       0xa7 depend_Debug_CSR101x_A05\vf_pwm.o
                                0x129 (size before relaxing)
 .debug_str     0x00005c5b       0xc5 depend_Debug_CSR101x_A05\i2c_comms.o
                                0x77f (size before relaxing)

.comment        0x00000000      0x5ca
 .comment       0x00000000       0x1a depend_Debug_CSR101x_A05\app_gatt_db.o
 .comment       0x0000001a       0x1a depend_Debug_CSR101x_A05\uart_interface.o
 .comment       0x00000034       0x1a depend_Debug_CSR101x_A05\battery_service.o
 .comment       0x0000004e       0x1a depend_Debug_CSR101x_A05\nvm_access.o
 .comment       0x00000068       0x1a depend_Debug_CSR101x_A05\dev_info_service.o
 .comment       0x00000082       0x1a depend_Debug_CSR101x_A05\hw_access.o
 .comment       0x0000009c       0x1a depend_Debug_CSR101x_A05\serial_server.o
 .comment       0x000000b6       0x1a depend_Debug_CSR101x_A05\serial_gatt.o
 .comment       0x000000d0       0x1a depend_Debug_CSR101x_A05\serial_service.o
 .comment       0x000000ea       0x1a depend_Debug_CSR101x_A05\byte_queue.o
 .comment       0x00000104       0x1a depend_Debug_CSR101x_A05\csr_ota_service.o
 .comment       0x0000011e       0x1a depend_Debug_CSR101x_A05\gatt_service.o
 .comment       0x00000138       0x1a depend_Debug_CSR101x_A05\vf_pwm.o
 .comment       0x00000152       0x1a depend_Debug_CSR101x_A05\i2c_comms.o
 .comment       0x0000016c       0x1a C:\CSR_uEnergy_SDK-2.4.5.13\tools\lib\CSR101x_A05\libgatt_lib_ram.a(patch_ls_app_if.o)
 .comment       0x00000186       0x1a C:\CSR_uEnergy_SDK-2.4.5.13\tools\lib\CSR101x_A05\libgatt_lib_ram.a(patch_ls_advertising_if.o)
 .comment       0x000001a0       0x1a C:\CSR_uEnergy_SDK-2.4.5.13\tools\lib\CSR101x_A05\libgatt_lib_ram.a(gatt_ram.o)
 .comment       0x000001ba       0x1a C:\CSR_uEnergy_SDK-2.4.5.13\tools\lib\CSR101x_A05\libgatt_lib_ram.a(patch_gatt.o)
 .comment       0x000001d4       0x1a C:\CSR_uEnergy_SDK-2.4.5.13\tools\lib\CSR101x_A05\libgatt_lib_ram.a(sm_pair_auth.o)
 .comment       0x000001ee       0x1a C:\CSR_uEnergy_SDK-2.4.5.13\tools\lib\CSR101x_A05\libgatt_lib_ram.a(sm_ram.o)
 .comment       0x00000208       0x1a C:\CSR_uEnergy_SDK-2.4.5.13\tools\lib\CSR101x_A05\libgatt_lib_ram.a(sm_div.o)
 .comment       0x00000222       0x1a C:\CSR_uEnergy_SDK-2.4.5.13\tools\lib\CSR101x_A05\libgatt_lib_ram.a(patch_sm.o)
 .comment       0x0000023c       0x1a C:\CSR_uEnergy_SDK-2.4.5.13\tools\lib\CSR101x_A05\libgatt_lib_ram.a(patch_sm_host_interface.o)
 .comment       0x00000256       0x1a C:\CSR_uEnergy_SDK-2.4.5.13\tools\lib\CSR101x_A05\libgatt_lib_ram.a(patch_george.o)
 .comment       0x00000270       0x1a C:\CSR_uEnergy_SDK-2.4.5.13\tools\lib\CSR101x_A05\libgatt_lib_ram.a(patch_george_ll.o)
 .comment       0x0000028a       0x1a C:\CSR_uEnergy_SDK-2.4.5.13\tools\lib\CSR101x_A05\libgatt_lib_ram.a(patch_dbase.o)
 .comment       0x000002a4       0x1a C:\CSR_uEnergy_SDK-2.4.5.13\tools\lib\CSR101x_A05\libgatt_lib_ram.a(hal_debugbus_state.o)
 .comment       0x000002be       0x1a C:\CSR_uEnergy_SDK-2.4.5.13\tools\lib\CSR101x_A05\libgatt_lib_ram.a(patch_timer.o)
 .comment       0x000002d8       0x1a C:\CSR_uEnergy_SDK-2.4.5.13\tools\lib\CSR101x_A05\libgatt_lib_ram.a(main_ram.o)
 .comment       0x000002f2       0x1a C:\CSR_uEnergy_SDK-2.4.5.13\tools\lib\CSR101x_A05\libgatt_lib_ram.a(hw_patch_install.o)
 .comment       0x0000030c       0x1a C:\CSR_uEnergy_SDK-2.4.5.13\tools\lib\CSR101x_A05\libgatt_lib_ram.a(pio_ctrlr.o)
 .comment       0x00000326       0x1a C:\CSR_uEnergy_SDK-2.4.5.13\tools\lib\CSR101x_A05\libgatt_lib_ram.a(patch_i2c.o)
 .comment       0x00000340       0x1a C:\CSR_uEnergy_SDK-2.4.5.13\tools\lib\CSR101x_A05\libgatt_lib_ram.a(patch_i2c_app_mem_mgr.o)
 .comment       0x0000035a       0x1a C:\CSR_uEnergy_SDK-2.4.5.13\tools\lib\CSR101x_A05\libgatt_lib_ram.a(patch_robs_aio.o)
 .comment       0x00000374       0x1a C:\CSR_uEnergy_SDK-2.4.5.13\tools\lib\CSR101x_A05\libgatt_lib_ram.a(robs_pio_ram.o)
 .comment       0x0000038e       0x1a C:\CSR_uEnergy_SDK-2.4.5.13\tools\lib\CSR101x_A05\libgatt_lib_ram.a(id_ram.o)
 .comment       0x000003a8       0x1a C:\CSR_uEnergy_SDK-2.4.5.13\tools\lib\CSR101x_A05\libgatt_lib_ram.a(patch_adc.o)
 .comment       0x000003c2       0x1a C:\CSR_uEnergy_SDK-2.4.5.13\tools\lib\CSR101x_A05\libgatt_lib_ram.a(slut.o)
 .comment       0x000003dc       0x1a C:\CSR_uEnergy_SDK-2.4.5.13\tools\lib\CSR101x_A05\libgatt_lib_ram.a(sw_patch_ram.o)
 .comment       0x000003f6       0x1a C:\CSR_uEnergy_SDK-2.4.5.13\tools\lib\CSR101x_A05\libgatt_lib_ram.a(patch_ls_l2cap_if.o)
 .comment       0x00000410       0x1a C:\CSR_uEnergy_SDK-2.4.5.13\tools\lib\CSR101x_A05\libgatt_lib_ram.a(patch_l2cap.o)
 .comment       0x0000042a       0x1a C:\CSR_uEnergy_SDK-2.4.5.13\tools\lib\CSR101x_A05\libgatt_lib_ram.a(patch_att_install.o)
 .comment       0x00000444       0x1a C:\CSR_uEnergy_SDK-2.4.5.13\tools\lib\CSR101x_A05\libgatt_lib_ram.a(patch_sm_l2cap.o)
 .comment       0x0000045e       0x1a C:\CSR_uEnergy_SDK-2.4.5.13\tools\lib\CSR101x_A05\libgatt_lib_ram.a(patch_george_adv.o)
 .comment       0x00000478       0x1a C:\CSR_uEnergy_SDK-2.4.5.13\tools\lib\CSR101x_A05\libgatt_lib_ram.a(patch_halradiotrim.o)
 .comment       0x00000492       0x1a C:\CSR_uEnergy_SDK-2.4.5.13\tools\lib\CSR101x_A05\libgatt_lib_ram.a(patch_halradio.o)
 .comment       0x000004ac       0x1a C:\CSR_uEnergy_SDK-2.4.5.13\tools\lib\CSR101x_A05\libgatt_lib_ram.a(patch_sleep.o)
 .comment       0x000004c6       0x1a C:\CSR_uEnergy_SDK-2.4.5.13\tools\lib\CSR101x_A05\libgatt_lib_ram.a(patch_reset.o)
 .comment       0x000004e0       0x1a C:\CSR_uEnergy_SDK-2.4.5.13\tools\lib\CSR101x_A05\libgatt_lib_ram.a(patch_pools.o)
 .comment       0x000004fa       0x1a C:\CSR_uEnergy_SDK-2.4.5.13\tools\lib\CSR101x_A05\libgatt_lib_ram.a(patch_background_loop.o)
 .comment       0x00000514       0x1a C:\CSR_uEnergy_SDK-2.4.5.13\tools\lib\CSR101x_A05\libgatt_lib_ram.a(patch_fault.o)
 .comment       0x0000052e       0x1a C:\CSR_uEnergy_SDK-2.4.5.13\tools\lib\CSR101x_A05\libgatt_lib_ram.a(patch_pmu.o)
 .comment       0x00000548       0x1a C:\CSR_uEnergy_SDK-2.4.5.13\tools\lib\CSR101x_A05\libgatt_lib_ram.a(patch_thermometer.o)
 .comment       0x00000562       0x1a C:\CSR_uEnergy_SDK-2.4.5.13\tools\lib\CSR101x_A05\libgatt_lib_ram.a(patch_updates.o)
 .comment       0x0000057c       0x1a C:\CSR_uEnergy_SDK-2.4.5.13\tools\lib\otau\libotau.a(csr_ota.o)
 .comment       0x00000596       0x1a C:\CSR_uEnergy_SDK-2.4.5.13\tools\lib\otau\libotau.a(i2c_comms.o)
 .comment       0x000005b0       0x1a C:\CSR_uEnergy_SDK-2.4.5.13\tools\lib\otau\libotau.a(crc16.o)
