Archive member included because of file (symbol)

C:\CSR_uEnergy_SDK-2.4.5.13\tools\lib\CSR101x_A05\libgatt_lib_ram.a(patch_ls_app_if.o)
                              depend_Release_CSR101x_A05\serial_server.o (LsRadioEventNotification)
C:\CSR_uEnergy_SDK-2.4.5.13\tools\lib\CSR101x_A05\libgatt_lib_ram.a(patch_ls_advertising_if.o)
                              C:\CSR_uEnergy_SDK-2.4.5.13\tools\lib\CSR101x_A05\libgatt_lib_ram.a(patch_ls_app_if.o) (___libgatt_lib_db_4563)
C:\CSR_uEnergy_SDK-2.4.5.13\tools\lib\CSR101x_A05\libgatt_lib_ram.a(gatt_ram.o)
                              depend_Release_CSR101x_A05\serial_server.o (GattInit)
C:\CSR_uEnergy_SDK-2.4.5.13\tools\lib\CSR101x_A05\libgatt_lib_ram.a(patch_gatt.o)
                              depend_Release_CSR101x_A05\serial_gatt.o (GattCancelConnectReq)
C:\CSR_uEnergy_SDK-2.4.5.13\tools\lib\CSR101x_A05\libgatt_lib_ram.a(sm_pair_auth.o)
                              depend_Release_CSR101x_A05\serial_server.o (SMPairingAuthRsp)
C:\CSR_uEnergy_SDK-2.4.5.13\tools\lib\CSR101x_A05\libgatt_lib_ram.a(sm_ram.o)
                              C:\CSR_uEnergy_SDK-2.4.5.13\tools\lib\CSR101x_A05\libgatt_lib_ram.a(gatt_ram.o) (___libgatt_lib_db_476)
C:\CSR_uEnergy_SDK-2.4.5.13\tools\lib\CSR101x_A05\libgatt_lib_ram.a(sm_div.o)
                              depend_Release_CSR101x_A05\serial_server.o (SMDivApproval)
C:\CSR_uEnergy_SDK-2.4.5.13\tools\lib\CSR101x_A05\libgatt_lib_ram.a(patch_sm.o)
                              C:\CSR_uEnergy_SDK-2.4.5.13\tools\lib\CSR101x_A05\libgatt_lib_ram.a(sm_ram.o) (sm_pairing_auth_ind)
C:\CSR_uEnergy_SDK-2.4.5.13\tools\lib\CSR101x_A05\libgatt_lib_ram.a(patch_sm_host_interface.o)
                              depend_Release_CSR101x_A05\serial_server.o (SMRequestSecurityLevel)
C:\CSR_uEnergy_SDK-2.4.5.13\tools\lib\CSR101x_A05\libgatt_lib_ram.a(patch_george.o)
                              C:\CSR_uEnergy_SDK-2.4.5.13\tools\lib\CSR101x_A05\libgatt_lib_ram.a(patch_ls_app_if.o) (___libgatt_lib_db_4606)
C:\CSR_uEnergy_SDK-2.4.5.13\tools\lib\CSR101x_A05\libgatt_lib_ram.a(patch_george_ll.o)
                              C:\CSR_uEnergy_SDK-2.4.5.13\tools\lib\CSR101x_A05\libgatt_lib_ram.a(patch_george.o) (___libgatt_lib_db_4619)
C:\CSR_uEnergy_SDK-2.4.5.13\tools\lib\CSR101x_A05\libgatt_lib_ram.a(patch_dbase.o)
                              C:\CSR_uEnergy_SDK-2.4.5.13\tools\lib\CSR101x_A05\libgatt_lib_ram.a(patch_george.o) (___libgatt_lib_db_4636)
C:\CSR_uEnergy_SDK-2.4.5.13\tools\lib\CSR101x_A05\libgatt_lib_ram.a(hal_debugbus_state.o)
                              C:\CSR_uEnergy_SDK-2.4.5.13\tools\lib\CSR101x_A05\libgatt_lib_ram.a(patch_george.o) (___libgatt_lib_db_4645)
C:\CSR_uEnergy_SDK-2.4.5.13\tools\lib\CSR101x_A05\libgatt_lib_ram.a(patch_timer.o)
                              C:\CSR_uEnergy_SDK-2.4.5.13\tools\lib\CSR101x_A05\libgatt_lib_ram.a(patch_ls_app_if.o) (___libgatt_lib_db_4661)
C:\CSR_uEnergy_SDK-2.4.5.13\tools\lib\CSR101x_A05\libgatt_lib_ram.a(main_ram.o)
                              (main_ram_app_init)
C:\CSR_uEnergy_SDK-2.4.5.13\tools\lib\CSR101x_A05\libgatt_lib_ram.a(hw_patch_install.o)
                              C:\CSR_uEnergy_SDK-2.4.5.13\tools\lib\CSR101x_A05\libgatt_lib_ram.a(main_ram.o) (___libgatt_lib_db_4364)
C:\CSR_uEnergy_SDK-2.4.5.13\tools\lib\CSR101x_A05\libgatt_lib_ram.a(patch_baldrick.o)
                              (hw_patch)
C:\CSR_uEnergy_SDK-2.4.5.13\tools\lib\CSR101x_A05\libgatt_lib_ram.a(pio_ctrlr.o)
                              depend_Release_CSR101x_A05\vf_pwm.o (PioCtrlrStart)
C:\CSR_uEnergy_SDK-2.4.5.13\tools\lib\CSR101x_A05\libgatt_lib_ram.a(patch_i2c.o)
                              depend_Release_CSR101x_A05\i2c_comms.o (I2cReset)
C:\CSR_uEnergy_SDK-2.4.5.13\tools\lib\CSR101x_A05\libgatt_lib_ram.a(patch_i2c_app_mem_mgr.o)
                              depend_Release_CSR101x_A05\serial_server.o (NvmConfigureI2cEeprom)
C:\CSR_uEnergy_SDK-2.4.5.13\tools\lib\CSR101x_A05\libgatt_lib_ram.a(patch_robs_aio.o)
                              depend_Release_CSR101x_A05\serial_server.o (AioRead)
C:\CSR_uEnergy_SDK-2.4.5.13\tools\lib\CSR101x_A05\libgatt_lib_ram.a(robs_pio_ram.o)
                              depend_Release_CSR101x_A05\serial_server.o (PioConfigPWM)
C:\CSR_uEnergy_SDK-2.4.5.13\tools\lib\CSR101x_A05\libgatt_lib_ram.a(id_ram.o)
                              C:\CSR_uEnergy_SDK-2.4.5.13\tools\lib\CSR101x_A05\libgatt_lib_ram.a(patch_george_ll.o) (IdGetLlVerBtle)
C:\CSR_uEnergy_SDK-2.4.5.13\tools\lib\CSR101x_A05\libgatt_lib_ram.a(patch_adc.o)
                              C:\CSR_uEnergy_SDK-2.4.5.13\tools\lib\CSR101x_A05\libgatt_lib_ram.a(patch_robs_aio.o) (___libgatt_lib_db_4693)
C:\CSR_uEnergy_SDK-2.4.5.13\tools\lib\CSR101x_A05\libgatt_lib_ram.a(slut.o)
                              (slut)
C:\CSR_uEnergy_SDK-2.4.5.13\tools\lib\CSR101x_A05\libgatt_lib_ram.a(sw_patch_ram.o)
                              (patch_bitmap)
C:\CSR_uEnergy_SDK-2.4.5.13\tools\lib\CSR101x_A05\libgatt_lib_ram.a(CONFIG_STORE.o)
[...]
Memory Configuration

Name             Origin             Length             Attributes
*default*        0x00000000         0xffffffff

Linker script and memory map

LOAD depend_Release_CSR101x_A05\app_gatt_db.o
LOAD depend_Release_CSR101x_A05\uart_interface.o
LOAD depend_Release_CSR101x_A05\battery_service.o
LOAD depend_Release_CSR101x_A05\nvm_access.o
LOAD depend_Release_CSR101x_A05\dev_info_service.o
LOAD depend_Release_CSR101x_A05\hw_access.o
LOAD depend_Release_CSR101x_A05\serial_server.o
LOAD depend_Release_CSR101x_A05\serial_gatt.o
LOAD depend_Release_CSR101x_A05\serial_service.o
LOAD depend_Release_CSR101x_A05\byte_queue.o
LOAD depend_Release_CSR101x_A05\csr_ota_service.o
LOAD depend_Release_CSR101x_A05\gatt_service.o
LOAD depend_Release_CSR101x_A05\vf_pwm.o
LOAD depend_Release_CSR101x_A05\i2c_comms.o
LOAD depend_Release_CSR101x_A05\pio_ctrlr_code.o
LOAD C:\CSR_uEnergy_SDK-2.4.5.13\tools\lib\CSR101x_A05\libgatt_lib_ram.a
LOAD C:\CSR_uEnergy_SDK-2.4.5.13\tools\lib\otau\libotau.a
LOAD C:\CSR_uEnergy_SDK-2.4.5.13\tools\lib\CSR101x_A05\rom_img.elf
                0x00000000                PROG_RAM_START = 0x0
                0x00008000                PROG_RAM_SIZE = 0x8000
                0x00008000                PROG_ROM_START = 0x8000
                0x00008000                PROG_ROM_SIZE = 0x8000
                0x00002000                DATA_RAM_START = 0x2000
                0x00008000                DATA_RAM_SIZE = 0x8000
                0x000001b0                RADIOBUFS_SIZE = 0x1b0
                0x00000020                WHITELIST_SIZE = 0x20
                0x00000164                RADIODATA_SIZE = 0x164
                0x00000200                USTACK_SIZE = 0x200
                0x00000100                ISTACK_SIZE = 0x100
                0x00009f84                DATA_CSTORE_START = 0x9f84
                0x00000058                CSTORE_SIZE = 0x58
                0x00000004                SLT_SIZE = 0x4
                0x00000020                PRESERVE_SIZE = 0x20
                0x0000a000                DATA_RAM_END = 0xa000
                0x0000a000                DATA_ROM_START = 0xa000
                0x00004000                DATA_ROM_SIZE = 0x4000
                0x0000ef80                DATA_PERSIST_START = 0xef80
                0x00000080                DATA_PERSIST_SIZE = 0x80
                0x00009360                DATA_ROMDATA_START = 0x9360
                0x00000000                PROG_APPCODE_START = 0x0
                0x00006c00                PROG_APPCODE_END = 0x6c00
                0x00008c40                DATA_APPDATA_START = 0x8c40
                0x00008f00                DATA_APPDATA_END = 0x8f00
                0x80000000                $CODE$ = 0x80000000
                0x00000000                $DATA$ = 0x0
                0x0000ffe0                PROVIDE ($XAP_AH, 0xffe0)
                0x0000ffe1                PROVIDE ($XAP_AL, 0xffe1)
                0x0000ffe2                PROVIDE ($XAP_UXH, 0xffe2)
                0x0000ffe3                PROVIDE ($XAP_UXL, 0xffe3)
                0x0000ffe4                PROVIDE ($XAP_UY, 0xffe4)
                0x0000ffe5                PROVIDE ($XAP_IXH, 0xffe5)
                0x0000ffe6                PROVIDE ($XAP_IXL, 0xffe6)
                0x0000ffe7                PROVIDE ($XAP_IY, 0xffe7)
                0x00000008                . = 0x8

.app_ram_init   0x00000008        0x1
 *(RAM_APP_INIT)
 RAM_APP_INIT   0x00000008        0x1 C:\CSR_uEnergy_SDK-2.4.5.13\tools\lib\CSR101x_A05\libgatt_lib_ram.a(main_ram.o)
                0x00000008                main_ram_app_init

.fw_patch_bitmap
                0x00000009        0x6
 *(FW_PATCH_BITMAP)
 FW_PATCH_BITMAP
                0x00000009        0x6 C:\CSR_uEnergy_SDK-2.4.5.13\tools\lib\CSR101x_A05\libgatt_lib_ram.a(sw_patch_ram.o)
                0x00000009                patch_bitmap

.fw_patch_table
                0x0000000f        0x1
 *(FW_PATCH_TABLE)
 FW_PATCH_TABLE
                0x0000000f        0x1 C:\CSR_uEnergy_SDK-2.4.5.13\tools\lib\CSR101x_A05\libgatt_lib_ram.a(sw_patch_ram.o)
                0x0000000f                patch_table
                0x00000010                PROG_APPCODE_START = .

.text           0x00000010     0x299a load address 0x80000010
 *xap2crt0.o(.text)
 *xap2crt0.o(.text.*)
                0x00000010                PROG_PATCH_ADDRESS = .
 *(.hw_patch)
 .hw_patch      0x00000010      0x158 C:\CSR_uEnergy_SDK-2.4.5.13\tools\lib\CSR101x_A05\libgatt_lib_ram.a(patch_baldrick.o)
                0x00000010                hw_patch
 *(.text)
 .text          0x00000168       0x3e C:\CSR_uEnergy_SDK-2.4.5.13\tools\lib\CSR101x_A05\libgatt_lib_ram.a(sm_pair_auth.o)
                0x00000168                SMPairingAuthRsp
                0x00000182                ___libgatt_lib_db_4578
 .text          0x000001a6       0x3e C:\CSR_uEnergy_SDK-2.4.5.13\tools\lib\CSR101x_A05\libgatt_lib_ram.a(sm_ram.o)
                0x000001d6                SMDistributeMasterLtk
                0x000001a6                ___libgatt_lib_db_476
                0x000001b8                SMFeaturesReq
 .text          0x000001e4       0x26 C:\CSR_uEnergy_SDK-2.4.5.13\tools\lib\CSR101x_A05\libgatt_lib_ram.a(sm_div.o)
                0x000001f8                ___libgatt_lib_db_487
                0x000001e4                SMDivApproval
 .text          0x0000020a      0x1cf C:\CSR_uEnergy_SDK-2.4.5.13\tools\lib\CSR101x_A05\libgatt_lib_ram.a(patch_sm.o)
                0x0000023f                ___libgatt_lib_db_4587
                0x0000029a                ___libgatt_lib_db_4585
                0x0000020a                ___libgatt_lib_db_4584
                0x000002a4                ___libgatt_lib_db_4589
                0x00000329                ___libgatt_lib_db_4586
                0x000002b3                ___libgatt_lib_db_4583
                0x00000378                ___libgatt_lib_db_4588
                0x000002d5                ___libgatt_lib_db_4598
 .text          0x000003d9        0x8 C:\CSR_uEnergy_SDK-2.4.5.13\tools\lib\CSR101x_A05\libgatt_lib_ram.a(patch_sm_host_interface.o)
                0x000003d9                SMRequestSecurityLevel
 .text          0x000003e1        0xf C:\CSR_uEnergy_SDK-2.4.5.13\tools\lib\CSR101x_A05\libgatt_lib_ram.a(patch_sm_l2cap.o)
                0x000003e1                ___libgatt_lib_db_4600
 *(.text.*)
 .text.GattGetDatabase
                0x000003f0        0x8 depend_Release_CSR101x_A05\app_gatt_db.o
                0x000003f0                GattGetDatabase
 .text.SendDataToUart
                0x000003f8        0x7 depend_Release_CSR101x_A05\uart_interface.o
                0x000003f8                SendDataToUart
 .text.SetLastNotificationStatus
                0x000003ff        0x3 depend_Release_CSR101x_A05\uart_interface.o
                0x000003ff                SetLastNotificationStatus
 .text.ProcessRxData
                0x00000402       0x50 depend_Release_CSR101x_A05\uart_interface.o
                0x00000402                ProcessRxData
 .text.SendPartialBuffer
                0x00000452       0x26 depend_Release_CSR101x_A05\uart_interface.o
 .text.BatteryInitChipReset
                0x00000478        0x4 depend_Release_CSR101x_A05\battery_service.o
                0x00000478                BatteryInitChipReset
 .text.BatteryCheckHandleRange
                0x0000047c        0x6 depend_Release_CSR101x_A05\battery_service.o
                0x0000047c                BatteryCheckHandleRange
 .text.BatteryDataInit
                0x00000482        0x8 depend_Release_CSR101x_A05\battery_service.o
                0x00000482                BatteryDataInit
 .text.BatteryBondingNotify
                0x0000048a        0xe depend_Release_CSR101x_A05\battery_service.o
                0x0000048a                BatteryBondingNotify
 .text.BatteryReadDataFromNVM
                0x00000498       0x17 depend_Release_CSR101x_A05\battery_service.o
                0x00000498                BatteryReadDataFromNVM
 .text.readBatteryLevel
                0x000004af       0x28 depend_Release_CSR101x_A05\battery_service.o
 .text.BatteryUpdateLevel
                0x000004d7       0x1d depend_Release_CSR101x_A05\battery_service.o
                0x000004d7                BatteryUpdateLevel
 .text.BatteryHandleAccessWrite
                0x000004f4       0x3e depend_Release_CSR101x_A05\battery_service.o
                0x000004f4                BatteryHandleAccessWrite
 .text.BatteryHandleAccessRead
                0x00000532       0x34 depend_Release_CSR101x_A05\battery_service.o
                0x00000532                BatteryHandleAccessRead
 .text.Nvm_Disable
                0x00000566        0x9 depend_Release_CSR101x_A05\nvm_access.o
                0x00000566                Nvm_Disable
 .text.Nvm_Write
                0x0000056f        0xe depend_Release_CSR101x_A05\nvm_access.o
                0x0000056f                Nvm_Write
 .text.Nvm_Read
                0x0000057d        0xe depend_Release_CSR101x_A05\nvm_access.o
                0x0000057d                Nvm_Read
 .text.DeviceInfoCheckHandleRange
                0x0000058b        0x7 depend_Release_CSR101x_A05\dev_info_service.o
                0x0000058b                DeviceInfoCheckHandleRange
 .text.DeviceInfoHandleAccessRead
                0x00000592       0x4c depend_Release_CSR101x_A05\dev_info_service.o
                0x00000592                DeviceInfoHandleAccessRead
 .text.handleShortButtonPress
                0x000005de        0x7 depend_Release_CSR101x_A05\hw_access.o
 .text.HwDataInit
                0x000005e5        0xb depend_Release_CSR101x_A05\hw_access.o
                0x000005e5                HwDataInit
 .text.HandlePIOChangedEvent
                0x000005f0       0x53 depend_Release_CSR101x_A05\hw_access.o
                0x000005f0                HandlePIOChangedEvent
 .text.handleExtraLongButtonPress
                0x00000643        0x9 depend_Release_CSR101x_A05\hw_access.o
 .text.InitHardware
                0x0000064c       0x6d depend_Release_CSR101x_A05\hw_access.o
                0x0000064c                InitHardware
 .text.AppGetState
                0x000006b9        0x3 depend_Release_CSR101x_A05\serial_server.o
                0x000006b9                AppGetState
 .text.IsDeviceBonded
                0x000006bc        0x3 depend_Release_CSR101x_A05\serial_server.o
                0x000006bc                IsDeviceBonded
 .text.GetConnectionID
                0x000006bf        0x3 depend_Release_CSR101x_A05\serial_server.o
                0x000006bf                GetConnectionID
 .text.AppPowerOnReset
                0x000006c2        0x1 depend_Release_CSR101x_A05\serial_server.o
                0x000006c2                AppPowerOnReset
 .text.HandleLongButtonPress
                0x000006c3       0x15 depend_Release_CSR101x_A05\serial_server.o
                0x000006c3                HandleLongButtonPress
 .text.resetIdleTimer
                0x000006d8       0x19 depend_Release_CSR101x_A05\serial_server.o
 .text.StartAdvertTimer
                0x000006f1       0x16 depend_Release_CSR101x_A05\serial_server.o
                0x000006f1                StartAdvertTimer
 .text.emptySendRecvBuffers
                0x00000707        0x8 depend_Release_CSR101x_A05\serial_server.o
 .text.appDataInit
                0x0000070f       0x3d depend_Release_CSR101x_A05\serial_server.o
 .text.handleLED
                0x0000074c       0xba depend_Release_CSR101x_A05\serial_server.o
 .text.HandleExtTrigger
                0x00000806       0x2c depend_Release_CSR101x_A05\serial_server.o
                0x00000806                HandleExtTrigger
 .text.setLastNotificationResult
                0x00000832        0x2 depend_Release_CSR101x_A05\serial_server.o
 .text.AppProcessSystemEvent
                0x00000834       0x13 depend_Release_CSR101x_A05\serial_server.o
                0x00000834                AppProcessSystemEvent
 .text.AppInit  0x00000847      0x100 depend_Release_CSR101x_A05\serial_server.o
                0x00000847                AppInit
 .text.Led_handler
                0x00000947       0x81 depend_Release_CSR101x_A05\serial_server.o
 .text.handler  0x000009c8      0x20d depend_Release_CSR101x_A05\serial_server.o
 .text.appAdvertTimerHandler
                0x00000bd5        0xa depend_Release_CSR101x_A05\serial_server.o
 .text.ReportPanic
                0x00000bdf        0x3 depend_Release_CSR101x_A05\serial_server.o
                0x00000bdf                ReportPanic
 .text.AppSetState
                0x00000be2       0xfd depend_Release_CSR101x_A05\serial_server.o
                0x00000be2                AppSetState
 .text.appStartAdvert
                0x00000cdf        0x8 depend_Release_CSR101x_A05\serial_server.o
 .text.HandleShortButtonPress
                0x00000ce7        0x6 depend_Release_CSR101x_A05\serial_server.o
                0x00000ce7                HandleShortButtonPress
 .text.handleBondingChanceTimerExpiry
                0x00000ced        0xb depend_Release_CSR101x_A05\serial_server.o
 .text.appIdleTimerHandler
                0x00000cf8        0xe depend_Release_CSR101x_A05\serial_server.o
 .text.HandlePairingRemoval
                0x00000d06       0x2c depend_Release_CSR101x_A05\serial_server.o
                0x00000d06                HandlePairingRemoval
 .text.AppProcessLmEvent
                0x00000d32      0x418 depend_Release_CSR101x_A05\serial_server.o
                0x00000d32                AppProcessLmEvent
 .text.InitGattData
                0x0000114a        0x6 depend_Release_CSR101x_A05\serial_gatt.o
                0x0000114a                InitGattData
 .text.GetSupported128BitUUIDServiceList
                0x00001150       0x26 depend_Release_CSR101x_A05\serial_gatt.o
                0x00001150                GetSupported128BitUUIDServiceList
 .text.GattIsAddressResolvableRandom
                0x00001176       0x11 depend_Release_CSR101x_A05\serial_gatt.o
                0x00001176                GattIsAddressResolvableRandom
 .text.GattStopAdverts
                0x00001187       0x13 depend_Release_CSR101x_A05\serial_gatt.o
                0x00001187                GattStopAdverts
 .text.gattSetAdvertParams
                0x0000119a       0x7c depend_Release_CSR101x_A05\serial_gatt.o
 .text.GattStartAdverts
                0x00001216       0x28 depend_Release_CSR101x_A05\serial_gatt.o
                0x00001216                GattStartAdverts
 .text.GattTriggerFastAdverts
                0x0000123e        0xb depend_Release_CSR101x_A05\serial_gatt.o
                0x0000123e                GattTriggerFastAdverts
 .text.HandleAccessWrite
                0x00001249       0x36 depend_Release_CSR101x_A05\serial_gatt.o
                0x00001249                HandleAccessWrite
 .text.HandleAccessRead
                0x0000127f       0x40 depend_Release_CSR101x_A05\serial_gatt.o
                0x0000127f                HandleAccessRead
 .text.SerialCheckHandleRange
                0x000012bf        0x7 depend_Release_CSR101x_A05\serial_service.o
                0x000012bf                SerialCheckHandleRange
 .text.SerialBondingNotify
                0x000012c6        0xe depend_Release_CSR101x_A05\serial_service.o
                0x000012c6                SerialBondingNotify
 .text.SerialSendNotification
                0x000012d4       0x1b depend_Release_CSR101x_A05\serial_service.o
                0x000012d4                SerialSendNotification
 .text.SerialReadDataFromNVM
                0x000012ef       0x17 depend_Release_CSR101x_A05\serial_service.o
                0x000012ef                SerialReadDataFromNVM
 .text.SerialHandleAccessWrite
                0x00001306       0x37 depend_Release_CSR101x_A05\serial_service.o
                0x00001306                SerialHandleAccessWrite
 .text.SerialHandleAccessRead
                0x0000133d       0x24 depend_Release_CSR101x_A05\serial_service.o
                0x0000133d                SerialHandleAccessRead
 .text.BQGetDataSize
                0x00001361        0xd depend_Release_CSR101x_A05\byte_queue.o
                0x00001361                BQGetDataSize
 .text.BQClearBuffer
                0x0000136e        0xa depend_Release_CSR101x_A05\byte_queue.o
                0x0000136e                BQClearBuffer
 .text.BQCommitLastPeek
                0x00001378        0x8 depend_Release_CSR101x_A05\byte_queue.o
                0x00001378                BQCommitLastPeek
 .text.peekBuffer
                0x00001380       0x73 depend_Release_CSR101x_A05\byte_queue.o
 .text.BQPeekBytes
                0x000013f3        0x1 depend_Release_CSR101x_A05\byte_queue.o
                0x000013f3                BQPeekBytes
 .text.BQPopBytes
                0x000013f4        0xa depend_Release_CSR101x_A05\byte_queue.o
                0x000013f4                BQPopBytes
 .text.OtaDataInit
                0x000013fe        0x4 depend_Release_CSR101x_A05\csr_ota_service.o
                0x000013fe                OtaDataInit
 .text.OtaCheckHandleRange
                0x00001402        0x7 depend_Release_CSR101x_A05\csr_ota_service.o
                0x00001402                OtaCheckHandleRange
 .text.OtaResetRequired
                0x00001409        0x3 depend_Release_CSR101x_A05\csr_ota_service.o
                0x00001409                OtaResetRequired
 .text.OtaHandleAccessWrite
                0x0000140c       0x96 depend_Release_CSR101x_A05\csr_ota_service.o
                0x0000140c                OtaHandleAccessWrite
 .text.OtaHandleAccessRead
                0x000014a2       0x43 depend_Release_CSR101x_A05\csr_ota_service.o
                0x000014a2                OtaHandleAccessRead
 .text.GattCheckHandleRange
                0x000014e5        0x7 depend_Release_CSR101x_A05\gatt_service.o
                0x000014e5                GattCheckHandleRange
 .text.GattServiceChangedIndActive
                0x000014ec       0x10 depend_Release_CSR101x_A05\gatt_service.o
                0x000014ec                GattServiceChangedIndActive
 .text.GattDataInit
                0x000014fc        0xa depend_Release_CSR101x_A05\gatt_service.o
                0x000014fc                GattDataInit
 .text.GattBondingNotify
                0x00001506        0xe depend_Release_CSR101x_A05\gatt_service.o
                0x00001506                GattBondingNotify
 .text.GattOnOtaSwitch
                0x00001514       0x16 depend_Release_CSR101x_A05\gatt_service.o
                0x00001514                GattOnOtaSwitch
 .text.GattHandleAccessWrite
                0x0000152a       0x34 depend_Release_CSR101x_A05\gatt_service.o
                0x0000152a                GattHandleAccessWrite
 .text.GattHandleAccessRead
                0x0000155e       0x27 depend_Release_CSR101x_A05\gatt_service.o
                0x0000155e                GattHandleAccessRead
 .text.GattOnConnection
                0x00001585       0x28 depend_Release_CSR101x_A05\gatt_service.o
                0x00001585                GattOnConnection
 .text.GattReadDataFromNVM
                0x000015ad       0x35 depend_Release_CSR101x_A05\gatt_service.o
                0x000015ad                GattReadDataFromNVM
 .text.write_buffer
                0x000015e2       0x4c depend_Release_CSR101x_A05\vf_pwm.o
 .text.VFPWMStart
                0x0000162e       0xb8 depend_Release_CSR101x_A05\vf_pwm.o
                0x0000162e                VFPWMStart
 .text.VFPWMConfig
                0x000016e6       0x35 depend_Release_CSR101x_A05\vf_pwm.o
                0x000016e6                VFPWMConfig
 .text.I2CAcquire
                0x0000171b        0x9 depend_Release_CSR101x_A05\i2c_comms.o
                0x0000171b                I2CAcquire
 .text.I2C_IO_Write
                0x00001724       0x31 depend_Release_CSR101x_A05\i2c_comms.o
                0x00001724                I2C_IO_Write
 .text.I2CcommsInit
                0x00001755       0x38 depend_Release_CSR101x_A05\i2c_comms.o
                0x00001755                I2CcommsInit
 .text.I2CRelease
                0x0000178d        0x5 depend_Release_CSR101x_A05\i2c_comms.o
                0x0000178d                I2CRelease
 .text.___libgatt_lib_db_4554
                0x00001792        0x7 C:\CSR_uEnergy_SDK-2.4.5.13\tools\lib\CSR101x_A05\libgatt_lib_ram.a(patch_ls_app_if.o)
                0x00001792                ___libgatt_lib_db_4554
 .text.patch_process_hci_event
                0x00001799       0x2f C:\CSR_uEnergy_SDK-2.4.5.13\tools\lib\CSR101x_A05\libgatt_lib_ram.a(patch_ls_app_if.o)
 .text.LsRadioEventNotification
                0x000017c8        0x9 C:\CSR_uEnergy_SDK-2.4.5.13\tools\lib\CSR101x_A05\libgatt_lib_ram.a(patch_ls_app_if.o)
                0x000017c8                LsRadioEventNotification
 .text.___libgatt_lib_db_4563
                0x000017d1        0xe C:\CSR_uEnergy_SDK-2.4.5.13\tools\lib\CSR101x_A05\libgatt_lib_ram.a(patch_ls_advertising_if.o)
                0x000017d1                ___libgatt_lib_db_4563
 .text.ls_advscan_set_payload_data
                0x000017df       0x46 C:\CSR_uEnergy_SDK-2.4.5.13\tools\lib\CSR101x_A05\libgatt_lib_ram.a(patch_ls_advertising_if.o)
 .text.___libgatt_lib_db_4564
                0x00001825        0xb C:\CSR_uEnergy_SDK-2.4.5.13\tools\lib\CSR101x_A05\libgatt_lib_ram.a(patch_ls_advertising_if.o)
                0x00001825                ___libgatt_lib_db_4564
 .text.LsStoreAdvScanData
                0x00001830        0xe C:\CSR_uEnergy_SDK-2.4.5.13\tools\lib\CSR101x_A05\libgatt_lib_ram.a(patch_ls_advertising_if.o)
                0x00001830                LsStoreAdvScanData
 .text.GattInit
                0x0000183e       0x20 C:\CSR_uEnergy_SDK-2.4.5.13\tools\lib\CSR101x_A05\libgatt_lib_ram.a(gatt_ram.o)
                0x0000183e                GattInit
 .text.GattCancelConnectReq
                0x0000185e        0x7 C:\CSR_uEnergy_SDK-2.4.5.13\tools\lib\CSR101x_A05\libgatt_lib_ram.a(patch_gatt.o)
                0x0000185e                GattCancelConnectReq
 .text.ram_le_connection_timeout_A05
                0x00001865       0x34 C:\CSR_uEnergy_SDK-2.4.5.13\tools\lib\CSR101x_A05\libgatt_lib_ram.a(patch_george.o)
 .text.___libgatt_lib_db_4603
                0x00001899        0x8 C:\CSR_uEnergy_SDK-2.4.5.13\tools\lib\CSR101x_A05\libgatt_lib_ram.a(patch_george.o)
                0x00001899                ___libgatt_lib_db_4603
 .text.___libgatt_lib_db_4609
                0x000018a1       0x1b C:\CSR_uEnergy_SDK-2.4.5.13\tools\lib\CSR101x_A05\libgatt_lib_ram.a(patch_george.o)
                0x000018a1                ___libgatt_lib_db_4609
 .text.___libgatt_lib_db_4608
                0x000018bc       0xde C:\CSR_uEnergy_SDK-2.4.5.13\tools\lib\CSR101x_A05\libgatt_lib_ram.a(patch_george.o)
                0x000018bc                ___libgatt_lib_db_4608
 .text.rx_timing_report
                0x0000199a       0xb1 C:\CSR_uEnergy_SDK-2.4.5.13\tools\lib\CSR101x_A05\libgatt_lib_ram.a(patch_george.o)
 .text.ram_le_handle_event
                0x00001a4b       0xeb C:\CSR_uEnergy_SDK-2.4.5.13\tools\lib\CSR101x_A05\libgatt_lib_ram.a(patch_george.o)
 .text.___libgatt_lib_db_4550
                0x00001b36       0x1c C:\CSR_uEnergy_SDK-2.4.5.13\tools\lib\CSR101x_A05\libgatt_lib_ram.a(patch_george.o)
                0x00001b36                ___libgatt_lib_db_4550
 .text.___libgatt_lib_db_4549
                0x00001b52       0x2d C:\CSR_uEnergy_SDK-2.4.5.13\tools\lib\CSR101x_A05\libgatt_lib_ram.a(patch_george.o)
                0x00001b52                ___libgatt_lib_db_4549
 .text.___libgatt_lib_db_4604
                0x00001b7f      0x17f C:\CSR_uEnergy_SDK-2.4.5.13\tools\lib\CSR101x_A05\libgatt_lib_ram.a(patch_george.o)
                0x00001b7f                ___libgatt_lib_db_4604
 .text.___libgatt_lib_db_4544
                0x00001cfe       0x26 C:\CSR_uEnergy_SDK-2.4.5.13\tools\lib\CSR101x_A05\libgatt_lib_ram.a(patch_george.o)
                0x00001cfe                ___libgatt_lib_db_4544
 .text.___libgatt_lib_db_4610
                0x00001d24       0xb4 C:\CSR_uEnergy_SDK-2.4.5.13\tools\lib\CSR101x_A05\libgatt_lib_ram.a(patch_george.o)
                0x00001d24                ___libgatt_lib_db_4610
 .text.___libgatt_lib_db_4620
                0x00001dd8        0xc C:\CSR_uEnergy_SDK-2.4.5.13\tools\lib\CSR101x_A05\libgatt_lib_ram.a(patch_george_ll.o)
                0x00001dd8                ___libgatt_lib_db_4620
 .text.___libgatt_lib_db_4619
                0x00001de4       0x11 C:\CSR_uEnergy_SDK-2.4.5.13\tools\lib\CSR101x_A05\libgatt_lib_ram.a(patch_george_ll.o)
                0x00001de4                ___libgatt_lib_db_4619
 .text.___libgatt_lib_db_4621
                0x00001df5      0x124 C:\CSR_uEnergy_SDK-2.4.5.13\tools\lib\CSR101x_A05\libgatt_lib_ram.a(patch_george_ll.o)
                0x00001df5                ___libgatt_lib_db_4621
 .text.___libgatt_lib_db_4636
                0x00001f19       0x27 C:\CSR_uEnergy_SDK-2.4.5.13\tools\lib\CSR101x_A05\libgatt_lib_ram.a(patch_dbase.o)
                0x00001f19                ___libgatt_lib_db_4636
 .text.___libgatt_lib_db_4630
                0x00001f40       0x16 C:\CSR_uEnergy_SDK-2.4.5.13\tools\lib\CSR101x_A05\libgatt_lib_ram.a(patch_dbase.o)
                0x00001f40                ___libgatt_lib_db_4630
 .text.dbase_safe_access_check_curr
                0x00001f56        0x3 C:\CSR_uEnergy_SDK-2.4.5.13\tools\lib\CSR101x_A05\libgatt_lib_ram.a(patch_dbase.o)
 .text.___libgatt_lib_db_4635
                0x00001f59       0x11 C:\CSR_uEnergy_SDK-2.4.5.13\tools\lib\CSR101x_A05\libgatt_lib_ram.a(patch_dbase.o)
                0x00001f59                ___libgatt_lib_db_4635
 .text.___libgatt_lib_db_4633
                0x00001f6a       0x11 C:\CSR_uEnergy_SDK-2.4.5.13\tools\lib\CSR101x_A05\libgatt_lib_ram.a(patch_dbase.o)
                0x00001f6a                ___libgatt_lib_db_4633
 .text.___libgatt_lib_db_4632
                0x00001f7b        0xf C:\CSR_uEnergy_SDK-2.4.5.13\tools\lib\CSR101x_A05\libgatt_lib_ram.a(patch_dbase.o)
                0x00001f7b                ___libgatt_lib_db_4632
 .text.___libgatt_lib_db_4631
                0x00001f8a        0x7 C:\CSR_uEnergy_SDK-2.4.5.13\tools\lib\CSR101x_A05\libgatt_lib_ram.a(patch_dbase.o)
                0x00001f8a                ___libgatt_lib_db_4631
 .text.___libgatt_lib_db_4645
                0x00001f91        0xc C:\CSR_uEnergy_SDK-2.4.5.13\tools\lib\CSR101x_A05\libgatt_lib_ram.a(hal_debugbus_state.o)
                0x00001f91                ___libgatt_lib_db_4645
 .text.___libgatt_lib_db_4644
                0x00001f9d        0xc C:\CSR_uEnergy_SDK-2.4.5.13\tools\lib\CSR101x_A05\libgatt_lib_ram.a(hal_debugbus_state.o)
                0x00001f9d                ___libgatt_lib_db_4644
 .text.___libgatt_lib_db_4659
                0x00001fa9       0x24 C:\CSR_uEnergy_SDK-2.4.5.13\tools\lib\CSR101x_A05\libgatt_lib_ram.a(patch_timer.o)
                0x00001fa9                ___libgatt_lib_db_4659
 .text.ram_app_init
                0x00001fcd       0x31 C:\CSR_uEnergy_SDK-2.4.5.13\tools\lib\CSR101x_A05\libgatt_lib_ram.a(main_ram.o)
                0x00001fcd                ram_app_init
 .text.___libgatt_lib_db_4364
                0x00001ffe        0x8 C:\CSR_uEnergy_SDK-2.4.5.13\tools\lib\CSR101x_A05\libgatt_lib_ram.a(hw_patch_install.o)
                0x00001ffe                ___libgatt_lib_db_4364
 .text.PioCtrlrStart
                0x00002006        0x4 C:\CSR_uEnergy_SDK-2.4.5.13\tools\lib\CSR101x_A05\libgatt_lib_ram.a(pio_ctrlr.o)
                0x00002006                PioCtrlrStart
 .text.PioCtrlrStop
                0x0000200a        0x4 C:\CSR_uEnergy_SDK-2.4.5.13\tools\lib\CSR101x_A05\libgatt_lib_ram.a(pio_ctrlr.o)
                0x0000200a                PioCtrlrStop
 .text.PioCtrlrClock
                0x0000200e        0xc C:\CSR_uEnergy_SDK-2.4.5.13\tools\lib\CSR101x_A05\libgatt_lib_ram.a(pio_ctrlr.o)
                0x0000200e                PioCtrlrClock
 .text.___libgatt_lib_db_4368
                0x0000201a       0x43 C:\CSR_uEnergy_SDK-2.4.5.13\tools\lib\CSR101x_A05\libgatt_lib_ram.a(pio_ctrlr.o)
                0x0000201a                ___libgatt_lib_db_4368
 .text.PioCtrlrInit
                0x0000205d       0x25 C:\CSR_uEnergy_SDK-2.4.5.13\tools\lib\CSR101x_A05\libgatt_lib_ram.a(pio_ctrlr.o)
                0x0000205d                PioCtrlrInit
 .text.I2cReset
                0x00002082        0x7 C:\CSR_uEnergy_SDK-2.4.5.13\tools\lib\CSR101x_A05\libgatt_lib_ram.a(patch_i2c.o)
                0x00002082                I2cReset
 .text.NvmConfigureI2cEeprom
                0x00002089        0xd C:\CSR_uEnergy_SDK-2.4.5.13\tools\lib\CSR101x_A05\libgatt_lib_ram.a(patch_i2c_app_mem_mgr.o)
                0x00002089                NvmConfigureI2cEeprom
 .text.new_disable_i2c
                0x00002096        0xb C:\CSR_uEnergy_SDK-2.4.5.13\tools\lib\CSR101x_A05\libgatt_lib_ram.a(patch_i2c_app_mem_mgr.o)
 .text.AioRead  0x000020a1       0x30 C:\CSR_uEnergy_SDK-2.4.5.13\tools\lib\CSR101x_A05\libgatt_lib_ram.a(patch_robs_aio.o)
                0x000020a1                AioRead
 .text.PioConfigPWM
                0x000020d1       0x2b C:\CSR_uEnergy_SDK-2.4.5.13\tools\lib\CSR101x_A05\libgatt_lib_ram.a(robs_pio_ram.o)
                0x000020d1                PioConfigPWM
 .text.PioSetMode
                0x000020fc        0xb C:\CSR_uEnergy_SDK-2.4.5.13\tools\lib\CSR101x_A05\libgatt_lib_ram.a(robs_pio_ram.o)
                0x000020fc                PioSetMode
 .text.IdGetLlVerBtle
                0x00002107        0x3 C:\CSR_uEnergy_SDK-2.4.5.13\tools\lib\CSR101x_A05\libgatt_lib_ram.a(id_ram.o)
                0x00002107                IdGetLlVerBtle
 .text.___libgatt_lib_db_4693
                0x0000210a       0x27 C:\CSR_uEnergy_SDK-2.4.5.13\tools\lib\CSR101x_A05\libgatt_lib_ram.a(patch_adc.o)
                0x0000210a                ___libgatt_lib_db_4693
 .text.___libgatt_lib_db_4568
                0x00002131       0x11 C:\CSR_uEnergy_SDK-2.4.5.13\tools\lib\CSR101x_A05\libgatt_lib_ram.a(patch_ls_l2cap_if.o)
                0x00002131                ___libgatt_lib_db_4568
 .text.___libgatt_lib_db_4570
                0x00002142        0xc C:\CSR_uEnergy_SDK-2.4.5.13\tools\lib\CSR101x_A05\libgatt_lib_ram.a(patch_l2cap.o)
                0x00002142                ___libgatt_lib_db_4570
 .text.___libgatt_lib_db_4572
                0x0000214e        0xe C:\CSR_uEnergy_SDK-2.4.5.13\tools\lib\CSR101x_A05\libgatt_lib_ram.a(patch_att_install.o)
                0x0000214e                ___libgatt_lib_db_4572
 .text.patch_att_handle_execute_write_req
                0x0000215c       0xfb C:\CSR_uEnergy_SDK-2.4.5.13\tools\lib\CSR101x_A05\libgatt_lib_ram.a(patch_att_install.o)
 .text.patch_att_handle_read_multi_req
                0x00002257       0xb7 C:\CSR_uEnergy_SDK-2.4.5.13\tools\lib\CSR101x_A05\libgatt_lib_ram.a(patch_att_install.o)
 .text.___libgatt_lib_db_4626
                0x0000230e       0x5a C:\CSR_uEnergy_SDK-2.4.5.13\tools\lib\CSR101x_A05\libgatt_lib_ram.a(patch_george_adv.o)
                0x0000230e                ___libgatt_lib_db_4626
 .text.___libgatt_lib_db_4627
                0x00002368       0x1b C:\CSR_uEnergy_SDK-2.4.5.13\tools\lib\CSR101x_A05\libgatt_lib_ram.a(patch_george_adv.o)
                0x00002368                ___libgatt_lib_db_4627
 .text.___libgatt_lib_db_4206
                0x00002383       0x1d C:\CSR_uEnergy_SDK-2.4.5.13\tools\lib\CSR101x_A05\libgatt_lib_ram.a(patch_halradiotrim.o)
                0x00002383                ___libgatt_lib_db_4206
 .text.___libgatt_lib_db_4208
                0x000023a0       0x11 C:\CSR_uEnergy_SDK-2.4.5.13\tools\lib\CSR101x_A05\libgatt_lib_ram.a(patch_halradiotrim.o)
                0x000023a0                ___libgatt_lib_db_4208
 .text.___libgatt_lib_db_4209
                0x000023b1       0x4d C:\CSR_uEnergy_SDK-2.4.5.13\tools\lib\CSR101x_A05\libgatt_lib_ram.a(patch_halradiotrim.o)
                0x000023b1                ___libgatt_lib_db_4209
 .text.RAM_set_tx_power_parameters
                0x000023fe       0x57 C:\CSR_uEnergy_SDK-2.4.5.13\tools\lib\CSR101x_A05\libgatt_lib_ram.a(patch_halradiotrim.o)
 .text.___libgatt_lib_db_4651
                0x00002455        0xf C:\CSR_uEnergy_SDK-2.4.5.13\tools\lib\CSR101x_A05\libgatt_lib_ram.a(patch_halradiotrim.o)
                0x00002455                ___libgatt_lib_db_4651
 .text.___libgatt_lib_db_4649
                0x00002464        0xa C:\CSR_uEnergy_SDK-2.4.5.13\tools\lib\CSR101x_A05\libgatt_lib_ram.a(patch_halradiotrim.o)
                0x00002464                ___libgatt_lib_db_4649
 .text.___libgatt_lib_db_4205
                0x0000246e        0x9 C:\CSR_uEnergy_SDK-2.4.5.13\tools\lib\CSR101x_A05\libgatt_lib_ram.a(patch_halradiotrim.o)
                0x0000246e                ___libgatt_lib_db_4205
 .text.___libgatt_lib_db_4657
                0x00002477       0x55 C:\CSR_uEnergy_SDK-2.4.5.13\tools\lib\CSR101x_A05\libgatt_lib_ram.a(patch_halradio.o)
                0x00002477                ___libgatt_lib_db_4657
 .text.___libgatt_lib_db_4662
                0x000024cc        0xd C:\CSR_uEnergy_SDK-2.4.5.13\tools\lib\CSR101x_A05\libgatt_lib_ram.a(patch_sleep.o)
                0x000024cc                ___libgatt_lib_db_4662
 .text.___libgatt_lib_db_4207
                0x000024d9        0xd C:\CSR_uEnergy_SDK-2.4.5.13\tools\lib\CSR101x_A05\libgatt_lib_ram.a(patch_reset.o)
                0x000024d9                ___libgatt_lib_db_4207
 .text.___libgatt_lib_db_4664
                0x000024e6       0x3a C:\CSR_uEnergy_SDK-2.4.5.13\tools\lib\CSR101x_A05\libgatt_lib_ram.a(patch_pools.o)
                0x000024e6                ___libgatt_lib_db_4664
 .text.___libgatt_lib_db_4667
                0x00002520        0xf C:\CSR_uEnergy_SDK-2.4.5.13\tools\lib\CSR101x_A05\libgatt_lib_ram.a(patch_background_loop.o)
                0x00002520                ___libgatt_lib_db_4667
 .text.___libgatt_lib_db_4669
                0x0000252f        0x5 C:\CSR_uEnergy_SDK-2.4.5.13\tools\lib\CSR101x_A05\libgatt_lib_ram.a(patch_fault.o)
                0x0000252f                ___libgatt_lib_db_4669
 .text.___libgatt_lib_db_4680
                0x00002534       0x3b C:\CSR_uEnergy_SDK-2.4.5.13\tools\lib\CSR101x_A05\libgatt_lib_ram.a(patch_pmu.o)
                0x00002534                ___libgatt_lib_db_4680
 .text.___libgatt_lib_db_4679
                0x0000256f       0x19 C:\CSR_uEnergy_SDK-2.4.5.13\tools\lib\CSR101x_A05\libgatt_lib_ram.a(patch_pmu.o)
                0x0000256f                ___libgatt_lib_db_4679
 .text.___libgatt_lib_db_4677
                0x00002588       0x1e C:\CSR_uEnergy_SDK-2.4.5.13\tools\lib\CSR101x_A05\libgatt_lib_ram.a(patch_pmu.o)
                0x00002588                ___libgatt_lib_db_4677
 .text.___libgatt_lib_db_4678
                0x000025a6       0x2e C:\CSR_uEnergy_SDK-2.4.5.13\tools\lib\CSR101x_A05\libgatt_lib_ram.a(patch_pmu.o)
                0x000025a6                ___libgatt_lib_db_4678
 .text.___libgatt_lib_db_4214
                0x000025d4      0x15c C:\CSR_uEnergy_SDK-2.4.5.13\tools\lib\CSR101x_A05\libgatt_lib_ram.a(patch_thermometer.o)
                0x000025d4                ___libgatt_lib_db_4214
 .text.___libgatt_lib_db_4691
                0x00002730       0x87 C:\CSR_uEnergy_SDK-2.4.5.13\tools\lib\CSR101x_A05\libgatt_lib_ram.a(patch_updates.o)
                0x00002730                ___libgatt_lib_db_4691
 .text.OtaReset
                0x000027b7        0x3 C:\CSR_uEnergy_SDK-2.4.5.13\tools\lib\otau\libotau.a(csr_ota.o)
                0x000027b7                OtaReset
 .text.readProtectedValue
                0x000027ba       0x24 C:\CSR_uEnergy_SDK-2.4.5.13\tools\lib\otau\libotau.a(csr_ota.o)
 .text.readOtaVersion
                0x000027de        0x6 C:\CSR_uEnergy_SDK-2.4.5.13\tools\lib\otau\libotau.a(csr_ota.o)
 .text.readCurrentApp
                0x000027e4        0x4 C:\CSR_uEnergy_SDK-2.4.5.13\tools\lib\otau\libotau.a(csr_ota.o)
 .text.readSharedDataV5
                0x000027e8        0xd C:\CSR_uEnergy_SDK-2.4.5.13\tools\lib\otau\libotau.a(csr_ota.o)
 .text.findSharedData
                0x000027f5       0x57 C:\CSR_uEnergy_SDK-2.4.5.13\tools\lib\otau\libotau.a(csr_ota.o)
 .text.OtaReadCurrentApp
                0x0000284c       0x21 C:\CSR_uEnergy_SDK-2.4.5.13\tools\lib\otau\libotau.a(csr_ota.o)
                0x0000284c                OtaReadCurrentApp
 .text.writeCurrentAppV5
                0x0000286d       0x66 C:\CSR_uEnergy_SDK-2.4.5.13\tools\lib\otau\libotau.a(csr_ota.o)
 .text.writeCurrentApp
                0x000028d3       0x59 C:\CSR_uEnergy_SDK-2.4.5.13\tools\lib\otau\libotau.a(csr_ota.o)
 .text.OtaWriteCurrentApp
                0x0000292c       0x37 C:\CSR_uEnergy_SDK-2.4.5.13\tools\lib\otau\libotau.a(csr_ota.o)
                0x0000292c                OtaWriteCurrentApp
 .text.i2cInitBus
                0x00002963       0x19 C:\CSR_uEnergy_SDK-2.4.5.13\tools\lib\otau\libotau.a(i2c_comms.o)
                0x00002963                i2cInitBus
 .text.crcBlock
                0x0000297c       0x2e C:\CSR_uEnergy_SDK-2.4.5.13\tools\lib\otau\libotau.a(crc16.o)
                0x0000297c                crcBlock
 *(.apptext)
 *(.apptext.*)
 *xap2crte.o(.text)
 *xap2crte.o(.text.*)
                0x000029aa                PROG_APPCODE_END = .
                0x000049aa                DATA_CONST_START = (DATA_RAM_START + .)
                0x000049aa                . = DATA_CONST_START

.const
 *(CONST)
 *(CONST.*)
                0x000049aa                DATA_CONST_END = .
                0x000049aa                DATA_RODATA_START = .
                0x000049ab                . = (. + 0x1)

.rodata         0x000049ab       0x65
 *(.rodata)
 *(.rodata.*)
 .rodata.handleLED
                0x000049ab        0x7 depend_Release_CSR101x_A05\serial_server.o
 .rodata.AppSetState
                0x000049b2        0xc depend_Release_CSR101x_A05\serial_server.o
 .rodata.AppProcessLmEvent
                0x000049be        0x7 depend_Release_CSR101x_A05\serial_server.o
 .rodata.C.0..2469.
                0x000049c5        0x3 depend_Release_CSR101x_A05\serial_gatt.o
 .rodata.ram_build_identifier_integer
                0x000049c8        0x1 C:\CSR_uEnergy_SDK-2.4.5.13\tools\lib\CSR101x_A05\libgatt_lib_ram.a(id_ram.o)
                0x000049c8                ram_build_identifier_integer
 .rodata.ram_build_identifier_string
                0x000049c9       0x16 C:\CSR_uEnergy_SDK-2.4.5.13\tools\lib\CSR101x_A05\libgatt_lib_ram.a(id_ram.o)
                0x000049c9                ram_build_identifier_string
 .rodata.slut_extended
                0x000049df        0x9 C:\CSR_uEnergy_SDK-2.4.5.13\tools\lib\CSR101x_A05\libgatt_lib_ram.a(slut.o)
                0x000049df                ___libgatt_lib_db_4695
 .rodata.tx_power_table
                0x000049e8       0x28 C:\CSR_uEnergy_SDK-2.4.5.13\tools\lib\CSR101x_A05\libgatt_lib_ram.a(patch_halradiotrim.o)
                0x000049e8                ___libgatt_lib_db_4656
                0x00004a10                DATA_RODATA_END = .

.bss            0x00004a10     0x40c0
                0x00004a10                DATA_BSS_APP_START = .
 *(.bss)
 .bss           0x00004a10        0x8 C:\CSR_uEnergy_SDK-2.4.5.13\tools\lib\CSR101x_A05\libgatt_lib_ram.a(sm_pair_auth.o)
 .bss           0x00004a18        0x3 C:\CSR_uEnergy_SDK-2.4.5.13\tools\lib\CSR101x_A05\libgatt_lib_ram.a(patch_sm.o)
                0x00004a18                sm_security_started
 .bss           0x00004a1b        0x1 C:\CSR_uEnergy_SDK-2.4.5.13\tools\lib\CSR101x_A05\libgatt_lib_ram.a(patch_sm_l2cap.o)
 *(.bss.*)
 .bss.g_trigger_write_callback
                0x00004a1c        0x1 depend_Release_CSR101x_A05\uart_interface.o
                0x00004a1c                g_trigger_write_callback
 .bss.g_is_current_baud_rate_high
                0x00004a1d        0x1 depend_Release_CSR101x_A05\uart_interface.o
                0x00004a1d                g_is_current_baud_rate_high
 .bss.g_batt_data
                0x00004a1e        0x3 depend_Release_CSR101x_A05\battery_service.o
 .bss.g_dev_info_data
                0x00004a21        0x8 depend_Release_CSR101x_A05\dev_info_service.o
 .bss.g_app_hw_data
                0x00004a29        0x2 depend_Release_CSR101x_A05\hw_access.o
 .bss.device_battery
                0x00004a2b        0x1 depend_Release_CSR101x_A05\serial_server.o
                0x00004a2b                device_battery
 .bss.g_radio_event_configured
                0x00004a2c        0x1 depend_Release_CSR101x_A05\serial_server.o
                0x00004a2c                g_radio_event_configured
 .bss.g_adv_count
                0x00004a2d        0x1 depend_Release_CSR101x_A05\serial_server.o
                0x00004a2d                g_adv_count
 .bss.Flag0     0x00004a2e        0x1 depend_Release_CSR101x_A05\serial_server.o
                0x00004a2e                Flag0
 .bss.Flag1     0x00004a2f        0x1 depend_Release_CSR101x_A05\serial_server.o
                0x00004a2f                Flag1
 .bss.Flag2     0x00004a30        0x1 depend_Release_CSR101x_A05\serial_server.o
                0x00004a30                Flag2
 .bss.Flag3     0x00004a31        0x1 depend_Release_CSR101x_A05\serial_server.o
                0x00004a31                Flag3
 .bss.Flag4     0x00004a32        0x1 depend_Release_CSR101x_A05\serial_server.o
                0x00004a32                Flag4
 .bss.Flag5     0x00004a33        0x1 depend_Release_CSR101x_A05\serial_server.o
                0x00004a33                Flag5
 .bss.Flag7     0x00004a34        0x1 depend_Release_CSR101x_A05\serial_server.o
                0x00004a34                Flag7
 .bss.F1        0x00004a35        0x1 depend_Release_CSR101x_A05\serial_server.o
                0x00004a35                F1
 .bss.F2        0x00004a36        0x1 depend_Release_CSR101x_A05\serial_server.o
                0x00004a36                F2
 .bss.reg       0x00004a37        0x1 depend_Release_CSR101x_A05\serial_server.o
 .bss.app_timers
                0x00004a38       0x30 depend_Release_CSR101x_A05\serial_server.o
 .bss.g_gatt_data
                0x00004a68        0x2 depend_Release_CSR101x_A05\serial_gatt.o
 .bss.g_serial_data
                0x00004a6a        0x2 depend_Release_CSR101x_A05\serial_service.o
 .bss.g_queue   0x00004a6c        0x6 depend_Release_CSR101x_A05\byte_queue.o
 .bss.data_transfer_data_length
                0x00004a72        0x1 depend_Release_CSR101x_A05\csr_ota_service.o
 .bss.data_transfer_memory
                0x00004a73       0x14 depend_Release_CSR101x_A05\csr_ota_service.o
 .bss.data_transfer_configuration
                0x00004a87        0x2 depend_Release_CSR101x_A05\csr_ota_service.o
 .bss.ota_serv_data
                0x00004a89        0x1 depend_Release_CSR101x_A05\csr_ota_service.o
 .bss.g_gatt_data
                0x00004a8a        0x3 depend_Release_CSR101x_A05\gatt_service.o
 .bss.pwm_pio_reg
                0x00004a8d        0x1 depend_Release_CSR101x_A05\vf_pwm.o
 .bss.pwm_pio_drive_reg
                0x00004a8e        0x1 depend_Release_CSR101x_A05\vf_pwm.o
 .bss.pwm0_pio_mask
                0x00004a8f        0x1 depend_Release_CSR101x_A05\vf_pwm.o
 .bss.pwm1_pio_mask
                0x00004a90        0x1 depend_Release_CSR101x_A05\vf_pwm.o
 .bss.pwm_inverted
                0x00004a91        0x1 depend_Release_CSR101x_A05\vf_pwm.o
 .bss.bus_I2C_status
                0x00004a92        0x1 depend_Release_CSR101x_A05\i2c_comms.o
                0x00004a92                bus_I2C_status
 .bss.i2c_initialised
                0x00004a93        0x1 depend_Release_CSR101x_A05\i2c_comms.o
                0x00004a93                i2c_initialised
 .bss.__PATCH__ZERO_
                0x00004a94        0x1 C:\CSR_uEnergy_SDK-2.4.5.13\tools\lib\CSR101x_A05\libgatt_lib_ram.a(patch_ls_advertising_if.o)
 .bss.patch_pending
                0x00004a95        0x1 C:\CSR_uEnergy_SDK-2.4.5.13\tools\lib\CSR101x_A05\libgatt_lib_ram.a(patch_george.o)
                0x00004a95                patch_pending
 .bss.patch_rx_timing_report
                0x00004a96        0x1 C:\CSR_uEnergy_SDK-2.4.5.13\tools\lib\CSR101x_A05\libgatt_lib_ram.a(patch_george.o)
                0x00004a96                patch_rx_timing_report
 .bss.patch_pending_mode
                0x00004a97        0x1 C:\CSR_uEnergy_SDK-2.4.5.13\tools\lib\CSR101x_A05\libgatt_lib_ram.a(patch_george.o)
                0x00004a97                patch_pending_mode
 .bss.__PATCH__ZERO_
                0x00004a98        0x1 C:\CSR_uEnergy_SDK-2.4.5.13\tools\lib\CSR101x_A05\libgatt_lib_ram.a(patch_george.o)
 .bss.__PATCH__ZERO_
                0x00004a99        0x1 C:\CSR_uEnergy_SDK-2.4.5.13\tools\lib\CSR101x_A05\libgatt_lib_ram.a(patch_timer.o)
 .bss.last_32khz_irq_hi.6057.
                0x00004a9a        0x1 C:\CSR_uEnergy_SDK-2.4.5.13\tools\lib\CSR101x_A05\libgatt_lib_ram.a(pio_ctrlr.o)
 .bss.last_32khz_irq_lo.6056.
                0x00004a9b        0x2 C:\CSR_uEnergy_SDK-2.4.5.13\tools\lib\CSR101x_A05\libgatt_lib_ram.a(pio_ctrlr.o)
 .bss.__PATCH__ZERO_
                0x00004a9d        0x1 C:\CSR_uEnergy_SDK-2.4.5.13\tools\lib\CSR101x_A05\libgatt_lib_ram.a(patch_robs_aio.o)
 .bss.__PATCH__ZERO_
                0x00004a9e        0x1 C:\CSR_uEnergy_SDK-2.4.5.13\tools\lib\CSR101x_A05\libgatt_lib_ram.a(patch_halradiotrim.o)
 .bss.tx_power_table_entry
                0x00004a9f        0x1 C:\CSR_uEnergy_SDK-2.4.5.13\tools\lib\CSR101x_A05\libgatt_lib_ram.a(patch_halradiotrim.o)
 .bss.__PATCH__ZERO_
                0x00004aa0        0x1 C:\CSR_uEnergy_SDK-2.4.5.13\tools\lib\CSR101x_A05\libgatt_lib_ram.a(patch_pmu.o)
 .bss.enable_lo_offset_adc_update
                0x00004aa1        0x1 C:\CSR_uEnergy_SDK-2.4.5.13\tools\lib\CSR101x_A05\libgatt_lib_ram.a(patch_thermometer.o)
                0x00004aa1                enable_lo_offset_adc_update
 .bss.__PATCH__ZERO_
                0x00004aa2        0x1 C:\CSR_uEnergy_SDK-2.4.5.13\tools\lib\CSR101x_A05\libgatt_lib_ram.a(patch_thermometer.o)
 .bss.__PATCH__ZERO_
                0x00004aa3        0x1 C:\CSR_uEnergy_SDK-2.4.5.13\tools\lib\CSR101x_A05\libgatt_lib_ram.a(patch_updates.o)
 .bss.shared_data_location
                0x00004aa4        0x1 C:\CSR_uEnergy_SDK-2.4.5.13\tools\lib\otau\libotau.a(csr_ota.o)
 COMMON         0x00004aa5        0x1 depend_Release_CSR101x_A05\uart_interface.o
                0x00004aa5                g_partial_buffer_timer_tid
 COMMON         0x00004aa6       0x23 depend_Release_CSR101x_A05\serial_server.o
                0x00004aa6                tim_tid
                0x00004aa7                mode
                0x00004aa8                io_led
                0x00004aa9                Chg
                0x00004aaa                tim_tidf
                0x00004aab                tim_tid1
                0x00004aac                g_app_data
                0x00004ac8                Adp
 COMMON         0x00004ac9     0x4000 depend_Release_CSR101x_A05\byte_queue.o
                0x00004ac9                g_recv_queue
                0x00006ac9                g_send_queue
 COMMON         0x00008ac9        0x1 C:\CSR_uEnergy_SDK-2.4.5.13\tools\lib\CSR101x_A05\libgatt_lib_ram.a(sm_pair_auth.o)
                0x00008ac9                pairing_req_instance
 COMMON         0x00008aca        0x2 C:\CSR_uEnergy_SDK-2.4.5.13\tools\lib\CSR101x_A05\libgatt_lib_ram.a(patch_sm.o)
                0x00008aca                sm_long_term_key_ind
                0x00008acb                sm_pairing_auth_ind
 COMMON         0x00008acc        0x1 C:\CSR_uEnergy_SDK-2.4.5.13\tools\lib\CSR101x_A05\libgatt_lib_ram.a(patch_george.o)
                0x00008acc                enable_lowduty_directed_adv
 COMMON         0x00008acd        0x3 C:\CSR_uEnergy_SDK-2.4.5.13\tools\lib\CSR101x_A05\libgatt_lib_ram.a(patch_george_ll.o)
                0x00008acd                george_earliest_transmit_offset
                0x00008ad0                DATA_BSS_APP_END = .
                0x000040c0                BSS_APP_SIZE = (DATA_BSS_APP_END - DATA_BSS_APP_START)

.data           0x00008ad0      0x14f
                0x00008ad0                DATA_DATA_START = .
 *(.data)
 *(.data.*)
 .data.gattDatabase
                0x00008ad0       0xfd depend_Release_CSR101x_A05\app_gatt_db.o
                0x00008ad0                gattDatabase
 .data.g_last_notification_success
                0x00008bcd        0x1 depend_Release_CSR101x_A05\uart_interface.o
                0x00008bcd                g_last_notification_success
 .data.w_int    0x00008bce        0x1 depend_Release_CSR101x_A05\serial_server.o
                0x00008bce                w_int
 .data.ir_int   0x00008bcf        0x1 depend_Release_CSR101x_A05\serial_server.o
                0x00008bcf                ir_int
 .data.g_turn_on_led_advert
                0x00008bd0        0x1 depend_Release_CSR101x_A05\serial_server.o
                0x00008bd0                g_turn_on_led_advert
 .data.g_turn_on_led_connect
                0x00008bd1        0x1 depend_Release_CSR101x_A05\serial_server.o
                0x00008bd1                g_turn_on_led_connect
 .data.loop.982.
                0x00008bd2        0x2 depend_Release_CSR101x_A05\vf_pwm.o
 .data.ad_flags
                0x00008bd4        0x1 C:\CSR_uEnergy_SDK-2.4.5.13\tools\lib\CSR101x_A05\libgatt_lib_ram.a(patch_ls_advertising_if.o)
 .data.pending_pdu_acks
                0x00008bd5        0x1 C:\CSR_uEnergy_SDK-2.4.5.13\tools\lib\CSR101x_A05\libgatt_lib_ram.a(patch_george_ll.o)
                0x00008bd5                ___libgatt_lib_db_4622
 .data.tgap_con_param_update
                0x00008bd6        0x1 C:\CSR_uEnergy_SDK-2.4.5.13\tools\lib\CSR101x_A05\libgatt_lib_ram.a(patch_timer.o)
                0x00008bd6                ___libgatt_lib_db_4661
 .data.patch_table_data
                0x00008bd7       0x46 C:\CSR_uEnergy_SDK-2.4.5.13\tools\lib\CSR101x_A05\libgatt_lib_ram.a(sw_patch_ram.o)
                0x00008bd7                ___libgatt_lib_db_4542
 .data.lo_offset_adc_update_temp
                0x00008c1d        0x1 C:\CSR_uEnergy_SDK-2.4.5.13\tools\lib\CSR101x_A05\libgatt_lib_ram.a(patch_thermometer.o)
 .data.xtal_trim_temp
                0x00008c1e        0x1 C:\CSR_uEnergy_SDK-2.4.5.13\tools\lib\CSR101x_A05\libgatt_lib_ram.a(patch_thermometer.o)
                0x00008c1f                DATA_DATA_END = .
                0x0000ef80                . = DATA_PERSIST_START

PERSIST_MEM
 *(PERSIST_MEM)
 *(PERSIST_MEM.*)
                0x0000ef80                DATA_PERSIST_MEM_END = .
                0x00009f84                . = DATA_CSTORE_START

CONFIG_STORE    0x00009f84       0x4b
 *(CONFIG_STORE)
 CONFIG_STORE   0x00009f84       0x4b C:\CSR_uEnergy_SDK-2.4.5.13\tools\lib\CSR101x_A05\libgatt_lib_ram.a(CONFIG_STORE.o)
                0x00009f84                ___libgatt_lib_db_4269
 *(CONFIG_STORE.*)
                0x00009fcf                DATA_CSTORE_END = .
                0x0000004b                CS_SIZE = (DATA_CSTORE_END - DATA_CSTORE_START)
                0x00009fdc                . = ((DATA_RAM_END - PRESERVE_SIZE) - SLT_SIZE)

SLT             0x00009fdc        0x4
                0x00009fdc                SLT_START = .
 *(SLT)
 SLT            0x00009fdc        0x4 C:\CSR_uEnergy_SDK-2.4.5.13\tools\lib\CSR101x_A05\libgatt_lib_ram.a(slut.o)
                0x00009fdc                slut
 *(SLT.*)

.preserved      0x00009fe0        0x0
                0x00009fe0                PRESERVED_START = .
 *(PRES_DATA)
 *(PRES_DATA.*)
                0x00009f84                STACK_END = DATA_CSTORE_START
                0x00009c84                . = ((STACK_END - ISTACK_SIZE) - USTACK_SIZE)

.stack          0x00009c84      0x300
                0x00009c84                STACK_START = .
                0x00009c84                USTACK_START = .
                0x00009e84                USTACK_END = (USTACK_START + USTACK_SIZE)
 *(USTACK)
 *(USTACK.*)
                0x00009e84                . = USTACK_END
 *fill*         0x00009c84      0x400 00
                0x00009e84                ISTACK_START = .
                0x00009f84                ISTACK_END = (ISTACK_START + ISTACK_SIZE)
 *(ISTACK)
 *(ISTACK.*)
                0x00009f84                . = ISTACK_END
 *fill*         0x00009e84      0x200 00
                0x00009c84                ALIGNED_DATA_END = STACK_START
                0x00009950                . = (((ALIGNED_DATA_END - RADIODATA_SIZE) - WHITELIST_SIZE) - RADIOBUFS_SIZE)

.aligned_data   0x00009950      0x334
                0x00009950                ALIGNED_DATA_START = .
                0x00009950                DATA_RADIOBUFS_START = .
 *(RADINITTBL)
                0x00009b00                . = (ALIGNED_DATA_START + RADIOBUFS_SIZE)
 *fill*         0x00009950      0x360 00
                0x00009b00                DATA_WHITELIST_START = .
                0x00009b20                . = (DATA_WHITELIST_START + WHITELIST_SIZE)
 *fill*         0x00009b00       0x40 00
 *(.romradiodata)
 .romradiodata  0x00009b20      0x164 C:\CSR_uEnergy_SDK-2.4.5.13\tools\lib\CSR101x_A05\libgatt_lib_ram.a(.romradiodata.o)
                0x00009b20                DATA_TIMERSTRUCT_START
                0x00009b80                ___libgatt_lib_db_4171
                0x00009b20                ___libgatt_lib_db_4173
                0x00009b80                DATA_RCLUTS_START
                0x00009c84                ALIGN_END_ACTUAL = .
                0x00000001                ASSERT ((DATA_APPDATA_END > DATA_DATA_END), RAM DATA exceeds limit.)
LOAD c:/csr_uenergy_sdk-2.4.5.13/tools/bin/../lib/gcc/xap-local-xap/4.3.4\libgcc.a
OUTPUT(depend_Release_CSR101x_A05\serial_server.elf elf32-xap2)

.debug_abbrev   0x00000000      0xb47
 .debug_abbrev  0x00000000       0x46 depend_Release_CSR101x_A05\app_gatt_db.o
 .debug_abbrev  0x0000008b       0x9e depend_Release_CSR101x_A05\uart_interface.o
 .debug_abbrev  0x000001c7       0xf7 depend_Release_CSR101x_A05\battery_service.o
 .debug_abbrev  0x000003b4       0x5b depend_Release_CSR101x_A05\nvm_access.o
 .debug_abbrev  0x00000469       0xce depend_Release_CSR101x_A05\dev_info_service.o
 .debug_abbrev  0x00000604       0xa5 depend_Release_CSR101x_A05\hw_access.o
 .debug_abbrev  0x0000074e      0x1a6 depend_Release_CSR101x_A05\serial_server.o
 .debug_abbrev  0x00000a9a       0xef depend_Release_CSR101x_A05\serial_gatt.o
 .debug_abbrev  0x00000c78       0xd0 depend_Release_CSR101x_A05\serial_service.o
 .debug_abbrev  0x00000e18       0xcf depend_Release_CSR101x_A05\byte_queue.o
 .debug_abbrev  0x00000fb6      0x100 depend_Release_CSR101x_A05\csr_ota_service.o
 .debug_abbrev  0x000011b5       0xcf depend_Release_CSR101x_A05\gatt_service.o
 .debug_abbrev  0x00001353       0xf3 depend_Release_CSR101x_A05\vf_pwm.o
 .debug_abbrev  0x00001538       0xab depend_Release_CSR101x_A05\i2c_comms.o

.debug_info     0x00000000     0x53c0
 .debug_info    0x00000000       0x5f depend_Release_CSR101x_A05\app_gatt_db.o
 .debug_info    0x000000be      0x11b depend_Release_CSR101x_A05\uart_interface.o
 .debug_info    0x000002f3      0x6d7 depend_Release_CSR101x_A05\battery_service.o
 .debug_info    0x000010a1      0x207 depend_Release_CSR101x_A05\nvm_access.o
 .debug_info    0x000014ae      0x66c depend_Release_CSR101x_A05\dev_info_service.o
 .debug_info    0x00002185      0x197 depend_Release_CSR101x_A05\hw_access.o
 .debug_info    0x000024b3     0x1b03 depend_Release_CSR101x_A05\serial_server.o
 .debug_info    0x00005ab8      0x99f depend_Release_CSR101x_A05\serial_gatt.o
 .debug_info    0x00006df6      0x6d3 depend_Release_CSR101x_A05\serial_service.o
 .debug_info    0x00007b9b      0x217 depend_Release_CSR101x_A05\byte_queue.o
 .debug_info    0x00007fc9      0x7be depend_Release_CSR101x_A05\csr_ota_service.o
 .debug_info    0x00008f45      0x6c5 depend_Release_CSR101x_A05\gatt_service.o
 .debug_info    0x00009cce      0x25d depend_Release_CSR101x_A05\vf_pwm.o
 .debug_info    0x0000a187      0x2fd depend_Release_CSR101x_A05\i2c_comms.o

.debug_line     0x00000000     0x1b5a
 .debug_line    0x00000000       0x59 depend_Release_CSR101x_A05\app_gatt_db.o
 .debug_line    0x000000b1      0x11a depend_Release_CSR101x_A05\uart_interface.o
 .debug_line    0x000002e5      0x17c depend_Release_CSR101x_A05\battery_service.o
 .debug_line    0x000005dc       0xa1 depend_Release_CSR101x_A05\nvm_access.o
 .debug_line    0x0000071e       0xaa depend_Release_CSR101x_A05\dev_info_service.o
 .debug_line    0x00000871      0x15f depend_Release_CSR101x_A05\hw_access.o
 .debug_line    0x00000b2f      0xb1e depend_Release_CSR101x_A05\serial_server.o
 .debug_line    0x0000216a      0x21a depend_Release_CSR101x_A05\serial_gatt.o
 .debug_line    0x0000259d      0x13e depend_Release_CSR101x_A05\serial_service.o
 .debug_line    0x00002818      0x193 depend_Release_CSR101x_A05\byte_queue.o
 .debug_line    0x00002b3d      0x152 depend_Release_CSR101x_A05\csr_ota_service.o
 .debug_line    0x00002de1      0x186 depend_Release_CSR101x_A05\gatt_service.o
 .debug_line    0x000030ed      0x177 depend_Release_CSR101x_A05\vf_pwm.o
 .debug_line    0x000033da      0x16d depend_Release_CSR101x_A05\i2c_comms.o

.debug_frame    0x00000000      0x4f0
 .debug_frame   0x00000000       0x14 depend_Release_CSR101x_A05\app_gatt_db.o
 .debug_frame   0x00000028       0x44 depend_Release_CSR101x_A05\uart_interface.o
 .debug_frame   0x000000b0       0x6c depend_Release_CSR101x_A05\battery_service.o
 .debug_frame   0x00000188       0x2c depend_Release_CSR101x_A05\nvm_access.o
 .debug_frame   0x000001e0       0x1c depend_Release_CSR101x_A05\dev_info_service.o
 .debug_frame   0x00000218       0x54 depend_Release_CSR101x_A05\hw_access.o
 .debug_frame   0x000002c0      0x118 depend_Release_CSR101x_A05\serial_server.o
 .debug_frame   0x000004f0       0x6c depend_Release_CSR101x_A05\serial_gatt.o
 .debug_frame   0x000005c8       0x5c depend_Release_CSR101x_A05\serial_service.o
 .debug_frame   0x00000680       0x80 depend_Release_CSR101x_A05\byte_queue.o
 .debug_frame   0x00000780       0x38 depend_Release_CSR101x_A05\csr_ota_service.o
 .debug_frame   0x000007f0       0x70 depend_Release_CSR101x_A05\gatt_service.o
 .debug_frame   0x000008d0       0x34 depend_Release_CSR101x_A05\vf_pwm.o
 .debug_frame   0x00000938       0x54 depend_Release_CSR101x_A05\i2c_comms.o

.debug_loc      0x00000000      0xd79
 .debug_loc     0x00000000       0x1f depend_Release_CSR101x_A05\app_gatt_db.o
 .debug_loc     0x0000003d       0x5c depend_Release_CSR101x_A05\uart_interface.o
 .debug_loc     0x000000f4      0x10b depend_Release_CSR101x_A05\battery_service.o
 .debug_loc     0x0000030a       0x75 depend_Release_CSR101x_A05\nvm_access.o
 .debug_loc     0x000003f3       0x5b depend_Release_CSR101x_A05\dev_info_service.o
 .debug_loc     0x000004a9       0x8a depend_Release_CSR101x_A05\hw_access.o
 .debug_loc     0x000005bd      0x2cd depend_Release_CSR101x_A05\serial_server.o
 .debug_loc     0x00000b56       0xff depend_Release_CSR101x_A05\serial_gatt.o
 .debug_loc     0x00000d54       0xe0 depend_Release_CSR101x_A05\serial_service.o
 .debug_loc     0x00000f13      0x1d2 depend_Release_CSR101x_A05\byte_queue.o
 .debug_loc     0x000012b6       0xfc depend_Release_CSR101x_A05\csr_ota_service.o
 .debug_loc     0x000014ad      0x105 depend_Release_CSR101x_A05\gatt_service.o
 .debug_loc     0x000016b6       0xf1 depend_Release_CSR101x_A05\vf_pwm.o
 .debug_loc     0x00001897      0x12d depend_Release_CSR101x_A05\i2c_comms.o

.debug_pubnames
                0x00000000      0x56a
 .debug_pubnames
                0x00000000       0x1c depend_Release_CSR101x_A05\app_gatt_db.o
 .debug_pubnames
                0x00000037       0x78 depend_Release_CSR101x_A05\uart_interface.o
 .debug_pubnames
                0x00000127       0x70 depend_Release_CSR101x_A05\battery_service.o
 .debug_pubnames
                0x00000206       0x1f depend_Release_CSR101x_A05\nvm_access.o
 .debug_pubnames
                0x00000243       0x28 depend_Release_CSR101x_A05\dev_info_service.o
 .debug_pubnames
                0x00000293       0x38 depend_Release_CSR101x_A05\hw_access.o
 .debug_pubnames
                0x00000303      0x16a depend_Release_CSR101x_A05\serial_server.o
 .debug_pubnames
                0x000005d6       0x6d depend_Release_CSR101x_A05\serial_gatt.o
 .debug_pubnames
                0x000006b0       0x71 depend_Release_CSR101x_A05\serial_service.o
 .debug_pubnames
                0x00000791       0x73 depend_Release_CSR101x_A05\byte_queue.o
 .debug_pubnames
                0x00000877       0x40 depend_Release_CSR101x_A05\csr_ota_service.o
 .debug_pubnames
                0x000008f7       0x73 depend_Release_CSR101x_A05\gatt_service.o
 .debug_pubnames
                0x000009dd       0x20 depend_Release_CSR101x_A05\vf_pwm.o
 .debug_pubnames
                0x00000a1c       0x5c depend_Release_CSR101x_A05\i2c_comms.o

.debug_aranges  0x00000000      0x258
 .debug_aranges
                0x00000000       0x10 depend_Release_CSR101x_A05\app_gatt_db.o
 .debug_aranges
                0x00000020       0x24 depend_Release_CSR101x_A05\uart_interface.o
 .debug_aranges
                0x00000068       0x30 depend_Release_CSR101x_A05\battery_service.o
 .debug_aranges
                0x000000c8       0x18 depend_Release_CSR101x_A05\nvm_access.o
 .debug_aranges
                0x000000f8       0x14 depend_Release_CSR101x_A05\dev_info_service.o
 .debug_aranges
                0x00000120       0x28 depend_Release_CSR101x_A05\hw_access.o
 .debug_aranges
                0x00000170       0x78 depend_Release_CSR101x_A05\serial_server.o
 .debug_aranges
                0x00000260       0x30 depend_Release_CSR101x_A05\serial_gatt.o
 .debug_aranges
                0x000002c0       0x2c depend_Release_CSR101x_A05\serial_service.o
 .debug_aranges
                0x00000318       0x38 depend_Release_CSR101x_A05\byte_queue.o
 .debug_aranges
                0x00000388       0x20 depend_Release_CSR101x_A05\csr_ota_service.o
 .debug_aranges
                0x000003c8       0x30 depend_Release_CSR101x_A05\gatt_service.o
 .debug_aranges
                0x00000428       0x1c depend_Release_CSR101x_A05\vf_pwm.o
 .debug_aranges
                0x00000460       0x28 depend_Release_CSR101x_A05\i2c_comms.o

.debug_ranges   0x00000000      0x270
 .debug_ranges  0x00000000        0xc depend_Release_CSR101x_A05\app_gatt_db.o
 .debug_ranges  0x00000018       0x20 depend_Release_CSR101x_A05\uart_interface.o
 .debug_ranges  0x00000058       0x2c depend_Release_CSR101x_A05\battery_service.o
 .debug_ranges  0x000000b0       0x14 depend_Release_CSR101x_A05\nvm_access.o
 .debug_ranges  0x000000d8       0x10 depend_Release_CSR101x_A05\dev_info_service.o
 .debug_ranges  0x000000f8       0x24 depend_Release_CSR101x_A05\hw_access.o
 .debug_ranges  0x00000140       0x90 depend_Release_CSR101x_A05\serial_server.o
 .debug_ranges  0x00000260       0x2c depend_Release_CSR101x_A05\serial_gatt.o
 .debug_ranges  0x000002b8       0x28 depend_Release_CSR101x_A05\serial_service.o
 .debug_ranges  0x00000308       0x34 depend_Release_CSR101x_A05\byte_queue.o
 .debug_ranges  0x00000370       0x1c depend_Release_CSR101x_A05\csr_ota_service.o
 .debug_ranges  0x000003a8       0x2c depend_Release_CSR101x_A05\gatt_service.o
 .debug_ranges  0x00000400       0x4c depend_Release_CSR101x_A05\vf_pwm.o
 .debug_ranges  0x00000498       0x24 depend_Release_CSR101x_A05\i2c_comms.o

.debug_str      0x00000000     0x2edf
 .debug_str     0x00000000       0x7b depend_Release_CSR101x_A05\app_gatt_db.o
                                 0x87 (size before relaxing)
 .debug_str     0x000000f5       0x98 depend_Release_CSR101x_A05\uart_interface.o
                                0x10b (size before relaxing)
 .debug_str     0x00000224     0x133b depend_Release_CSR101x_A05\battery_service.o
                               0x13d5 (size before relaxing)
 .debug_str     0x00002899      0x12c depend_Release_CSR101x_A05\nvm_access.o
                                0x5ff (size before relaxing)
 .debug_str     0x00002af1       0x54 depend_Release_CSR101x_A05\dev_info_service.o
                               0x1344 (size before relaxing)
 .debug_str     0x00002b98      0x1f2 depend_Release_CSR101x_A05\hw_access.o
                                0x2de (size before relaxing)
 .debug_str     0x00002f7b      0xff0 depend_Release_CSR101x_A05\serial_server.o
                               0x258c (size before relaxing)
 .debug_str     0x00004f5b      0x38c depend_Release_CSR101x_A05\serial_gatt.o
                               0x1b0e (size before relaxing)
 .debug_str     0x00005673       0x79 depend_Release_CSR101x_A05\serial_service.o
                               0x140c (size before relaxing)
 .debug_str     0x00005765       0x9e depend_Release_CSR101x_A05\byte_queue.o
                                 0xfa (size before relaxing)
 .debug_str     0x000058a1       0xc0 depend_Release_CSR101x_A05\csr_ota_service.o
                               0x14b4 (size before relaxing)
 .debug_str     0x00005a21       0x7b depend_Release_CSR101x_A05\gatt_service.o
                               0x13bb (size before relaxing)
 .debug_str     0x00005b16       0x8f depend_Release_CSR101x_A05\vf_pwm.o
                                0x129 (size before relaxing)
 .debug_str     0x00005c34       0xc5 depend_Release_CSR101x_A05\i2c_comms.o
                                0x782 (size before relaxing)

.comment        0x00000000      0x5ca
 .comment       0x00000000       0x1a depend_Release_CSR101x_A05\app_gatt_db.o
 .comment       0x0000001a       0x1a depend_Release_CSR101x_A05\uart_interface.o
 .comment       0x00000034       0x1a depend_Release_CSR101x_A05\battery_service.o
 .comment       0x0000004e       0x1a depend_Release_CSR101x_A05\nvm_access.o
 .comment       0x00000068       0x1a depend_Release_CSR101x_A05\dev_info_service.o
 .comment       0x00000082       0x1a depend_Release_CSR101x_A05\hw_access.o
 .comment       0x0000009c       0x1a depend_Release_CSR101x_A05\serial_server.o
 .comment       0x000000b6       0x1a depend_Release_CSR101x_A05\serial_gatt.o
 .comment       0x000000d0       0x1a depend_Release_CSR101x_A05\serial_service.o
 .comment       0x000000ea       0x1a depend_Release_CSR101x_A05\byte_queue.o
 .comment       0x00000104       0x1a depend_Release_CSR101x_A05\csr_ota_service.o
 .comment       0x0000011e       0x1a depend_Release_CSR101x_A05\gatt_service.o
 .comment       0x00000138       0x1a depend_Release_CSR101x_A05\vf_pwm.o
 .comment       0x00000152       0x1a depend_Release_CSR101x_A05\i2c_comms.o
 .comment       0x0000016c       0x1a C:\CSR_uEnergy_SDK-2.4.5.13\tools\lib\CSR101x_A05\libgatt_lib_ram.a(patch_ls_app_if.o)
 .comment       0x00000186       0x1a C:\CSR_uEnergy_SDK-2.4.5.13\tools\lib\CSR101x_A05\libgatt_lib_ram.a(patch_ls_advertising_if.o)
 .comment       0x000001a0       0x1a C:\CSR_uEnergy_SDK-2.4.5.13\tools\lib\CSR101x_A05\libgatt_lib_ram.a(gatt_ram.o)
 .comment       0x000001ba       0x1a C:\CSR_uEnergy_SDK-2.4.5.13\tools\lib\CSR101x_A05\libgatt_lib_ram.a(patch_gatt.o)
 .comment       0x000001d4       0x1a C:\CSR_uEnergy_SDK-2.4.5.13\tools\lib\CSR101x_A05\libgatt_lib_ram.a(sm_pair_auth.o)
 .comment       0x000001ee       0x1a C:\CSR_uEnergy_SDK-2.4.5.13\tools\lib\CSR101x_A05\libgatt_lib_ram.a(sm_ram.o)
 .comment       0x00000208       0x1a C:\CSR_uEnergy_SDK-2.4.5.13\tools\lib\CSR101x_A05\libgatt_lib_ram.a(sm_div.o)
 .comment       0x00000222       0x1a C:\CSR_uEnergy_SDK-2.4.5.13\tools\lib\CSR101x_A05\libgatt_lib_ram.a(patch_sm.o)
 .comment       0x0000023c       0x1a C:\CSR_uEnergy_SDK-2.4.5.13\tools\lib\CSR101x_A05\libgatt_lib_ram.a(patch_sm_host_interface.o)
 .comment       0x00000256       0x1a C:\CSR_uEnergy_SDK-2.4.5.13\tools\lib\CSR101x_A05\libgatt_lib_ram.a(patch_george.o)
 .comment       0x00000270       0x1a C:\CSR_uEnergy_SDK-2.4.5.13\tools\lib\CSR101x_A05\libgatt_lib_ram.a(patch_george_ll.o)
 .comment       0x0000028a       0x1a C:\CSR_uEnergy_SDK-2.4.5.13\tools\lib\CSR101x_A05\libgatt_lib_ram.a(patch_dbase.o)
 .comment       0x000002a4       0x1a C:\CSR_uEnergy_SDK-2.4.5.13\tools\lib\CSR101x_A05\libgatt_lib_ram.a(hal_debugbus_state.o)
 .comment       0x000002be       0x1a C:\CSR_uEnergy_SDK-2.4.5.13\tools\lib\CSR101x_A05\libgatt_lib_ram.a(patch_timer.o)
 .comment       0x000002d8       0x1a C:\CSR_uEnergy_SDK-2.4.5.13\tools\lib\CSR101x_A05\libgatt_lib_ram.a(main_ram.o)
 .comment       0x000002f2       0x1a C:\CSR_uEnergy_SDK-2.4.5.13\tools\lib\CSR101x_A05\libgatt_lib_ram.a(hw_patch_install.o)
 .comment       0x0000030c       0x1a C:\CSR_uEnergy_SDK-2.4.5.13\tools\lib\CSR101x_A05\libgatt_lib_ram.a(pio_ctrlr.o)
 .comment       0x00000326       0x1a C:\CSR_uEnergy_SDK-2.4.5.13\tools\lib\CSR101x_A05\libgatt_lib_ram.a(patch_i2c.o)
 .comment       0x00000340       0x1a C:\CSR_uEnergy_SDK-2.4.5.13\tools\lib\CSR101x_A05\libgatt_lib_ram.a(patch_i2c_app_mem_mgr.o)
 .comment       0x0000035a       0x1a C:\CSR_uEnergy_SDK-2.4.5.13\tools\lib\CSR101x_A05\libgatt_lib_ram.a(patch_robs_aio.o)
 .comment       0x00000374       0x1a C:\CSR_uEnergy_SDK-2.4.5.13\tools\lib\CSR101x_A05\libgatt_lib_ram.a(robs_pio_ram.o)
 .comment       0x0000038e       0x1a C:\CSR_uEnergy_SDK-2.4.5.13\tools\lib\CSR101x_A05\libgatt_lib_ram.a(id_ram.o)
 .comment       0x000003a8       0x1a C:\CSR_uEnergy_SDK-2.4.5.13\tools\lib\CSR101x_A05\libgatt_lib_ram.a(patch_adc.o)
 .comment       0x000003c2       0x1a C:\CSR_uEnergy_SDK-2.4.5.13\tools\lib\CSR101x_A05\libgatt_lib_ram.a(slut.o)
 .comment       0x000003dc       0x1a C:\CSR_uEnergy_SDK-2.4.5.13\tools\lib\CSR101x_A05\libgatt_lib_ram.a(sw_patch_ram.o)
 .comment       0x000003f6       0x1a C:\CSR_uEnergy_SDK-2.4.5.13\tools\lib\CSR101x_A05\libgatt_lib_ram.a(patch_ls_l2cap_if.o)
 .comment       0x00000410       0x1a C:\CSR_uEnergy_SDK-2.4.5.13\tools\lib\CSR101x_A05\libgatt_lib_ram.a(patch_l2cap.o)
 .comment       0x0000042a       0x1a C:\CSR_uEnergy_SDK-2.4.5.13\tools\lib\CSR101x_A05\libgatt_lib_ram.a(patch_att_install.o)
 .comment       0x00000444       0x1a C:\CSR_uEnergy_SDK-2.4.5.13\tools\lib\CSR101x_A05\libgatt_lib_ram.a(patch_sm_l2cap.o)
 .comment       0x0000045e       0x1a C:\CSR_uEnergy_SDK-2.4.5.13\tools\lib\CSR101x_A05\libgatt_lib_ram.a(patch_george_adv.o)
 .comment       0x00000478       0x1a C:\CSR_uEnergy_SDK-2.4.5.13\tools\lib\CSR101x_A05\libgatt_lib_ram.a(patch_halradiotrim.o)
 .comment       0x00000492       0x1a C:\CSR_uEnergy_SDK-2.4.5.13\tools\lib\CSR101x_A05\libgatt_lib_ram.a(patch_halradio.o)
 .comment       0x000004ac       0x1a C:\CSR_uEnergy_SDK-2.4.5.13\tools\lib\CSR101x_A05\libgatt_lib_ram.a(patch_sleep.o)
 .comment       0x000004c6       0x1a C:\CSR_uEnergy_SDK-2.4.5.13\tools\lib\CSR101x_A05\libgatt_lib_ram.a(patch_reset.o)
 .comment       0x000004e0       0x1a C:\CSR_uEnergy_SDK-2.4.5.13\tools\lib\CSR101x_A05\libgatt_lib_ram.a(patch_pools.o)
 .comment       0x000004fa       0x1a C:\CSR_uEnergy_SDK-2.4.5.13\tools\lib\CSR101x_A05\libgatt_lib_ram.a(patch_background_loop.o)
 .comment       0x00000514       0x1a C:\CSR_uEnergy_SDK-2.4.5.13\tools\lib\CSR101x_A05\libgatt_lib_ram.a(patch_fault.o)
 .comment       0x0000052e       0x1a C:\CSR_uEnergy_SDK-2.4.5.13\tools\lib\CSR101x_A05\libgatt_lib_ram.a(patch_pmu.o)
 .comment       0x00000548       0x1a C:\CSR_uEnergy_SDK-2.4.5.13\tools\lib\CSR101x_A05\libgatt_lib_ram.a(patch_thermometer.o)
 .comment       0x00000562       0x1a C:\CSR_uEnergy_SDK-2.4.5.13\tools\lib\CSR101x_A05\libgatt_lib_ram.a(patch_updates.o)
 .comment       0x0000057c       0x1a C:\CSR_uEnergy_SDK-2.4.5.13\tools\lib\otau\libotau.a(csr_ota.o)
 .comment       0x00000596       0x1a C:\CSR_uEnergy_SDK-2.4.5.13\tools\lib\otau\libotau.a(i2c_comms.o)
 .comment       0x000005b0       0x1a C:\CSR_uEnergy_SDK-2.4.5.13\tools\lib\otau\libotau.a(crc16.o)
